Component: ARM Compiler 5.06 update 6 (build 750) Tool: armlink [4d35ed]

==============================================================================

Section Cross References

    startup_stm32f103xe.o(RESET) refers to startup_stm32f103xe.o(STACK) for __initial_sp
    startup_stm32f103xe.o(RESET) refers to startup_stm32f103xe.o(.text) for Reset_Handler
    startup_stm32f103xe.o(RESET) refers to stm32f1xx_it.o(i.NMI_Handler) for NMI_Handler
    startup_stm32f103xe.o(RESET) refers to stm32f1xx_it.o(i.HardFault_Handler) for HardFault_Handler
    startup_stm32f103xe.o(RESET) refers to stm32f1xx_it.o(i.MemManage_Handler) for MemManage_Handler
    startup_stm32f103xe.o(RESET) refers to stm32f1xx_it.o(i.BusFault_Handler) for BusFault_Handler
    startup_stm32f103xe.o(RESET) refers to stm32f1xx_it.o(i.UsageFault_Handler) for UsageFault_Handler
    startup_stm32f103xe.o(RESET) refers to stm32f1xx_it.o(i.SVC_Handler) for SVC_Handler
    startup_stm32f103xe.o(RESET) refers to stm32f1xx_it.o(i.DebugMon_Handler) for DebugMon_Handler
    startup_stm32f103xe.o(RESET) refers to stm32f1xx_it.o(i.PendSV_Handler) for PendSV_Handler
    startup_stm32f103xe.o(RESET) refers to stm32f1xx_it.o(i.SysTick_Handler) for SysTick_Handler
    startup_stm32f103xe.o(RESET) refers to stm32f1xx_it.o(i.DMA1_Channel4_IRQHandler) for DMA1_Channel4_IRQHandler
    startup_stm32f103xe.o(RESET) refers to stm32f1xx_it.o(i.DMA1_Channel5_IRQHandler) for DMA1_Channel5_IRQHandler
    startup_stm32f103xe.o(RESET) refers to stm32f1xx_it.o(i.TIM3_IRQHandler) for TIM3_IRQHandler
    startup_stm32f103xe.o(RESET) refers to stm32f1xx_it.o(i.TIM4_IRQHandler) for TIM4_IRQHandler
    startup_stm32f103xe.o(RESET) refers to stm32f1xx_it.o(i.USART1_IRQHandler) for USART1_IRQHandler
    startup_stm32f103xe.o(.text) refers to system_stm32f1xx.o(i.SystemInit) for SystemInit
    startup_stm32f103xe.o(.text) refers to entry.o(.ARM.Collect$$$$00000000) for __main
    sensor.o(i.coffee_time_cap) refers to stm32f1xx_hal_gpio.o(i.HAL_GPIO_ReadPin) for HAL_GPIO_ReadPin
    sensor.o(i.coffee_time_cap) refers to stm32f1xx_hal_tim.o(i.HAL_TIM_Base_Start) for HAL_TIM_Base_Start
    sensor.o(i.coffee_time_cap) refers to stm32f1xx_hal_tim.o(i.HAL_TIM_Base_Stop) for HAL_TIM_Base_Stop
    sensor.o(i.coffee_time_cap) refers to tim.o(.bss) for htim3
    sensor.o(i.coffee_trig_send) refers to stm32f1xx_hal_gpio.o(i.HAL_GPIO_WritePin) for HAL_GPIO_WritePin
    sensor.o(i.coffee_trig_send) refers to main.o(i.HAL_Delay_us) for HAL_Delay_us
    sensor.o(i.distance) refers to dfltui.o(.text) for __aeabi_ui2d
    sensor.o(i.distance) refers to dmul.o(.text) for __aeabi_dmul
    sensor.o(i.distance) refers to d2f.o(.text) for __aeabi_d2f
    sensor.o(i.get_coffee_dist) refers to sensor.o(i.coffee_trig_send) for coffee_trig_send
    sensor.o(i.get_coffee_dist) refers to sensor.o(i.coffee_time_cap) for coffee_time_cap
    sensor.o(i.get_coffee_dist) refers to sensor.o(i.distance) for distance
    sensor.o(i.get_coffee_dist) refers to fadd.o(.text) for __aeabi_fadd
    sensor.o(i.get_coffee_dist) refers to stm32f1xx_hal.o(i.HAL_Delay) for HAL_Delay
    sensor.o(i.get_coffee_dist) refers to fdiv.o(.text) for __aeabi_fdiv
    sensor.o(i.get_milk_dist) refers to sensor.o(i.milk_trig_send) for milk_trig_send
    sensor.o(i.get_milk_dist) refers to sensor.o(i.milk_time_cap) for milk_time_cap
    sensor.o(i.get_milk_dist) refers to sensor.o(i.distance) for distance
    sensor.o(i.get_milk_dist) refers to fadd.o(.text) for __aeabi_fadd
    sensor.o(i.get_milk_dist) refers to stm32f1xx_hal.o(i.HAL_Delay) for HAL_Delay
    sensor.o(i.get_milk_dist) refers to fdiv.o(.text) for __aeabi_fdiv
    sensor.o(i.get_sugar_dist) refers to sensor.o(i.sugar_trig_send) for sugar_trig_send
    sensor.o(i.get_sugar_dist) refers to sensor.o(i.sugar_time_cap) for sugar_time_cap
    sensor.o(i.get_sugar_dist) refers to sensor.o(i.distance) for distance
    sensor.o(i.get_sugar_dist) refers to fadd.o(.text) for __aeabi_fadd
    sensor.o(i.get_sugar_dist) refers to stm32f1xx_hal.o(i.HAL_Delay) for HAL_Delay
    sensor.o(i.get_sugar_dist) refers to fdiv.o(.text) for __aeabi_fdiv
    sensor.o(i.milk_time_cap) refers to stm32f1xx_hal_gpio.o(i.HAL_GPIO_ReadPin) for HAL_GPIO_ReadPin
    sensor.o(i.milk_time_cap) refers to stm32f1xx_hal_tim.o(i.HAL_TIM_Base_Start) for HAL_TIM_Base_Start
    sensor.o(i.milk_time_cap) refers to stm32f1xx_hal_tim.o(i.HAL_TIM_Base_Stop) for HAL_TIM_Base_Stop
    sensor.o(i.milk_time_cap) refers to tim.o(.bss) for htim3
    sensor.o(i.milk_trig_send) refers to stm32f1xx_hal_gpio.o(i.HAL_GPIO_WritePin) for HAL_GPIO_WritePin
    sensor.o(i.milk_trig_send) refers to main.o(i.HAL_Delay_us) for HAL_Delay_us
    sensor.o(i.sugar_time_cap) refers to stm32f1xx_hal_gpio.o(i.HAL_GPIO_ReadPin) for HAL_GPIO_ReadPin
    sensor.o(i.sugar_time_cap) refers to stm32f1xx_hal_tim.o(i.HAL_TIM_Base_Start) for HAL_TIM_Base_Start
[...]
    ..\Core\Src\tim.c                        0x00000000   Number         0  tim.o ABSOLUTE
    ..\Core\Src\usart.c                      0x00000000   Number         0  usart.o ABSOLUTE
    ..\Drivers\STM32F1xx_HAL_Driver\Src\stm32f1xx_hal.c 0x00000000   Number         0  stm32f1xx_hal.o ABSOLUTE
    ..\Drivers\STM32F1xx_HAL_Driver\Src\stm32f1xx_hal_cortex.c 0x00000000   Number         0  stm32f1xx_hal_cortex.o ABSOLUTE
    ..\Drivers\STM32F1xx_HAL_Driver\Src\stm32f1xx_hal_dma.c 0x00000000   Number         0  stm32f1xx_hal_dma.o ABSOLUTE
    ..\Drivers\STM32F1xx_HAL_Driver\Src\stm32f1xx_hal_exti.c 0x00000000   Number         0  stm32f1xx_hal_exti.o ABSOLUTE
    ..\Drivers\STM32F1xx_HAL_Driver\Src\stm32f1xx_hal_flash.c 0x00000000   Number         0  stm32f1xx_hal_flash.o ABSOLUTE
    ..\Drivers\STM32F1xx_HAL_Driver\Src\stm32f1xx_hal_flash_ex.c 0x00000000   Number         0  stm32f1xx_hal_flash_ex.o ABSOLUTE
    ..\Drivers\STM32F1xx_HAL_Driver\Src\stm32f1xx_hal_gpio.c 0x00000000   Number         0  stm32f1xx_hal_gpio.o ABSOLUTE
    ..\Drivers\STM32F1xx_HAL_Driver\Src\stm32f1xx_hal_gpio_ex.c 0x00000000   Number         0  stm32f1xx_hal_gpio_ex.o ABSOLUTE
    ..\Drivers\STM32F1xx_HAL_Driver\Src\stm32f1xx_hal_pwr.c 0x00000000   Number         0  stm32f1xx_hal_pwr.o ABSOLUTE
    ..\Drivers\STM32F1xx_HAL_Driver\Src\stm32f1xx_hal_rcc.c 0x00000000   Number         0  stm32f1xx_hal_rcc.o ABSOLUTE
    ..\Drivers\STM32F1xx_HAL_Driver\Src\stm32f1xx_hal_rcc_ex.c 0x00000000   Number         0  stm32f1xx_hal_rcc_ex.o ABSOLUTE
    ..\Drivers\STM32F1xx_HAL_Driver\Src\stm32f1xx_hal_tim.c 0x00000000   Number         0  stm32f1xx_hal_tim.o ABSOLUTE
    ..\Drivers\STM32F1xx_HAL_Driver\Src\stm32f1xx_hal_tim_ex.c 0x00000000   Number         0  stm32f1xx_hal_tim_ex.o ABSOLUTE
    ..\Drivers\STM32F1xx_HAL_Driver\Src\stm32f1xx_hal_uart.c 0x00000000   Number         0  stm32f1xx_hal_uart.o ABSOLUTE
    ..\\Core\\Src\\connect.c                 0x00000000   Number         0  connect.o ABSOLUTE
    ..\\Core\\Src\\func.c                    0x00000000   Number         0  func.o ABSOLUTE
    ..\\Core\\Src\\sensor.c                  0x00000000   Number         0  sensor.o ABSOLUTE
    ..\\Core\\Src\\sys.c                     0x00000000   Number         0  sys.o ABSOLUTE
    cdcmple.s                                0x00000000   Number         0  cdcmple.o ABSOLUTE
    cdrcmple.s                               0x00000000   Number         0  cdrcmple.o ABSOLUTE
    cfcmple.s                                0x00000000   Number         0  cfcmple.o ABSOLUTE
    dc.s                                     0x00000000   Number         0  dc.o ABSOLUTE
    handlers.s                               0x00000000   Number         0  handlers.o ABSOLUTE
    init.s                                   0x00000000   Number         0  init.o ABSOLUTE
    startup_stm32f103xe.s                    0x00000000   Number         0  startup_stm32f103xe.o ABSOLUTE
    RESET                                    0x08000000   Section      304  startup_stm32f103xe.o(RESET)
    .ARM.Collect$$$$00000000                 0x08000130   Section        0  entry.o(.ARM.Collect$$$$00000000)
    .ARM.Collect$$$$00000001                 0x08000130   Section        4  entry2.o(.ARM.Collect$$$$00000001)
    .ARM.Collect$$$$00000004                 0x08000134   Section        4  entry5.o(.ARM.Collect$$$$00000004)
    .ARM.Collect$$$$00000008                 0x08000138   Section        0  entry7b.o(.ARM.Collect$$$$00000008)
    .ARM.Collect$$$$0000000A                 0x08000138   Section        0  entry8b.o(.ARM.Collect$$$$0000000A)
    .ARM.Collect$$$$0000000B                 0x08000138   Section        8  entry9a.o(.ARM.Collect$$$$0000000B)
    .ARM.Collect$$$$0000000D                 0x08000140   Section        0  entry10a.o(.ARM.Collect$$$$0000000D)
    .ARM.Collect$$$$0000000F                 0x08000140   Section        0  entry11a.o(.ARM.Collect$$$$0000000F)
    .ARM.Collect$$$$00002712                 0x08000140   Section        4  entry2.o(.ARM.Collect$$$$00002712)
    __lit__00000000                          0x08000140   Data           4  entry2.o(.ARM.Collect$$$$00002712)
    .text                                    0x08000144   Section       36  startup_stm32f103xe.o(.text)
    .text                                    0x08000168   Section        0  llushr.o(.text)
    .text                                    0x08000188   Section        0  tolower.o(.text)
    .text                                    0x08000194   Section        0  memcpya.o(.text)
    .text                                    0x080001b8   Section        0  memseta.o(.text)
    .text                                    0x080001dc   Section        0  strlen.o(.text)
    .text                                    0x080001ea   Section        0  strcmp.o(.text)
    .text                                    0x08000206   Section        0  strcpy.o(.text)
    .text                                    0x08000218   Section        0  strncmp.o(.text)
    .text                                    0x08000238   Section        0  __0sscanf.o(.text)
    .text                                    0x08000270   Section        0  scanf_fp.o(.text)
    _fp_value                                0x08000271   Thumb Code   296  scanf_fp.o(.text)
    .text                                    0x080005d0   Section        0  dadd.o(.text)
    .text                                    0x0800071e   Section        0  dmul.o(.text)
    .text                                    0x08000802   Section        0  dscalb.o(.text)
    .text                                    0x08000830   Section        0  dflti.o(.text)
    .text                                    0x08000852   Section        0  dfixi.o(.text)
    .text                                    0x08000890   Section       48  cdcmple.o(.text)
    .text                                    0x080008c0   Section       48  cdrcmple.o(.text)
    .text                                    0x080008f0   Section        0  d2f.o(.text)
    .text                                    0x08000928   Section        0  uidiv.o(.text)
    .text                                    0x08000954   Section        0  uldiv.o(.text)
    .text                                    0x080009b6   Section        0  llshl.o(.text)
    .text                                    0x080009d4   Section        0  llsshr.o(.text)
    .text                                    0x080009f8   Section        0  scanf_char.o(.text)
    _scanf_char_input                        0x080009f9   Thumb Code    12  scanf_char.o(.text)
    .text                                    0x08000a20   Section        0  _sgetc.o(.text)
    .text                                    0x08000a60   Section        0  strtod.o(.text)
    _local_sscanf                            0x08000a61   Thumb Code    54  strtod.o(.text)
    .text                                    0x08000afc   Section        0  iusefp.o(.text)
    .text                                    0x08000afc   Section        0  fepilogue.o(.text)
    .text                                    0x08000b6a   Section        0  depilogue.o(.text)
    .text                                    0x08000c24   Section        0  ddiv.o(.text)
    .text                                    0x08000d02   Section        0  dfltul.o(.text)
    .text                                    0x08000d1a   Section        0  dfixul.o(.text)
    .text                                    0x08000d4c   Section       36  init.o(.text)
    .text                                    0x08000d70   Section        0  isspace_c.o(.text)
    .text                                    0x08000d7c   Section        0  _scanf.o(.text)
    .text                                    0x080010a8   Section        0  ctype_c.o(.text)
    i.AddBuffer                              0x080010d0   Section        0  sys.o(i.AddBuffer)
    i.BusFault_Handler                       0x08001108   Section        0  stm32f1xx_it.o(i.BusFault_Handler)
    i.DMA1_Channel4_IRQHandler               0x0800110c   Section        0  stm32f1xx_it.o(i.DMA1_Channel4_IRQHandler)
    i.DMA1_Channel5_IRQHandler               0x08001118   Section        0  stm32f1xx_it.o(i.DMA1_Channel5_IRQHandler)
    i.DMA_SetConfig                          0x08001124   Section        0  stm32f1xx_hal_dma.o(i.DMA_SetConfig)
    DMA_SetConfig                            0x08001125   Thumb Code    42  stm32f1xx_hal_dma.o(i.DMA_SetConfig)
    i.DebugMon_Handler                       0x0800114e   Section        0  stm32f1xx_it.o(i.DebugMon_Handler)
    i.Error_Handler                          0x08001150   Section        0  main.o(i.Error_Handler)
    i.GetCurrentCfg                          0x08001154   Section        0  sys.o(i.GetCurrentCfg)
    i.HAL_DMA_Abort                          0x0800117c   Section        0  stm32f1xx_hal_dma.o(i.HAL_DMA_Abort)
    i.HAL_DMA_Abort_IT                       0x080011c4   Section        0  stm32f1xx_hal_dma.o(i.HAL_DMA_Abort_IT)
    i.HAL_DMA_IRQHandler                     0x080012f4   Section        0  stm32f1xx_hal_dma.o(i.HAL_DMA_IRQHandler)
    i.HAL_DMA_Init                           0x0800153c   Section        0  stm32f1xx_hal_dma.o(i.HAL_DMA_Init)
    i.HAL_DMA_Start_IT                       0x080015b8   Section        0  stm32f1xx_hal_dma.o(i.HAL_DMA_Start_IT)
    i.HAL_GPIO_Init                          0x08001628   Section        0  stm32f1xx_hal_gpio.o(i.HAL_GPIO_Init)
    i.HAL_GPIO_WritePin                      0x08001820   Section        0  stm32f1xx_hal_gpio.o(i.HAL_GPIO_WritePin)
    i.HAL_GetTick                            0x0800182c   Section        0  stm32f1xx_hal.o(i.HAL_GetTick)
    i.HAL_IncTick                            0x08001838   Section        0  stm32f1xx_hal.o(i.HAL_IncTick)
    i.HAL_Init                               0x08001848   Section        0  stm32f1xx_hal.o(i.HAL_Init)
    i.HAL_InitTick                           0x0800186c   Section        0  stm32f1xx_hal.o(i.HAL_InitTick)
    i.HAL_MspInit                            0x080018ac   Section        0  stm32f1xx_hal_msp.o(i.HAL_MspInit)
    i.HAL_NVIC_EnableIRQ                     0x080018e8   Section        0  stm32f1xx_hal_cortex.o(i.HAL_NVIC_EnableIRQ)
    i.HAL_NVIC_SetPriority                   0x08001904   Section        0  stm32f1xx_hal_cortex.o(i.HAL_NVIC_SetPriority)
    i.HAL_NVIC_SetPriorityGrouping           0x08001944   Section        0  stm32f1xx_hal_cortex.o(i.HAL_NVIC_SetPriorityGrouping)
    i.HAL_RCC_ClockConfig                    0x08001968   Section        0  stm32f1xx_hal_rcc.o(i.HAL_RCC_ClockConfig)
    i.HAL_RCC_GetPCLK1Freq                   0x08001a94   Section        0  stm32f1xx_hal_rcc.o(i.HAL_RCC_GetPCLK1Freq)
    i.HAL_RCC_GetPCLK2Freq                   0x08001ab4   Section        0  stm32f1xx_hal_rcc.o(i.HAL_RCC_GetPCLK2Freq)
    i.HAL_RCC_GetSysClockFreq                0x08001ad4   Section        0  stm32f1xx_hal_rcc.o(i.HAL_RCC_GetSysClockFreq)
    i.HAL_RCC_OscConfig                      0x08001b40   Section        0  stm32f1xx_hal_rcc.o(i.HAL_RCC_OscConfig)
    i.HAL_SYSTICK_Config                     0x08001e60   Section        0  stm32f1xx_hal_cortex.o(i.HAL_SYSTICK_Config)
    i.HAL_TIMEx_BreakCallback                0x08001e88   Section        0  stm32f1xx_hal_tim_ex.o(i.HAL_TIMEx_BreakCallback)
    i.HAL_TIMEx_CommutCallback               0x08001e8a   Section        0  stm32f1xx_hal_tim_ex.o(i.HAL_TIMEx_CommutCallback)
    i.HAL_TIMEx_MasterConfigSynchronization  0x08001e8c   Section        0  stm32f1xx_hal_tim_ex.o(i.HAL_TIMEx_MasterConfigSynchronization)
    i.HAL_TIM_Base_Init                      0x08001f08   Section        0  stm32f1xx_hal_tim.o(i.HAL_TIM_Base_Init)
    i.HAL_TIM_Base_MspInit                   0x08001f64   Section        0  tim.o(i.HAL_TIM_Base_MspInit)
    i.HAL_TIM_ConfigClockSource              0x08001fc8   Section        0  stm32f1xx_hal_tim.o(i.HAL_TIM_ConfigClockSource)
    i.HAL_TIM_IC_CaptureCallback             0x0800209e   Section        0  stm32f1xx_hal_tim.o(i.HAL_TIM_IC_CaptureCallback)
    i.HAL_TIM_IRQHandler                     0x080020a0   Section        0  stm32f1xx_hal_tim.o(i.HAL_TIM_IRQHandler)
    i.HAL_TIM_OC_DelayElapsedCallback        0x08002206   Section        0  stm32f1xx_hal_tim.o(i.HAL_TIM_OC_DelayElapsedCallback)
    i.HAL_TIM_PWM_PulseFinishedCallback      0x08002208   Section        0  stm32f1xx_hal_tim.o(i.HAL_TIM_PWM_PulseFinishedCallback)
    i.HAL_TIM_PeriodElapsedCallback          0x0800220a   Section        0  stm32f1xx_hal_tim.o(i.HAL_TIM_PeriodElapsedCallback)
    i.HAL_TIM_TriggerCallback                0x0800220c   Section        0  stm32f1xx_hal_tim.o(i.HAL_TIM_TriggerCallback)
    i.HAL_UARTEx_RxEventCallback             0x0800220e   Section        0  stm32f1xx_hal_uart.o(i.HAL_UARTEx_RxEventCallback)
    i.HAL_UART_DMAStop                       0x08002210   Section        0  stm32f1xx_hal_uart.o(i.HAL_UART_DMAStop)
    i.HAL_UART_ErrorCallback                 0x08002268   Section        0  stm32f1xx_hal_uart.o(i.HAL_UART_ErrorCallback)
    i.HAL_UART_IRQHandler                    0x0800226c   Section        0  stm32f1xx_hal_uart.o(i.HAL_UART_IRQHandler)
    i.HAL_UART_Init                          0x08002478   Section        0  stm32f1xx_hal_uart.o(i.HAL_UART_Init)
    i.HAL_UART_MspInit                       0x080024dc   Section        0  usart.o(i.HAL_UART_MspInit)
    i.HAL_UART_Receive_DMA                   0x08002648   Section        0  stm32f1xx_hal_uart.o(i.HAL_UART_Receive_DMA)
    i.HAL_UART_RxCpltCallback                0x08002672   Section        0  stm32f1xx_hal_uart.o(i.HAL_UART_RxCpltCallback)
    i.HAL_UART_RxHalfCpltCallback            0x08002674   Section        0  stm32f1xx_hal_uart.o(i.HAL_UART_RxHalfCpltCallback)
    i.HAL_UART_Transmit                      0x08002678   Section        0  stm32f1xx_hal_uart.o(i.HAL_UART_Transmit)
    i.HAL_UART_Transmit_DMA                  0x0800272c   Section        0  stm32f1xx_hal_uart.o(i.HAL_UART_Transmit_DMA)
    i.HAL_UART_TxCpltCallback                0x080027ac   Section        0  stm32f1xx_hal_uart.o(i.HAL_UART_TxCpltCallback)
    i.HAL_UART_TxHalfCpltCallback            0x080027ae   Section        0  stm32f1xx_hal_uart.o(i.HAL_UART_TxHalfCpltCallback)
    i.HardFault_Handler                      0x080027b0   Section        0  stm32f1xx_it.o(i.HardFault_Handler)
    i.MX_DMA_Init                            0x080027b4   Section        0  dma.o(i.MX_DMA_Init)
    i.MX_GPIO_Init                           0x080027f0   Section        0  gpio.o(i.MX_GPIO_Init)
    i.MX_TIM3_Init                           0x080028dc   Section        0  tim.o(i.MX_TIM3_Init)
    i.MX_TIM4_Init                           0x08002944   Section        0  tim.o(i.MX_TIM4_Init)
    i.MX_USART1_UART_Init                    0x080029ac   Section        0  usart.o(i.MX_USART1_UART_Init)
    i.MX_USART2_UART_Init                    0x080029e4   Section        0  usart.o(i.MX_USART2_UART_Init)
    i.MX_USART3_UART_Init                    0x08002a1c   Section        0  usart.o(i.MX_USART3_UART_Init)
    i.MemManage_Handler                      0x08002a54   Section        0  stm32f1xx_it.o(i.MemManage_Handler)
    i.NMI_Handler                            0x08002a56   Section        0  stm32f1xx_it.o(i.NMI_Handler)
    i.PendSV_Handler                         0x08002a58   Section        0  stm32f1xx_it.o(i.PendSV_Handler)
    i.SVC_Handler                            0x08002a5a   Section        0  stm32f1xx_it.o(i.SVC_Handler)
    i.SetCurrentCfg                          0x08002a5c   Section        0  sys.o(i.SetCurrentCfg)
    i.SetNextCfg                             0x08002aa8   Section        0  sys.o(i.SetNextCfg)
    i.SysTick_Handler                        0x08002acc   Section        0  stm32f1xx_it.o(i.SysTick_Handler)
    i.SystemClock_Config                     0x08002ad0   Section        0  main.o(i.SystemClock_Config)
    i.SystemInit                             0x08002b2e   Section        0  system_stm32f1xx.o(i.SystemInit)
    i.TIM3_IRQHandler                        0x08002b30   Section        0  stm32f1xx_it.o(i.TIM3_IRQHandler)
    i.TIM4_IRQHandler                        0x08002b3c   Section        0  stm32f1xx_it.o(i.TIM4_IRQHandler)
    i.TIM_Base_SetConfig                     0x08002b48   Section        0  stm32f1xx_hal_tim.o(i.TIM_Base_SetConfig)
    i.TIM_ETR_SetConfig                      0x08002bd4   Section        0  stm32f1xx_hal_tim.o(i.TIM_ETR_SetConfig)
    i.TIM_ITRx_SetConfig                     0x08002be8   Section        0  stm32f1xx_hal_tim.o(i.TIM_ITRx_SetConfig)
    TIM_ITRx_SetConfig                       0x08002be9   Thumb Code    16  stm32f1xx_hal_tim.o(i.TIM_ITRx_SetConfig)
    i.TIM_TI1_ConfigInputStage               0x08002bf8   Section        0  stm32f1xx_hal_tim.o(i.TIM_TI1_ConfigInputStage)
    TIM_TI1_ConfigInputStage                 0x08002bf9   Thumb Code    34  stm32f1xx_hal_tim.o(i.TIM_TI1_ConfigInputStage)
    i.TIM_TI2_ConfigInputStage               0x08002c1a   Section        0  stm32f1xx_hal_tim.o(i.TIM_TI2_ConfigInputStage)
    TIM_TI2_ConfigInputStage                 0x08002c1b   Thumb Code    36  stm32f1xx_hal_tim.o(i.TIM_TI2_ConfigInputStage)
    i.UART_DMAAbortOnError                   0x08002c3e   Section        0  stm32f1xx_hal_uart.o(i.UART_DMAAbortOnError)
    UART_DMAAbortOnError                     0x08002c3f   Thumb Code    16  stm32f1xx_hal_uart.o(i.UART_DMAAbortOnError)
    i.UART_DMAError                          0x08002c4e   Section        0  stm32f1xx_hal_uart.o(i.UART_DMAError)
    UART_DMAError                            0x08002c4f   Thumb Code    74  stm32f1xx_hal_uart.o(i.UART_DMAError)
    i.UART_DMAReceiveCplt                    0x08002c98   Section        0  stm32f1xx_hal_uart.o(i.UART_DMAReceiveCplt)
    UART_DMAReceiveCplt                      0x08002c99   Thumb Code    90  stm32f1xx_hal_uart.o(i.UART_DMAReceiveCplt)
    i.UART_DMARxHalfCplt                     0x08002cf2   Section        0  stm32f1xx_hal_uart.o(i.UART_DMARxHalfCplt)
    UART_DMARxHalfCplt                       0x08002cf3   Thumb Code    26  stm32f1xx_hal_uart.o(i.UART_DMARxHalfCplt)
    i.UART_DMATransmitCplt                   0x08002d0c   Section        0  stm32f1xx_hal_uart.o(i.UART_DMATransmitCplt)
    UART_DMATransmitCplt                     0x08002d0d   Thumb Code    46  stm32f1xx_hal_uart.o(i.UART_DMATransmitCplt)
    i.UART_DMATxHalfCplt                     0x08002d3a   Section        0  stm32f1xx_hal_uart.o(i.UART_DMATxHalfCplt)
    UART_DMATxHalfCplt                       0x08002d3b   Thumb Code    10  stm32f1xx_hal_uart.o(i.UART_DMATxHalfCplt)
    i.UART_EndRxTransfer                     0x08002d44   Section        0  stm32f1xx_hal_uart.o(i.UART_EndRxTransfer)
    UART_EndRxTransfer                       0x08002d45   Thumb Code    48  stm32f1xx_hal_uart.o(i.UART_EndRxTransfer)
    i.UART_EndTxTransfer                     0x08002d74   Section        0  stm32f1xx_hal_uart.o(i.UART_EndTxTransfer)
    UART_EndTxTransfer                       0x08002d75   Thumb Code    18  stm32f1xx_hal_uart.o(i.UART_EndTxTransfer)
    i.UART_Receive_IT                        0x08002d86   Section        0  stm32f1xx_hal_uart.o(i.UART_Receive_IT)
    UART_Receive_IT                          0x08002d87   Thumb Code   182  stm32f1xx_hal_uart.o(i.UART_Receive_IT)
    i.UART_SetConfig                         0x08002e3c   Section        0  stm32f1xx_hal_uart.o(i.UART_SetConfig)
    UART_SetConfig                           0x08002e3d   Thumb Code   178  stm32f1xx_hal_uart.o(i.UART_SetConfig)
    i.UART_Start_Receive_DMA                 0x08002ef4   Section        0  stm32f1xx_hal_uart.o(i.UART_Start_Receive_DMA)
    i.UART_WaitOnFlagUntilTimeout            0x08002f64   Section        0  stm32f1xx_hal_uart.o(i.UART_WaitOnFlagUntilTimeout)
    UART_WaitOnFlagUntilTimeout              0x08002f65   Thumb Code   100  stm32f1xx_hal_uart.o(i.UART_WaitOnFlagUntilTimeout)
    i.USART1_IRQHandler                      0x08002fc8   Section        0  stm32f1xx_it.o(i.USART1_IRQHandler)
    i.UsageFault_Handler                     0x08003024   Section        0  stm32f1xx_it.o(i.UsageFault_Handler)
    i.__0printf                              0x08003028   Section        0  printfa.o(i.__0printf)
    i.__0sprintf                             0x08003048   Section        0  printfa.o(i.__0sprintf)
    i.__NVIC_SetPriority                     0x08003070   Section        0  stm32f1xx_hal_cortex.o(i.__NVIC_SetPriority)
    __NVIC_SetPriority                       0x08003071   Thumb Code    32  stm32f1xx_hal_cortex.o(i.__NVIC_SetPriority)
    i.__free$realloc                         0x08003090   Section        0  mallocr.o(i.__free$realloc)
    i.__malloc$realloc                       0x080030ec   Section        0  mallocr.o(i.__malloc$realloc)
    i.__scatterload_copy                     0x0800313c   Section       14  handlers.o(i.__scatterload_copy)
    i.__scatterload_null                     0x0800314a   Section        2  handlers.o(i.__scatterload_null)
    i.__scatterload_zeroinit                 0x0800314c   Section       14  handlers.o(i.__scatterload_zeroinit)
    i._fp_digits                             0x0800315c   Section        0  printfa.o(i._fp_digits)
    _fp_digits                               0x0800315d   Thumb Code   366  printfa.o(i._fp_digits)
    i._is_digit                              0x080032e0   Section        0  scanf_fp.o(i._is_digit)
    i._printf_core                           0x080032f0   Section        0  printfa.o(i._printf_core)
    _printf_core                             0x080032f1   Thumb Code  1744  printfa.o(i._printf_core)
    i._printf_post_padding                   0x080039cc   Section        0  printfa.o(i._printf_post_padding)
    _printf_post_padding                     0x080039cd   Thumb Code    36  printfa.o(i._printf_post_padding)
    i._printf_pre_padding                    0x080039f0   Section        0  printfa.o(i._printf_pre_padding)
    _printf_pre_padding                      0x080039f1   Thumb Code    46  printfa.o(i._printf_pre_padding)
    i._sputc                                 0x08003a1e   Section        0  printfa.o(i._sputc)
    _sputc                                   0x08003a1f   Thumb Code    10  printfa.o(i._sputc)
    i.add_item_to_array                      0x08003a28   Section        0  cjson.o(i.add_item_to_array)
    add_item_to_array                        0x08003a29   Thumb Code    42  cjson.o(i.add_item_to_array)
    i.add_item_to_object                     0x08003a52   Section        0  cjson.o(i.add_item_to_object)
    add_item_to_object                       0x08003a53   Thumb Code    90  cjson.o(i.add_item_to_object)
    i.buffer_skip_whitespace                 0x08003aac   Section        0  cjson.o(i.buffer_skip_whitespace)
    buffer_skip_whitespace                   0x08003aad   Thumb Code    48  cjson.o(i.buffer_skip_whitespace)
    i.cJSON_AddItemToObject                  0x08003adc   Section        0  cjson.o(i.cJSON_AddItemToObject)
    i.cJSON_AddNumberToObject                0x08003af0   Section        0  cjson.o(i.cJSON_AddNumberToObject)
    i.cJSON_AddStringToObject                0x08003b24   Section        0  cjson.o(i.cJSON_AddStringToObject)
    i.cJSON_CreateNumber                     0x08003b54   Section        0  cjson.o(i.cJSON_CreateNumber)
    i.cJSON_CreateObject                     0x08003bb4   Section        0  cjson.o(i.cJSON_CreateObject)
    i.cJSON_CreateString                     0x08003bcc   Section        0  cjson.o(i.cJSON_CreateString)
    i.cJSON_Delete                           0x08003bfc   Section        0  cjson.o(i.cJSON_Delete)
    i.cJSON_GetObjectItem                    0x08003c44   Section        0  cjson.o(i.cJSON_GetObjectItem)
    i.cJSON_New_Item                         0x08003c4a   Section        0  cjson.o(i.cJSON_New_Item)
    cJSON_New_Item                           0x08003c4b   Thumb Code    22  cjson.o(i.cJSON_New_Item)
    i.cJSON_Parse                            0x08003c60   Section        0  cjson.o(i.cJSON_Parse)
    i.cJSON_ParseWithLengthOpts              0x08003c68   Section        0  cjson.o(i.cJSON_ParseWithLengthOpts)
    i.cJSON_ParseWithOpts                    0x08003d44   Section        0  cjson.o(i.cJSON_ParseWithOpts)
    i.cJSON_Print                            0x08003d68   Section        0  cjson.o(i.cJSON_Print)
    i.cJSON_strdup                           0x08003d74   Section        0  cjson.o(i.cJSON_strdup)
    cJSON_strdup                             0x08003d75   Thumb Code    40  cjson.o(i.cJSON_strdup)
    i.compare_double                         0x08003d9c   Section        0  cjson.o(i.compare_double)
    compare_double                           0x08003d9d   Thumb Code    88  cjson.o(i.compare_double)
    i.ensure                                 0x08003df4   Section        0  cjson.o(i.ensure)
    ensure                                   0x08003df5   Thumb Code   138  cjson.o(i.ensure)
    i.fputc                                  0x08003e80   Section        0  usart.o(i.fputc)
    i.get_object_item                        0x08003e98   Section        0  cjson.o(i.get_object_item)
    get_object_item                          0x08003e99   Thumb Code   122  cjson.o(i.get_object_item)
    i.internal_alloc                         0x08003f14   Section        0  mallocr.o(i.internal_alloc)
    internal_alloc                           0x08003f15   Thumb Code    76  mallocr.o(i.internal_alloc)
    i.main                                   0x08003f64   Section        0  main.o(i.main)
    i.parse_array                            0x08004030   Section        0  cjson.o(i.parse_array)
    parse_array                              0x08004031   Thumb Code   208  cjson.o(i.parse_array)
    i.parse_hex4                             0x08004100   Section        0  cjson.o(i.parse_hex4)
    parse_hex4                               0x08004101   Thumb Code    64  cjson.o(i.parse_hex4)
    i.parse_msg                              0x08004140   Section        0  connect.o(i.parse_msg)
    i.parse_number                           0x08004248   Section        0  cjson.o(i.parse_number)
    parse_number                             0x08004249   Thumb Code   228  cjson.o(i.parse_number)
    i.parse_object                           0x08004338   Section        0  cjson.o(i.parse_object)
    parse_object                             0x08004339   Thumb Code   266  cjson.o(i.parse_object)
    i.parse_string                           0x08004442   Section        0  cjson.o(i.parse_string)
    parse_string                             0x08004443   Thumb Code   268  cjson.o(i.parse_string)
    i.parse_value                            0x08004550   Section        0  cjson.o(i.parse_value)
    parse_value                              0x08004551   Thumb Code   226  cjson.o(i.parse_value)
    i.print                                  0x0800464c   Section        0  cjson.o(i.print)
    print                                    0x0800464d   Thumb Code   152  cjson.o(i.print)
    i.print_array                            0x080046e4   Section        0  cjson.o(i.print_array)
    print_array                              0x080046e5   Thumb Code   150  cjson.o(i.print_array)
    i.print_number                           0x0800477c   Section        0  cjson.o(i.print_number)
    print_number                             0x0800477d   Thumb Code   236  cjson.o(i.print_number)
    i.print_object                           0x0800488c   Section        0  cjson.o(i.print_object)
    print_object                             0x0800488d   Thumb Code   320  cjson.o(i.print_object)
    i.print_string_ptr                       0x080049cc   Section        0  cjson.o(i.print_string_ptr)
    print_string_ptr                         0x080049cd   Thumb Code   258  cjson.o(i.print_string_ptr)
    i.print_value                            0x08004adc   Section        0  cjson.o(i.print_value)
    print_value                              0x08004add   Thumb Code   182  cjson.o(i.print_value)
    i.realloc                                0x08004bac   Section        0  mallocr.o(i.realloc)
    i.strtod                                 0x08004c18   Section        0  strtod.o(i.strtod)
    i.uart1_start_dma                        0x08004c34   Section        0  connect.o(i.uart1_start_dma)
    i.update_offset                          0x08004c48   Section        0  cjson.o(i.update_offset)
    update_offset                            0x08004c49   Thumb Code    28  cjson.o(i.update_offset)
    i.utf16_literal_to_utf8                  0x08004c64   Section        0  cjson.o(i.utf16_literal_to_utf8)
    utf16_literal_to_utf8                    0x08004c65   Thumb Code   210  cjson.o(i.utf16_literal_to_utf8)
    .constdata                               0x08004d36   Section       16  system_stm32f1xx.o(.constdata)
    .constdata                               0x08004d46   Section        8  system_stm32f1xx.o(.constdata)
    .constdata                               0x08004d4e   Section       64  ctype_c.o(.constdata)
    .data                                    0x20000000   Section        9  sys.o(.data)
    SystemCurrentStatus                      0x20000000   Data           1  sys.o(.data)
    SystemCurrentCfg                         0x20000001   Data           4  sys.o(.data)
    tempCfg                                  0x20000005   Data           4  sys.o(.data)
    .data                                    0x20000009   Section        1  connect.o(.data)
    .data                                    0x2000000c   Section       20  cjson.o(.data)
    global_error                             0x2000000c   Data           8  cjson.o(.data)
    global_hooks                             0x20000014   Data          12  cjson.o(.data)
    .data                                    0x20000020   Section       12  stm32f1xx_hal.o(.data)
    .data                                    0x2000002c   Section        4  system_stm32f1xx.o(.data)
    .data                                    0x20000030   Section        4  stdout.o(.data)
    .data                                    0x20000034   Section        4  mvars.o(.data)
    .data                                    0x20000038   Section        4  mvars.o(.data)
    .bss                                     0x2000003c   Section       24  sys.o(.bss)
    buf                                      0x2000003c   Data          24  sys.o(.bss)
    .bss                                     0x20000054   Section      200  connect.o(.bss)
    .bss                                     0x2000011c   Section      144  tim.o(.bss)
    .bss                                     0x200001ac   Section      340  usart.o(.bss)
    HEAP                                     0x20000300   Section      512  startup_stm32f103xe.o(HEAP)
    STACK                                    0x20000500   Section     1024  startup_stm32f103xe.o(STACK)

    Global Symbols

    Symbol Name                              Value     Ov Type        Size  Object(Section)

    BuildAttributes$$THM_ISAv4$P$D$K$B$S$PE$A:L22UL41UL21$X:L11$S22US41US21$IEEE1$IW$USESV6$~STKCKD$USESV7$~SHL$OTIME$ROPI$IEEEJ$EBA8$MICROLIB$REQ8$PRES8$EABIv2 0x00000000   Number         0  anon$$obj.o ABSOLUTE
    __ARM_use_no_argv                        0x00000000   Number         0  main.o ABSOLUTE
    _printf_a                                0x00000000   Number         0  stubs.o ABSOLUTE
    _printf_c                                0x00000000   Number         0  stubs.o ABSOLUTE
    _printf_charcount                        0x00000000   Number         0  stubs.o ABSOLUTE
    _printf_d                                0x00000000   Number         0  stubs.o ABSOLUTE
    _printf_e                                0x00000000   Number         0  stubs.o ABSOLUTE
    _printf_f                                0x00000000   Number         0  stubs.o ABSOLUTE
    _printf_flags                            0x00000000   Number         0  stubs.o ABSOLUTE
    _printf_fp_dec                           0x00000000   Number         0  stubs.o ABSOLUTE
    _printf_fp_hex                           0x00000000   Number         0  stubs.o ABSOLUTE
    _printf_g                                0x00000000   Number         0  stubs.o ABSOLUTE
    _printf_i                                0x00000000   Number         0  stubs.o ABSOLUTE
    _printf_int_dec                          0x00000000   Number         0  stubs.o ABSOLUTE
    _printf_l                                0x00000000   Number         0  stubs.o ABSOLUTE
    _printf_lc                               0x00000000   Number         0  stubs.o ABSOLUTE
    _printf_ll                               0x00000000   Number         0  stubs.o ABSOLUTE
    _printf_lld                              0x00000000   Number         0  stubs.o ABSOLUTE
    _printf_lli                              0x00000000   Number         0  stubs.o ABSOLUTE
    _printf_llo                              0x00000000   Number         0  stubs.o ABSOLUTE
    _printf_llu                              0x00000000   Number         0  stubs.o ABSOLUTE
    _printf_llx                              0x00000000   Number         0  stubs.o ABSOLUTE
    _printf_longlong_dec                     0x00000000   Number         0  stubs.o ABSOLUTE
    _printf_longlong_hex                     0x00000000   Number         0  stubs.o ABSOLUTE
    _printf_longlong_oct                     0x00000000   Number         0  stubs.o ABSOLUTE
    _printf_ls                               0x00000000   Number         0  stubs.o ABSOLUTE
    _printf_mbtowc                           0x00000000   Number         0  stubs.o ABSOLUTE
    _printf_n                                0x00000000   Number         0  stubs.o ABSOLUTE
    _printf_o                                0x00000000   Number         0  stubs.o ABSOLUTE
    _printf_p                                0x00000000   Number         0  stubs.o ABSOLUTE
    _printf_percent                          0x00000000   Number         0  stubs.o ABSOLUTE
    _printf_pre_padding                      0x00000000   Number         0  stubs.o ABSOLUTE
    _printf_return_value                     0x00000000   Number         0  stubs.o ABSOLUTE
    _printf_s                                0x00000000   Number         0  stubs.o ABSOLUTE
    _printf_sizespec                         0x00000000   Number         0  stubs.o ABSOLUTE
    _printf_str                              0x00000000   Number         0  stubs.o ABSOLUTE
    _printf_truncate_signed                  0x00000000   Number         0  stubs.o ABSOLUTE
    _printf_truncate_unsigned                0x00000000   Number         0  stubs.o ABSOLUTE
    _printf_u                                0x00000000   Number         0  stubs.o ABSOLUTE
    _printf_wc                               0x00000000   Number         0  stubs.o ABSOLUTE
    _printf_wctomb                           0x00000000   Number         0  stubs.o ABSOLUTE
    _printf_widthprec                        0x00000000   Number         0  stubs.o ABSOLUTE
    _printf_x                                0x00000000   Number         0  stubs.o ABSOLUTE
    __cpp_initialize__aeabi_                  - Undefined Weak Reference
    __cxa_finalize                            - Undefined Weak Reference
    __decompress                              - Undefined Weak Reference
    _clock_init                               - Undefined Weak Reference
    _microlib_exit                            - Undefined Weak Reference
    _scanf_int                                - Undefined Weak Reference
    _scanf_longlong                           - Undefined Weak Reference
    _scanf_string                             - Undefined Weak Reference
    __Vectors_Size                           0x00000130   Number         0  startup_stm32f103xe.o ABSOLUTE
    __Vectors                                0x08000000   Data           4  startup_stm32f103xe.o(RESET)
    __Vectors_End                            0x08000130   Data           0  startup_stm32f103xe.o(RESET)
    __main                                   0x08000131   Thumb Code     0  entry.o(.ARM.Collect$$$$00000000)
    _main_stk                                0x08000131   Thumb Code     0  entry2.o(.ARM.Collect$$$$00000001)
    _main_scatterload                        0x08000135   Thumb Code     0  entry5.o(.ARM.Collect$$$$00000004)
    __main_after_scatterload                 0x08000139   Thumb Code     0  entry5.o(.ARM.Collect$$$$00000004)
    _main_clock                              0x08000139   Thumb Code     0  entry7b.o(.ARM.Collect$$$$00000008)
    _main_cpp_init                           0x08000139   Thumb Code     0  entry8b.o(.ARM.Collect$$$$0000000A)
    _main_init                               0x08000139   Thumb Code     0  entry9a.o(.ARM.Collect$$$$0000000B)
    __rt_final_cpp                           0x08000141   Thumb Code     0  entry10a.o(.ARM.Collect$$$$0000000D)
    __rt_final_exit                          0x08000141   Thumb Code     0  entry11a.o(.ARM.Collect$$$$0000000F)
    Reset_Handler                            0x08000145   Thumb Code     8  startup_stm32f103xe.o(.text)
    ADC1_2_IRQHandler                        0x0800015f   Thumb Code     0  startup_stm32f103xe.o(.text)
    ADC3_IRQHandler                          0x0800015f   Thumb Code     0  startup_stm32f103xe.o(.text)
    CAN1_RX1_IRQHandler                      0x0800015f   Thumb Code     0  startup_stm32f103xe.o(.text)
    CAN1_SCE_IRQHandler                      0x0800015f   Thumb Code     0  startup_stm32f103xe.o(.text)
    DMA1_Channel1_IRQHandler                 0x0800015f   Thumb Code     0  startup_stm32f103xe.o(.text)
    DMA1_Channel2_IRQHandler                 0x0800015f   Thumb Code     0  startup_stm32f103xe.o(.text)
    DMA1_Channel3_IRQHandler                 0x0800015f   Thumb Code     0  startup_stm32f103xe.o(.text)
    DMA1_Channel6_IRQHandler                 0x0800015f   Thumb Code     0  startup_stm32f103xe.o(.text)
    DMA1_Channel7_IRQHandler                 0x0800015f   Thumb Code     0  startup_stm32f103xe.o(.text)
    DMA2_Channel1_IRQHandler                 0x0800015f   Thumb Code     0  startup_stm32f103xe.o(.text)
    DMA2_Channel2_IRQHandler                 0x0800015f   Thumb Code     0  startup_stm32f103xe.o(.text)
    DMA2_Channel3_IRQHandler                 0x0800015f   Thumb Code     0  startup_stm32f103xe.o(.text)
    DMA2_Channel4_5_IRQHandler               0x0800015f   Thumb Code     0  startup_stm32f103xe.o(.text)
    EXTI0_IRQHandler                         0x0800015f   Thumb Code     0  startup_stm32f103xe.o(.text)
    EXTI15_10_IRQHandler                     0x0800015f   Thumb Code     0  startup_stm32f103xe.o(.text)
    EXTI1_IRQHandler                         0x0800015f   Thumb Code     0  startup_stm32f103xe.o(.text)
    EXTI2_IRQHandler                         0x0800015f   Thumb Code     0  startup_stm32f103xe.o(.text)
    EXTI3_IRQHandler                         0x0800015f   Thumb Code     0  startup_stm32f103xe.o(.text)
    EXTI4_IRQHandler                         0x0800015f   Thumb Code     0  startup_stm32f103xe.o(.text)
    EXTI9_5_IRQHandler                       0x0800015f   Thumb Code     0  startup_stm32f103xe.o(.text)
    FLASH_IRQHandler                         0x0800015f   Thumb Code     0  startup_stm32f103xe.o(.text)
    FSMC_IRQHandler                          0x0800015f   Thumb Code     0  startup_stm32f103xe.o(.text)
    I2C1_ER_IRQHandler                       0x0800015f   Thumb Code     0  startup_stm32f103xe.o(.text)
    I2C1_EV_IRQHandler                       0x0800015f   Thumb Code     0  startup_stm32f103xe.o(.text)
    I2C2_ER_IRQHandler                       0x0800015f   Thumb Code     0  startup_stm32f103xe.o(.text)
    I2C2_EV_IRQHandler                       0x0800015f   Thumb Code     0  startup_stm32f103xe.o(.text)
    PVD_IRQHandler                           0x0800015f   Thumb Code     0  startup_stm32f103xe.o(.text)
    RCC_IRQHandler                           0x0800015f   Thumb Code     0  startup_stm32f103xe.o(.text)
    RTC_Alarm_IRQHandler                     0x0800015f   Thumb Code     0  startup_stm32f103xe.o(.text)
    RTC_IRQHandler                           0x0800015f   Thumb Code     0  startup_stm32f103xe.o(.text)
    SDIO_IRQHandler                          0x0800015f   Thumb Code     0  startup_stm32f103xe.o(.text)
    SPI1_IRQHandler                          0x0800015f   Thumb Code     0  startup_stm32f103xe.o(.text)
    SPI2_IRQHandler                          0x0800015f   Thumb Code     0  startup_stm32f103xe.o(.text)
    SPI3_IRQHandler                          0x0800015f   Thumb Code     0  startup_stm32f103xe.o(.text)
    TAMPER_IRQHandler                        0x0800015f   Thumb Code     0  startup_stm32f103xe.o(.text)
    TIM1_BRK_IRQHandler                      0x0800015f   Thumb Code     0  startup_stm32f103xe.o(.text)
    TIM1_CC_IRQHandler                       0x0800015f   Thumb Code     0  startup_stm32f103xe.o(.text)
    TIM1_TRG_COM_IRQHandler                  0x0800015f   Thumb Code     0  startup_stm32f103xe.o(.text)
    TIM1_UP_IRQHandler                       0x0800015f   Thumb Code     0  startup_stm32f103xe.o(.text)
    TIM2_IRQHandler                          0x0800015f   Thumb Code     0  startup_stm32f103xe.o(.text)
    TIM5_IRQHandler                          0x0800015f   Thumb Code     0  startup_stm32f103xe.o(.text)
    TIM6_IRQHandler                          0x0800015f   Thumb Code     0  startup_stm32f103xe.o(.text)
    TIM7_IRQHandler                          0x0800015f   Thumb Code     0  startup_stm32f103xe.o(.text)
    TIM8_BRK_IRQHandler                      0x0800015f   Thumb Code     0  startup_stm32f103xe.o(.text)
    TIM8_CC_IRQHandler                       0x0800015f   Thumb Code     0  startup_stm32f103xe.o(.text)
    TIM8_TRG_COM_IRQHandler                  0x0800015f   Thumb Code     0  startup_stm32f103xe.o(.text)
    TIM8_UP_IRQHandler                       0x0800015f   Thumb Code     0  startup_stm32f103xe.o(.text)
    UART4_IRQHandler                         0x0800015f   Thumb Code     0  startup_stm32f103xe.o(.text)
    UART5_IRQHandler                         0x0800015f   Thumb Code     0  startup_stm32f103xe.o(.text)
    USART2_IRQHandler                        0x0800015f   Thumb Code     0  startup_stm32f103xe.o(.text)
    USART3_IRQHandler                        0x0800015f   Thumb Code     0  startup_stm32f103xe.o(.text)
    USBWakeUp_IRQHandler                     0x0800015f   Thumb Code     0  startup_stm32f103xe.o(.text)
    USB_HP_CAN1_TX_IRQHandler                0x0800015f   Thumb Code     0  startup_stm32f103xe.o(.text)
    USB_LP_CAN1_RX0_IRQHandler               0x0800015f   Thumb Code     0  startup_stm32f103xe.o(.text)
    WWDG_IRQHandler                          0x0800015f   Thumb Code     0  startup_stm32f103xe.o(.text)
    __aeabi_llsr                             0x08000169   Thumb Code    32  llushr.o(.text)
    _ll_ushift_r                             0x08000169   Thumb Code     0  llushr.o(.text)
    tolower                                  0x08000189   Thumb Code    12  tolower.o(.text)
    __aeabi_memcpy                           0x08000195   Thumb Code    36  memcpya.o(.text)
    __aeabi_memcpy4                          0x08000195   Thumb Code     0  memcpya.o(.text)
    __aeabi_memcpy8                          0x08000195   Thumb Code     0  memcpya.o(.text)
    __aeabi_memset                           0x080001b9   Thumb Code    14  memseta.o(.text)
    __aeabi_memset4                          0x080001b9   Thumb Code     0  memseta.o(.text)
    __aeabi_memset8                          0x080001b9   Thumb Code     0  memseta.o(.text)
    __aeabi_memclr                           0x080001c7   Thumb Code     4  memseta.o(.text)
    __aeabi_memclr4                          0x080001c7   Thumb Code     0  memseta.o(.text)
    __aeabi_memclr8                          0x080001c7   Thumb Code     0  memseta.o(.text)
    _memset$wrapper                          0x080001cb   Thumb Code    18  memseta.o(.text)
    strlen                                   0x080001dd   Thumb Code    14  strlen.o(.text)
    strcmp                                   0x080001eb   Thumb Code    28  strcmp.o(.text)
    strcpy                                   0x08000207   Thumb Code    18  strcpy.o(.text)
    strncmp                                  0x08000219   Thumb Code    30  strncmp.o(.text)
    __0sscanf                                0x08000239   Thumb Code    48  __0sscanf.o(.text)
    _scanf_real                              0x08000399   Thumb Code     0  scanf_fp.o(.text)
    _scanf_really_real                       0x08000399   Thumb Code   556  scanf_fp.o(.text)
    __aeabi_dadd                             0x080005d1   Thumb Code   322  dadd.o(.text)
    __aeabi_dsub                             0x08000713   Thumb Code     6  dadd.o(.text)
    __aeabi_drsub                            0x08000719   Thumb Code     6  dadd.o(.text)
    __aeabi_dmul                             0x0800071f   Thumb Code   228  dmul.o(.text)
    __ARM_scalbn                             0x08000803   Thumb Code    46  dscalb.o(.text)
    scalbn                                   0x08000803   Thumb Code     0  dscalb.o(.text)
    __aeabi_i2d                              0x08000831   Thumb Code    34  dflti.o(.text)
    __aeabi_d2iz                             0x08000853   Thumb Code    62  dfixi.o(.text)
    __aeabi_cdcmpeq                          0x08000891   Thumb Code     0  cdcmple.o(.text)
    __aeabi_cdcmple                          0x08000891   Thumb Code    48  cdcmple.o(.text)
    __aeabi_cdrcmple                         0x080008c1   Thumb Code    48  cdrcmple.o(.text)
    __aeabi_d2f                              0x080008f1   Thumb Code    56  d2f.o(.text)
    __aeabi_uidiv                            0x08000929   Thumb Code     0  uidiv.o(.text)
    __aeabi_uidivmod                         0x08000929   Thumb Code    44  uidiv.o(.text)
    __aeabi_uldivmod                         0x08000955   Thumb Code    98  uldiv.o(.text)
    __aeabi_llsl                             0x080009b7   Thumb Code    30  llshl.o(.text)
    _ll_shift_l                              0x080009b7   Thumb Code     0  llshl.o(.text)
    __aeabi_lasr                             0x080009d5   Thumb Code    36  llsshr.o(.text)
    _ll_sshift_r                             0x080009d5   Thumb Code     0  llsshr.o(.text)
    __vfscanf_char                           0x08000a05   Thumb Code    20  scanf_char.o(.text)
    _sgetc                                   0x08000a21   Thumb Code    30  _sgetc.o(.text)
    _sbackspace                              0x08000a3f   Thumb Code    34  _sgetc.o(.text)
    __strtod_int                             0x08000a97   Thumb Code    90  strtod.o(.text)
    __I$use$fp                               0x08000afd   Thumb Code     0  iusefp.o(.text)
    _float_round                             0x08000afd   Thumb Code    18  fepilogue.o(.text)
    _float_epilogue                          0x08000b0f   Thumb Code    92  fepilogue.o(.text)
    _double_round                            0x08000b6b   Thumb Code    30  depilogue.o(.text)
    _double_epilogue                         0x08000b89   Thumb Code   156  depilogue.o(.text)
    __aeabi_ddiv                             0x08000c25   Thumb Code   222  ddiv.o(.text)
    __aeabi_ul2d                             0x08000d03   Thumb Code    24  dfltul.o(.text)
    __aeabi_d2ulz                            0x08000d1b   Thumb Code    48  dfixul.o(.text)
    __scatterload                            0x08000d4d   Thumb Code    28  init.o(.text)
    __scatterload_rt2                        0x08000d4d   Thumb Code     0  init.o(.text)
    isspace                                  0x08000d71   Thumb Code    10  isspace_c.o(.text)
    __vfscanf                                0x08000d7d   Thumb Code   808  _scanf.o(.text)
    __ctype_lookup                           0x080010a9   Thumb Code    34  ctype_c.o(.text)
    AddBuffer                                0x080010d1   Thumb Code    34  sys.o(i.AddBuffer)
    BusFault_Handler                         0x08001109   Thumb Code     2  stm32f1xx_it.o(i.BusFault_Handler)
    DMA1_Channel4_IRQHandler                 0x0800110d   Thumb Code     6  stm32f1xx_it.o(i.DMA1_Channel4_IRQHandler)
    DMA1_Channel5_IRQHandler                 0x08001119   Thumb Code     6  stm32f1xx_it.o(i.DMA1_Channel5_IRQHandler)
    DebugMon_Handler                         0x0800114f   Thumb Code     2  stm32f1xx_it.o(i.DebugMon_Handler)
    Error_Handler                            0x08001151   Thumb Code     4  main.o(i.Error_Handler)
    GetCurrentCfg                            0x08001155   Thumb Code    36  sys.o(i.GetCurrentCfg)
    HAL_DMA_Abort                            0x0800117d   Thumb Code    70  stm32f1xx_hal_dma.o(i.HAL_DMA_Abort)
    HAL_DMA_Abort_IT                         0x080011c5   Thumb Code   296  stm32f1xx_hal_dma.o(i.HAL_DMA_Abort_IT)
    HAL_DMA_IRQHandler                       0x080012f5   Thumb Code   552  stm32f1xx_hal_dma.o(i.HAL_DMA_IRQHandler)
    HAL_DMA_Init                             0x0800153d   Thumb Code   112  stm32f1xx_hal_dma.o(i.HAL_DMA_Init)
    HAL_DMA_Start_IT                         0x080015b9   Thumb Code   112  stm32f1xx_hal_dma.o(i.HAL_DMA_Start_IT)
    HAL_GPIO_Init                            0x08001629   Thumb Code   462  stm32f1xx_hal_gpio.o(i.HAL_GPIO_Init)
    HAL_GPIO_WritePin                        0x08001821   Thumb Code    10  stm32f1xx_hal_gpio.o(i.HAL_GPIO_WritePin)
    HAL_GetTick                              0x0800182d   Thumb Code     6  stm32f1xx_hal.o(i.HAL_GetTick)
    HAL_IncTick                              0x08001839   Thumb Code    12  stm32f1xx_hal.o(i.HAL_IncTick)
    HAL_Init                                 0x08001849   Thumb Code    32  stm32f1xx_hal.o(i.HAL_Init)
    HAL_InitTick                             0x0800186d   Thumb Code    54  stm32f1xx_hal.o(i.HAL_InitTick)
    HAL_MspInit                              0x080018ad   Thumb Code    52  stm32f1xx_hal_msp.o(i.HAL_MspInit)
    HAL_NVIC_EnableIRQ                       0x080018e9   Thumb Code    26  stm32f1xx_hal_cortex.o(i.HAL_NVIC_EnableIRQ)
    HAL_NVIC_SetPriority                     0x08001905   Thumb Code    60  stm32f1xx_hal_cortex.o(i.HAL_NVIC_SetPriority)
    HAL_NVIC_SetPriorityGrouping             0x08001945   Thumb Code    26  stm32f1xx_hal_cortex.o(i.HAL_NVIC_SetPriorityGrouping)
    HAL_RCC_ClockConfig                      0x08001969   Thumb Code   280  stm32f1xx_hal_rcc.o(i.HAL_RCC_ClockConfig)
    HAL_RCC_GetPCLK1Freq                     0x08001a95   Thumb Code    20  stm32f1xx_hal_rcc.o(i.HAL_RCC_GetPCLK1Freq)
    HAL_RCC_GetPCLK2Freq                     0x08001ab5   Thumb Code    20  stm32f1xx_hal_rcc.o(i.HAL_RCC_GetPCLK2Freq)
    HAL_RCC_GetSysClockFreq                  0x08001ad5   Thumb Code    74  stm32f1xx_hal_rcc.o(i.HAL_RCC_GetSysClockFreq)
    HAL_RCC_OscConfig                        0x08001b41   Thumb Code   778  stm32f1xx_hal_rcc.o(i.HAL_RCC_OscConfig)
    HAL_SYSTICK_Config                       0x08001e61   Thumb Code    40  stm32f1xx_hal_cortex.o(i.HAL_SYSTICK_Config)
    HAL_TIMEx_BreakCallback                  0x08001e89   Thumb Code     2  stm32f1xx_hal_tim_ex.o(i.HAL_TIMEx_BreakCallback)
    HAL_TIMEx_CommutCallback                 0x08001e8b   Thumb Code     2  stm32f1xx_hal_tim_ex.o(i.HAL_TIMEx_CommutCallback)
    HAL_TIMEx_MasterConfigSynchronization    0x08001e8d   Thumb Code   104  stm32f1xx_hal_tim_ex.o(i.HAL_TIMEx_MasterConfigSynchronization)
    HAL_TIM_Base_Init                        0x08001f09   Thumb Code    90  stm32f1xx_hal_tim.o(i.HAL_TIM_Base_Init)
    HAL_TIM_Base_MspInit                     0x08001f65   Thumb Code    86  tim.o(i.HAL_TIM_Base_MspInit)
    HAL_TIM_ConfigClockSource                0x08001fc9   Thumb Code   214  stm32f1xx_hal_tim.o(i.HAL_TIM_ConfigClockSource)
    HAL_TIM_IC_CaptureCallback               0x0800209f   Thumb Code     2  stm32f1xx_hal_tim.o(i.HAL_TIM_IC_CaptureCallback)
    HAL_TIM_IRQHandler                       0x080020a1   Thumb Code   358  stm32f1xx_hal_tim.o(i.HAL_TIM_IRQHandler)
    HAL_TIM_OC_DelayElapsedCallback          0x08002207   Thumb Code     2  stm32f1xx_hal_tim.o(i.HAL_TIM_OC_DelayElapsedCallback)
    HAL_TIM_PWM_PulseFinishedCallback        0x08002209   Thumb Code     2  stm32f1xx_hal_tim.o(i.HAL_TIM_PWM_PulseFinishedCallback)
    HAL_TIM_PeriodElapsedCallback            0x0800220b   Thumb Code     2  stm32f1xx_hal_tim.o(i.HAL_TIM_PeriodElapsedCallback)
    HAL_TIM_TriggerCallback                  0x0800220d   Thumb Code     2  stm32f1xx_hal_tim.o(i.HAL_TIM_TriggerCallback)
    HAL_UARTEx_RxEventCallback               0x0800220f   Thumb Code     2  stm32f1xx_hal_uart.o(i.HAL_UARTEx_RxEventCallback)
    HAL_UART_DMAStop                         0x08002211   Thumb Code    88  stm32f1xx_hal_uart.o(i.HAL_UART_DMAStop)
    HAL_UART_ErrorCallback                   0x08002269   Thumb Code     2  stm32f1xx_hal_uart.o(i.HAL_UART_ErrorCallback)
    HAL_UART_IRQHandler                      0x0800226d   Thumb Code   520  stm32f1xx_hal_uart.o(i.HAL_UART_IRQHandler)
    HAL_UART_Init                            0x08002479   Thumb Code    98  stm32f1xx_hal_uart.o(i.HAL_UART_Init)
    HAL_UART_MspInit                         0x080024dd   Thumb Code   330  usart.o(i.HAL_UART_MspInit)
    HAL_UART_Receive_DMA                     0x08002649   Thumb Code    42  stm32f1xx_hal_uart.o(i.HAL_UART_Receive_DMA)
    HAL_UART_RxCpltCallback                  0x08002673   Thumb Code     2  stm32f1xx_hal_uart.o(i.HAL_UART_RxCpltCallback)
    HAL_UART_RxHalfCpltCallback              0x08002675   Thumb Code     2  stm32f1xx_hal_uart.o(i.HAL_UART_RxHalfCpltCallback)
    HAL_UART_Transmit                        0x08002679   Thumb Code   178  stm32f1xx_hal_uart.o(i.HAL_UART_Transmit)
    HAL_UART_Transmit_DMA                    0x0800272d   Thumb Code   114  stm32f1xx_hal_uart.o(i.HAL_UART_Transmit_DMA)
    HAL_UART_TxCpltCallback                  0x080027ad   Thumb Code     2  stm32f1xx_hal_uart.o(i.HAL_UART_TxCpltCallback)
    HAL_UART_TxHalfCpltCallback              0x080027af   Thumb Code     2  stm32f1xx_hal_uart.o(i.HAL_UART_TxHalfCpltCallback)
    HardFault_Handler                        0x080027b1   Thumb Code     2  stm32f1xx_it.o(i.HardFault_Handler)
    MX_DMA_Init                              0x080027b5   Thumb Code    56  dma.o(i.MX_DMA_Init)
    MX_GPIO_Init                             0x080027f1   Thumb Code   218  gpio.o(i.MX_GPIO_Init)
    MX_TIM3_Init                             0x080028dd   Thumb Code    96  tim.o(i.MX_TIM3_Init)
    MX_TIM4_Init                             0x08002945   Thumb Code    96  tim.o(i.MX_TIM4_Init)
    MX_USART1_UART_Init                      0x080029ad   Thumb Code    48  usart.o(i.MX_USART1_UART_Init)
    MX_USART2_UART_Init                      0x080029e5   Thumb Code    48  usart.o(i.MX_USART2_UART_Init)
    MX_USART3_UART_Init                      0x08002a1d   Thumb Code    48  usart.o(i.MX_USART3_UART_Init)
    MemManage_Handler                        0x08002a55   Thumb Code     2  stm32f1xx_it.o(i.MemManage_Handler)
    NMI_Handler                              0x08002a57   Thumb Code     2  stm32f1xx_it.o(i.NMI_Handler)
    PendSV_Handler                           0x08002a59   Thumb Code     2  stm32f1xx_it.o(i.PendSV_Handler)
    SVC_Handler                              0x08002a5b   Thumb Code     2  stm32f1xx_it.o(i.SVC_Handler)
    SetCurrentCfg                            0x08002a5d   Thumb Code    54  sys.o(i.SetCurrentCfg)
    SetNextCfg                               0x08002aa9   Thumb Code    32  sys.o(i.SetNextCfg)
    SysTick_Handler                          0x08002acd   Thumb Code     4  stm32f1xx_it.o(i.SysTick_Handler)
    SystemClock_Config                       0x08002ad1   Thumb Code    94  main.o(i.SystemClock_Config)
    SystemInit                               0x08002b2f   Thumb Code     2  system_stm32f1xx.o(i.SystemInit)
    TIM3_IRQHandler                          0x08002b31   Thumb Code     6  stm32f1xx_it.o(i.TIM3_IRQHandler)
    TIM4_IRQHandler                          0x08002b3d   Thumb Code     6  stm32f1xx_it.o(i.TIM4_IRQHandler)
    TIM_Base_SetConfig                       0x08002b49   Thumb Code   120  stm32f1xx_hal_tim.o(i.TIM_Base_SetConfig)
    TIM_ETR_SetConfig                        0x08002bd5   Thumb Code    20  stm32f1xx_hal_tim.o(i.TIM_ETR_SetConfig)
    UART_Start_Receive_DMA                   0x08002ef5   Thumb Code    98  stm32f1xx_hal_uart.o(i.UART_Start_Receive_DMA)
    USART1_IRQHandler                        0x08002fc9   Thumb Code    76  stm32f1xx_it.o(i.USART1_IRQHandler)
    UsageFault_Handler                       0x08003025   Thumb Code     2  stm32f1xx_it.o(i.UsageFault_Handler)
    __0printf                                0x08003029   Thumb Code    22  printfa.o(i.__0printf)
    __1printf                                0x08003029   Thumb Code     0  printfa.o(i.__0printf)
    __2printf                                0x08003029   Thumb Code     0  printfa.o(i.__0printf)
    __c89printf                              0x08003029   Thumb Code     0  printfa.o(i.__0printf)
    printf                                   0x08003029   Thumb Code     0  printfa.o(i.__0printf)
    __0sprintf                               0x08003049   Thumb Code    34  printfa.o(i.__0sprintf)
    __1sprintf                               0x08003049   Thumb Code     0  printfa.o(i.__0sprintf)
    __2sprintf                               0x08003049   Thumb Code     0  printfa.o(i.__0sprintf)
    __c89sprintf                             0x08003049   Thumb Code     0  printfa.o(i.__0sprintf)
    sprintf                                  0x08003049   Thumb Code     0  printfa.o(i.__0sprintf)
    free                                     0x08003091   Thumb Code    88  mallocr.o(i.__free$realloc)
    malloc                                   0x080030ed   Thumb Code    64  mallocr.o(i.__malloc$realloc)
    __scatterload_copy                       0x0800313d   Thumb Code    14  handlers.o(i.__scatterload_copy)
    __scatterload_null                       0x0800314b   Thumb Code     2  handlers.o(i.__scatterload_null)
    __scatterload_zeroinit                   0x0800314d   Thumb Code    14  handlers.o(i.__scatterload_zeroinit)
    _is_digit                                0x080032e1   Thumb Code    14  scanf_fp.o(i._is_digit)
    cJSON_AddItemToObject                    0x08003add   Thumb Code    14  cjson.o(i.cJSON_AddItemToObject)
    cJSON_AddNumberToObject                  0x08003af1   Thumb Code    46  cjson.o(i.cJSON_AddNumberToObject)
    cJSON_AddStringToObject                  0x08003b25   Thumb Code    44  cjson.o(i.cJSON_AddStringToObject)
    cJSON_CreateNumber                       0x08003b55   Thumb Code    78  cjson.o(i.cJSON_CreateNumber)
    cJSON_CreateObject                       0x08003bb5   Thumb Code    18  cjson.o(i.cJSON_CreateObject)
    cJSON_CreateString                       0x08003bcd   Thumb Code    44  cjson.o(i.cJSON_CreateString)
    cJSON_Delete                             0x08003bfd   Thumb Code    66  cjson.o(i.cJSON_Delete)
    cJSON_GetObjectItem                      0x08003c45   Thumb Code     6  cjson.o(i.cJSON_GetObjectItem)
    cJSON_Parse                              0x08003c61   Thumb Code     8  cjson.o(i.cJSON_Parse)
    cJSON_ParseWithLengthOpts                0x08003c69   Thumb Code   210  cjson.o(i.cJSON_ParseWithLengthOpts)
    cJSON_ParseWithOpts                      0x08003d45   Thumb Code    34  cjson.o(i.cJSON_ParseWithOpts)
    cJSON_Print                              0x08003d69   Thumb Code     8  cjson.o(i.cJSON_Print)
    fputc                                    0x08003e81   Thumb Code    18  usart.o(i.fputc)
    main                                     0x08003f65   Thumb Code   128  main.o(i.main)
    parse_msg                                0x08004141   Thumb Code   158  connect.o(i.parse_msg)
    realloc                                  0x08004bad   Thumb Code   102  mallocr.o(i.realloc)
    strtod                                   0x08004c19   Thumb Code    28  strtod.o(i.strtod)
    uart1_start_dma                          0x08004c35   Thumb Code    10  connect.o(i.uart1_start_dma)
    AHBPrescTable                            0x08004d36   Data          16  system_stm32f1xx.o(.constdata)
    APBPrescTable                            0x08004d46   Data           8  system_stm32f1xx.o(.constdata)
    __ctype_categories                       0x08004d4e   Data          64  ctype_c.o(.constdata)
    Region$$Table$$Base                      0x08004d90   Number         0  anon$$obj.o(Region$$Table)
    Region$$Table$$Limit                     0x08004db0   Number         0  anon$$obj.o(Region$$Table)
    rx_len                                   0x20000009   Data           1  connect.o(.data)
    uwTickFreq                               0x20000020   Data           1  stm32f1xx_hal.o(.data)
    uwTickPrio                               0x20000024   Data           4  stm32f1xx_hal.o(.data)
    uwTick                                   0x20000028   Data           4  stm32f1xx_hal.o(.data)
    SystemCoreClock                          0x2000002c   Data           4  system_stm32f1xx.o(.data)
    __stdout                                 0x20000030   Data           4  stdout.o(.data)
    __microlib_freelist                      0x20000034   Data           4  mvars.o(.data)
    __microlib_freelist_initialised          0x20000038   Data           4  mvars.o(.data)
    rx_buffer                                0x20000054   Data         200  connect.o(.bss)
    htim3                                    0x2000011c   Data          72  tim.o(.bss)
    htim4                                    0x20000164   Data          72  tim.o(.bss)
    huart1                                   0x200001ac   Data          68  usart.o(.bss)
    huart2                                   0x200001f0   Data          68  usart.o(.bss)
    huart3                                   0x20000234   Data          68  usart.o(.bss)
    hdma_usart1_tx                           0x20000278   Data          68  usart.o(.bss)
    hdma_usart1_rx                           0x200002bc   Data          68  usart.o(.bss)
    __heap_base                              0x20000300   Data           0  startup_stm32f103xe.o(HEAP)
    __heap_limit                             0x20000500   Data           0  startup_stm32f103xe.o(HEAP)
    __initial_sp                             0x20000900   Data           0  startup_stm32f103xe.o(STACK)



==============================================================================

Memory Map of the image

  Image Entry point : 0x08000131

  Load Region LR_IROM1 (Base: 0x08000000, Size: 0x00004dec, Max: 0x00040000, ABSOLUTE)

    Execution Region ER_IROM1 (Exec base: 0x08000000, Load base: 0x08000000, Size: 0x00004db0, Max: 0x00040000, ABSOLUTE)

    Exec Addr    Load Addr    Size         Type   Attr      Idx    E Section Name        Object

    0x08000000   0x08000000   0x00000130   Data   RO            3    RESET               startup_stm32f103xe.o
    0x08000130   0x08000130   0x00000000   Code   RO         3754  * .ARM.Collect$$$$00000000  mc_w.l(entry.o)
    0x08000130   0x08000130   0x00000004   Code   RO         4098    .ARM.Collect$$$$00000001  mc_w.l(entry2.o)
    0x08000134   0x08000134   0x00000004   Code   RO         4101    .ARM.Collect$$$$00000004  mc_w.l(entry5.o)
    0x08000138   0x08000138   0x00000000   Code   RO         4103    .ARM.Collect$$$$00000008  mc_w.l(entry7b.o)
    0x08000138   0x08000138   0x00000000   Code   RO         4105    .ARM.Collect$$$$0000000A  mc_w.l(entry8b.o)
    0x08000138   0x08000138   0x00000008   Code   RO         4106    .ARM.Collect$$$$0000000B  mc_w.l(entry9a.o)
    0x08000140   0x08000140   0x00000000   Code   RO         4108    .ARM.Collect$$$$0000000D  mc_w.l(entry10a.o)
    0x08000140   0x08000140   0x00000000   Code   RO         4110    .ARM.Collect$$$$0000000F  mc_w.l(entry11a.o)
    0x08000140   0x08000140   0x00000004   Code   RO         4099    .ARM.Collect$$$$00002712  mc_w.l(entry2.o)
    0x08000144   0x08000144   0x00000024   Code   RO            4    .text               startup_stm32f103xe.o
    0x08000168   0x08000168   0x00000020   Code   RO         3757    .text               mc_w.l(llushr.o)
    0x08000188   0x08000188   0x0000000c   Code   RO         3759    .text               mc_w.l(tolower.o)
    0x08000194   0x08000194   0x00000024   Code   RO         3761    .text               mc_w.l(memcpya.o)
    0x080001b8   0x080001b8   0x00000024   Code   RO         3763    .text               mc_w.l(memseta.o)
    0x080001dc   0x080001dc   0x0000000e   Code   RO         3765    .text               mc_w.l(strlen.o)
    0x080001ea   0x080001ea   0x0000001c   Code   RO         3767    .text               mc_w.l(strcmp.o)
    0x08000206   0x08000206   0x00000012   Code   RO         3769    .text               mc_w.l(strcpy.o)
    0x08000218   0x08000218   0x0000001e   Code   RO         3771    .text               mc_w.l(strncmp.o)
    0x08000236   0x08000236   0x00000002   PAD
    0x08000238   0x08000238   0x00000038   Code   RO         4064    .text               mc_w.l(__0sscanf.o)
    0x08000270   0x08000270   0x00000360   Code   RO         4066    .text               mc_w.l(scanf_fp.o)
    0x080005d0   0x080005d0   0x0000014e   Code   RO         4074    .text               mf_w.l(dadd.o)
    0x0800071e   0x0800071e   0x000000e4   Code   RO         4076    .text               mf_w.l(dmul.o)
    0x08000802   0x08000802   0x0000002e   Code   RO         4078    .text               mf_w.l(dscalb.o)
    0x08000830   0x08000830   0x00000022   Code   RO         4082    .text               mf_w.l(dflti.o)
    0x08000852   0x08000852   0x0000003e   Code   RO         4086    .text               mf_w.l(dfixi.o)
    0x08000890   0x08000890   0x00000030   Code   RO         4090    .text               mf_w.l(cdcmple.o)
    0x080008c0   0x080008c0   0x00000030   Code   RO         4092    .text               mf_w.l(cdrcmple.o)
    0x080008f0   0x080008f0   0x00000038   Code   RO         4094    .text               mf_w.l(d2f.o)
    0x08000928   0x08000928   0x0000002c   Code   RO         4113    .text               mc_w.l(uidiv.o)
    0x08000954   0x08000954   0x00000062   Code   RO         4115    .text               mc_w.l(uldiv.o)
    0x080009b6   0x080009b6   0x0000001e   Code   RO         4117    .text               mc_w.l(llshl.o)
    0x080009d4   0x080009d4   0x00000024   Code   RO         4119    .text               mc_w.l(llsshr.o)
    0x080009f8   0x080009f8   0x00000028   Code   RO         4123    .text               mc_w.l(scanf_char.o)
    0x08000a20   0x08000a20   0x00000040   Code   RO         4125    .text               mc_w.l(_sgetc.o)
    0x08000a60   0x08000a60   0x0000009c   Code   RO         4127    .text               mc_w.l(strtod.o)
    0x08000afc   0x08000afc   0x00000000   Code   RO         4129    .text               mc_w.l(iusefp.o)
    0x08000afc   0x08000afc   0x0000006e   Code   RO         4130    .text               mf_w.l(fepilogue.o)
    0x08000b6a   0x08000b6a   0x000000ba   Code   RO         4132    .text               mf_w.l(depilogue.o)
    0x08000c24   0x08000c24   0x000000de   Code   RO         4134    .text               mf_w.l(ddiv.o)
    0x08000d02   0x08000d02   0x00000018   Code   RO         4136    .text               mf_w.l(dfltul.o)
    0x08000d1a   0x08000d1a   0x00000030   Code   RO         4138    .text               mf_w.l(dfixul.o)
    0x08000d4a   0x08000d4a   0x00000002   PAD
    0x08000d4c   0x08000d4c   0x00000024   Code   RO         4140    .text               mc_w.l(init.o)
    0x08000d70   0x08000d70   0x0000000a   Code   RO         4142    .text               mc_w.l(isspace_c.o)
    0x08000d7a   0x08000d7a   0x00000002   PAD
    0x08000d7c   0x08000d7c   0x0000032c   Code   RO         4144    .text               mc_w.l(_scanf.o)
    0x080010a8   0x080010a8   0x00000028   Code   RO         4146    .text               mc_w.l(ctype_c.o)
    0x080010d0   0x080010d0   0x00000038   Code   RO          268    i.AddBuffer         sys.o
    0x08001108   0x08001108   0x00000002   Code   RO          622    i.BusFault_Handler  stm32f1xx_it.o
    0x0800110a   0x0800110a   0x00000002   PAD
    0x0800110c   0x0800110c   0x0000000c   Code   RO          623    i.DMA1_Channel4_IRQHandler  stm32f1xx_it.o
    0x08001118   0x08001118   0x0000000c   Code   RO          624    i.DMA1_Channel5_IRQHandler  stm32f1xx_it.o
    0x08001124   0x08001124   0x0000002a   Code   RO         2761    i.DMA_SetConfig     stm32f1xx_hal_dma.o
    0x0800114e   0x0800114e   0x00000002   Code   RO          625    i.DebugMon_Handler  stm32f1xx_it.o
    0x08001150   0x08001150   0x00000004   Code   RO          412    i.Error_Handler     main.o
    0x08001154   0x08001154   0x00000028   Code   RO          269    i.GetCurrentCfg     sys.o
    0x0800117c   0x0800117c   0x00000046   Code   RO         2762    i.HAL_DMA_Abort     stm32f1xx_hal_dma.o
    0x080011c2   0x080011c2   0x00000002   PAD
    0x080011c4   0x080011c4   0x00000130   Code   RO         2763    i.HAL_DMA_Abort_IT  stm32f1xx_hal_dma.o
    0x080012f4   0x080012f4   0x00000248   Code   RO         2767    i.HAL_DMA_IRQHandler  stm32f1xx_hal_dma.o
    0x0800153c   0x0800153c   0x0000007c   Code   RO         2768    i.HAL_DMA_Init      stm32f1xx_hal_dma.o
    0x080015b8   0x080015b8   0x00000070   Code   RO         2772    i.HAL_DMA_Start_IT  stm32f1xx_hal_dma.o
    0x08001628   0x08001628   0x000001f8   Code   RO         2698    i.HAL_GPIO_Init     stm32f1xx_hal_gpio.o
    0x08001820   0x08001820   0x0000000a   Code   RO         2702    i.HAL_GPIO_WritePin  stm32f1xx_hal_gpio.o
    0x0800182a   0x0800182a   0x00000002   PAD
    0x0800182c   0x0800182c   0x0000000c   Code   RO         2394    i.HAL_GetTick       stm32f1xx_hal.o
    0x08001838   0x08001838   0x00000010   Code   RO         2400    i.HAL_IncTick       stm32f1xx_hal.o
    0x08001848   0x08001848   0x00000024   Code   RO         2401    i.HAL_Init          stm32f1xx_hal.o
    0x0800186c   0x0800186c   0x00000040   Code   RO         2402    i.HAL_InitTick      stm32f1xx_hal.o
    0x080018ac   0x080018ac   0x0000003c   Code   RO          728    i.HAL_MspInit       stm32f1xx_hal_msp.o
    0x080018e8   0x080018e8   0x0000001a   Code   RO         2858    i.HAL_NVIC_EnableIRQ  stm32f1xx_hal_cortex.o
    0x08001902   0x08001902   0x00000002   PAD
    0x08001904   0x08001904   0x00000040   Code   RO         2864    i.HAL_NVIC_SetPriority  stm32f1xx_hal_cortex.o
    0x08001944   0x08001944   0x00000024   Code   RO         2865    i.HAL_NVIC_SetPriorityGrouping  stm32f1xx_hal_cortex.o
    0x08001968   0x08001968   0x0000012c   Code   RO         2558    i.HAL_RCC_ClockConfig  stm32f1xx_hal_rcc.o
    0x08001a94   0x08001a94   0x00000020   Code   RO         2565    i.HAL_RCC_GetPCLK1Freq  stm32f1xx_hal_rcc.o
    0x08001ab4   0x08001ab4   0x00000020   Code   RO         2566    i.HAL_RCC_GetPCLK2Freq  stm32f1xx_hal_rcc.o
    0x08001ad4   0x08001ad4   0x0000006c   Code   RO         2567    i.HAL_RCC_GetSysClockFreq  stm32f1xx_hal_rcc.o
    0x08001b40   0x08001b40   0x00000320   Code   RO         2570    i.HAL_RCC_OscConfig  stm32f1xx_hal_rcc.o
    0x08001e60   0x08001e60   0x00000028   Code   RO         2869    i.HAL_SYSTICK_Config  stm32f1xx_hal_cortex.o
    0x08001e88   0x08001e88   0x00000002   Code   RO         2116    i.HAL_TIMEx_BreakCallback  stm32f1xx_hal_tim_ex.o
    0x08001e8a   0x08001e8a   0x00000002   Code   RO         2117    i.HAL_TIMEx_CommutCallback  stm32f1xx_hal_tim_ex.o
    0x08001e8c   0x08001e8c   0x0000007c   Code   RO         2135    i.HAL_TIMEx_MasterConfigSynchronization  stm32f1xx_hal_tim_ex.o
    0x08001f08   0x08001f08   0x0000005a   Code   RO         1412    i.HAL_TIM_Base_Init  stm32f1xx_hal_tim.o
    0x08001f62   0x08001f62   0x00000002   PAD
    0x08001f64   0x08001f64   0x00000064   Code   RO          515    i.HAL_TIM_Base_MspInit  tim.o
    0x08001fc8   0x08001fc8   0x000000d6   Code   RO         1421    i.HAL_TIM_ConfigClockSource  stm32f1xx_hal_tim.o
    0x0800209e   0x0800209e   0x00000002   Code   RO         1446    i.HAL_TIM_IC_CaptureCallback  stm32f1xx_hal_tim.o
    0x080020a0   0x080020a0   0x00000166   Code   RO         1460    i.HAL_TIM_IRQHandler  stm32f1xx_hal_tim.o
    0x08002206   0x08002206   0x00000002   Code   RO         1463    i.HAL_TIM_OC_DelayElapsedCallback  stm32f1xx_hal_tim.o
    0x08002208   0x08002208   0x00000002   Code   RO         1490    i.HAL_TIM_PWM_PulseFinishedCallback  stm32f1xx_hal_tim.o
    0x0800220a   0x0800220a   0x00000002   Code   RO         1498    i.HAL_TIM_PeriodElapsedCallback  stm32f1xx_hal_tim.o
    0x0800220c   0x0800220c   0x00000002   Code   RO         1503    i.HAL_TIM_TriggerCallback  stm32f1xx_hal_tim.o
    0x0800220e   0x0800220e   0x00000002   Code   RO         3369    i.HAL_UARTEx_RxEventCallback  stm32f1xx_hal_uart.o
    0x08002210   0x08002210   0x00000058   Code   RO         3381    i.HAL_UART_DMAStop  stm32f1xx_hal_uart.o
    0x08002268   0x08002268   0x00000002   Code   RO         3383    i.HAL_UART_ErrorCallback  stm32f1xx_hal_uart.o
    0x0800226a   0x0800226a   0x00000002   PAD
    0x0800226c   0x0800226c   0x0000020c   Code   RO         3386    i.HAL_UART_IRQHandler  stm32f1xx_hal_uart.o
    0x08002478   0x08002478   0x00000062   Code   RO         3387    i.HAL_UART_Init     stm32f1xx_hal_uart.o
    0x080024da   0x080024da   0x00000002   PAD
    0x080024dc   0x080024dc   0x0000016c   Code   RO          563    i.HAL_UART_MspInit  usart.o
    0x08002648   0x08002648   0x0000002a   Code   RO         3391    i.HAL_UART_Receive_DMA  stm32f1xx_hal_uart.o
    0x08002672   0x08002672   0x00000002   Code   RO         3393    i.HAL_UART_RxCpltCallback  stm32f1xx_hal_uart.o
    0x08002674   0x08002674   0x00000002   Code   RO         3394    i.HAL_UART_RxHalfCpltCallback  stm32f1xx_hal_uart.o
    0x08002676   0x08002676   0x00000002   PAD
    0x08002678   0x08002678   0x000000b2   Code   RO         3395    i.HAL_UART_Transmit  stm32f1xx_hal_uart.o
    0x0800272a   0x0800272a   0x00000002   PAD
    0x0800272c   0x0800272c   0x00000080   Code   RO         3396    i.HAL_UART_Transmit_DMA  stm32f1xx_hal_uart.o
    0x080027ac   0x080027ac   0x00000002   Code   RO         3398    i.HAL_UART_TxCpltCallback  stm32f1xx_hal_uart.o
    0x080027ae   0x080027ae   0x00000002   Code   RO         3399    i.HAL_UART_TxHalfCpltCallback  stm32f1xx_hal_uart.o
    0x080027b0   0x080027b0   0x00000002   Code   RO          626    i.HardFault_Handler  stm32f1xx_it.o
    0x080027b2   0x080027b2   0x00000002   PAD
    0x080027b4   0x080027b4   0x0000003c   Code   RO          490    i.MX_DMA_Init       dma.o
    0x080027f0   0x080027f0   0x000000ec   Code   RO          466    i.MX_GPIO_Init      gpio.o
    0x080028dc   0x080028dc   0x00000068   Code   RO          516    i.MX_TIM3_Init      tim.o
    0x08002944   0x08002944   0x00000068   Code   RO          517    i.MX_TIM4_Init      tim.o
    0x080029ac   0x080029ac   0x00000038   Code   RO          564    i.MX_USART1_UART_Init  usart.o
    0x080029e4   0x080029e4   0x00000038   Code   RO          565    i.MX_USART2_UART_Init  usart.o
    0x08002a1c   0x08002a1c   0x00000038   Code   RO          566    i.MX_USART3_UART_Init  usart.o
    0x08002a54   0x08002a54   0x00000002   Code   RO          627    i.MemManage_Handler  stm32f1xx_it.o
    0x08002a56   0x08002a56   0x00000002   Code   RO          628    i.NMI_Handler       stm32f1xx_it.o
    0x08002a58   0x08002a58   0x00000002   Code   RO          629    i.PendSV_Handler    stm32f1xx_it.o
    0x08002a5a   0x08002a5a   0x00000002   Code   RO          630    i.SVC_Handler       stm32f1xx_it.o
    0x08002a5c   0x08002a5c   0x0000004c   Code   RO          273    i.SetCurrentCfg     sys.o
    0x08002aa8   0x08002aa8   0x00000024   Code   RO          274    i.SetNextCfg        sys.o
    0x08002acc   0x08002acc   0x00000004   Code   RO          631    i.SysTick_Handler   stm32f1xx_it.o
    0x08002ad0   0x08002ad0   0x0000005e   Code   RO          414    i.SystemClock_Config  main.o
    0x08002b2e   0x08002b2e   0x00000002   Code   RO         3716    i.SystemInit        system_stm32f1xx.o
    0x08002b30   0x08002b30   0x0000000c   Code   RO          632    i.TIM3_IRQHandler   stm32f1xx_it.o
    0x08002b3c   0x08002b3c   0x0000000c   Code   RO          633    i.TIM4_IRQHandler   stm32f1xx_it.o
    0x08002b48   0x08002b48   0x0000008c   Code   RO         1505    i.TIM_Base_SetConfig  stm32f1xx_hal_tim.o
    0x08002bd4   0x08002bd4   0x00000014   Code   RO         1516    i.TIM_ETR_SetConfig  stm32f1xx_hal_tim.o
    0x08002be8   0x08002be8   0x00000010   Code   RO         1517    i.TIM_ITRx_SetConfig  stm32f1xx_hal_tim.o
    0x08002bf8   0x08002bf8   0x00000022   Code   RO         1523    i.TIM_TI1_ConfigInputStage  stm32f1xx_hal_tim.o
    0x08002c1a   0x08002c1a   0x00000024   Code   RO         1525    i.TIM_TI2_ConfigInputStage  stm32f1xx_hal_tim.o
    0x08002c3e   0x08002c3e   0x00000010   Code   RO         3400    i.UART_DMAAbortOnError  stm32f1xx_hal_uart.o
    0x08002c4e   0x08002c4e   0x0000004a   Code   RO         3401    i.UART_DMAError     stm32f1xx_hal_uart.o
    0x08002c98   0x08002c98   0x0000005a   Code   RO         3402    i.UART_DMAReceiveCplt  stm32f1xx_hal_uart.o
    0x08002cf2   0x08002cf2   0x0000001a   Code   RO         3404    i.UART_DMARxHalfCplt  stm32f1xx_hal_uart.o
    0x08002d0c   0x08002d0c   0x0000002e   Code   RO         3406    i.UART_DMATransmitCplt  stm32f1xx_hal_uart.o
    0x08002d3a   0x08002d3a   0x0000000a   Code   RO         3408    i.UART_DMATxHalfCplt  stm32f1xx_hal_uart.o
    0x08002d44   0x08002d44   0x00000030   Code   RO         3410    i.UART_EndRxTransfer  stm32f1xx_hal_uart.o
    0x08002d74   0x08002d74   0x00000012   Code   RO         3411    i.UART_EndTxTransfer  stm32f1xx_hal_uart.o
    0x08002d86   0x08002d86   0x000000b6   Code   RO         3412    i.UART_Receive_IT   stm32f1xx_hal_uart.o
    0x08002e3c   0x08002e3c   0x000000b8   Code   RO         3413    i.UART_SetConfig    stm32f1xx_hal_uart.o
    0x08002ef4   0x08002ef4   0x00000070   Code   RO         3414    i.UART_Start_Receive_DMA  stm32f1xx_hal_uart.o
    0x08002f64   0x08002f64   0x00000064   Code   RO         3416    i.UART_WaitOnFlagUntilTimeout  stm32f1xx_hal_uart.o
    0x08002fc8   0x08002fc8   0x0000005c   Code   RO          634    i.USART1_IRQHandler  stm32f1xx_it.o
    0x08003024   0x08003024   0x00000002   Code   RO          635    i.UsageFault_Handler  stm32f1xx_it.o
    0x08003026   0x08003026   0x00000002   PAD
    0x08003028   0x08003028   0x00000020   Code   RO         4008    i.__0printf         mc_w.l(printfa.o)
    0x08003048   0x08003048   0x00000028   Code   RO         4010    i.__0sprintf        mc_w.l(printfa.o)
    0x08003070   0x08003070   0x00000020   Code   RO         2871    i.__NVIC_SetPriority  stm32f1xx_hal_cortex.o
    0x08003090   0x08003090   0x0000005c   Code   RO         4040    i.__free$realloc    mc_w.l(mallocr.o)
    0x080030ec   0x080030ec   0x00000050   Code   RO         4041    i.__malloc$realloc  mc_w.l(mallocr.o)
    0x0800313c   0x0800313c   0x0000000e   Code   RO         4151    i.__scatterload_copy  mc_w.l(handlers.o)
    0x0800314a   0x0800314a   0x00000002   Code   RO         4152    i.__scatterload_null  mc_w.l(handlers.o)
    0x0800314c   0x0800314c   0x0000000e   Code   RO         4153    i.__scatterload_zeroinit  mc_w.l(handlers.o)
    0x0800315a   0x0800315a   0x00000002   PAD
    0x0800315c   0x0800315c   0x00000184   Code   RO         4015    i._fp_digits        mc_w.l(printfa.o)
    0x080032e0   0x080032e0   0x0000000e   Code   RO         4068    i._is_digit         mc_w.l(scanf_fp.o)
    0x080032ee   0x080032ee   0x00000002   PAD
    0x080032f0   0x080032f0   0x000006dc   Code   RO         4016    i._printf_core      mc_w.l(printfa.o)
    0x080039cc   0x080039cc   0x00000024   Code   RO         4017    i._printf_post_padding  mc_w.l(printfa.o)
    0x080039f0   0x080039f0   0x0000002e   Code   RO         4018    i._printf_pre_padding  mc_w.l(printfa.o)
    0x08003a1e   0x08003a1e   0x0000000a   Code   RO         4020    i._sputc            mc_w.l(printfa.o)
    0x08003a28   0x08003a28   0x0000002a   Code   RO          749    i.add_item_to_array  cjson.o
    0x08003a52   0x08003a52   0x0000005a   Code   RO          750    i.add_item_to_object  cjson.o
    0x08003aac   0x08003aac   0x00000030   Code   RO          751    i.buffer_skip_whitespace  cjson.o
    0x08003adc   0x08003adc   0x00000014   Code   RO          758    i.cJSON_AddItemToObject  cjson.o
    0x08003af0   0x08003af0   0x00000034   Code   RO          761    i.cJSON_AddNumberToObject  cjson.o
    0x08003b24   0x08003b24   0x00000030   Code   RO          764    i.cJSON_AddStringToObject  cjson.o
    0x08003b54   0x08003b54   0x00000060   Code   RO          775    i.cJSON_CreateNumber  cjson.o
    0x08003bb4   0x08003bb4   0x00000018   Code   RO          776    i.cJSON_CreateObject  cjson.o
    0x08003bcc   0x08003bcc   0x00000030   Code   RO          779    i.cJSON_CreateString  cjson.o
    0x08003bfc   0x08003bfc   0x00000048   Code   RO          783    i.cJSON_Delete      cjson.o
    0x08003c44   0x08003c44   0x00000006   Code   RO          796    i.cJSON_GetObjectItem  cjson.o
    0x08003c4a   0x08003c4a   0x00000016   Code   RO          813    i.cJSON_New_Item    cjson.o
    0x08003c60   0x08003c60   0x00000008   Code   RO          814    i.cJSON_Parse       cjson.o
    0x08003c68   0x08003c68   0x000000dc   Code   RO          816    i.cJSON_ParseWithLengthOpts  cjson.o
    0x08003d44   0x08003d44   0x00000022   Code   RO          817    i.cJSON_ParseWithOpts  cjson.o
    0x08003d66   0x08003d66   0x00000002   PAD
    0x08003d68   0x08003d68   0x0000000c   Code   RO          818    i.cJSON_Print       cjson.o
    0x08003d74   0x08003d74   0x00000028   Code   RO          831    i.cJSON_strdup      cjson.o
    0x08003d9c   0x08003d9c   0x00000058   Code   RO          832    i.compare_double    cjson.o
    0x08003df4   0x08003df4   0x0000008a   Code   RO          834    i.ensure            cjson.o
    0x08003e7e   0x08003e7e   0x00000002   PAD
    0x08003e80   0x08003e80   0x00000018   Code   RO          567    i.fputc             usart.o
    0x08003e98   0x08003e98   0x0000007a   Code   RO          836    i.get_object_item   cjson.o
    0x08003f12   0x08003f12   0x00000002   PAD
    0x08003f14   0x08003f14   0x00000050   Code   RO         4042    i.internal_alloc    mc_w.l(mallocr.o)
    0x08003f64   0x08003f64   0x000000cc   Code   RO          415    i.main              main.o
    0x08004030   0x08004030   0x000000d0   Code   RO          838    i.parse_array       cjson.o
    0x08004100   0x08004100   0x00000040   Code   RO          839    i.parse_hex4        cjson.o
    0x08004140   0x08004140   0x00000108   Code   RO          351    i.parse_msg         connect.o
    0x08004248   0x08004248   0x000000f0   Code   RO          840    i.parse_number      cjson.o
    0x08004338   0x08004338   0x0000010a   Code   RO          841    i.parse_object      cjson.o
    0x08004442   0x08004442   0x0000010c   Code   RO          842    i.parse_string      cjson.o
    0x0800454e   0x0800454e   0x00000002   PAD
    0x08004550   0x08004550   0x000000fc   Code   RO          843    i.parse_value       cjson.o
    0x0800464c   0x0800464c   0x00000098   Code   RO          844    i.print             cjson.o
    0x080046e4   0x080046e4   0x00000096   Code   RO          845    i.print_array       cjson.o
    0x0800477a   0x0800477a   0x00000002   PAD
    0x0800477c   0x0800477c   0x00000110   Code   RO          846    i.print_number      cjson.o
    0x0800488c   0x0800488c   0x00000140   Code   RO          847    i.print_object      cjson.o
    0x080049cc   0x080049cc   0x00000110   Code   RO          848    i.print_string_ptr  cjson.o
    0x08004adc   0x08004adc   0x000000d0   Code   RO          849    i.print_value       cjson.o
    0x08004bac   0x08004bac   0x0000006c   Code   RO         4043    i.realloc           mc_w.l(mallocr.o)
    0x08004c18   0x08004c18   0x0000001c   Code   RO         3751    i.strtod            m_ws.l(strtod.o)
    0x08004c34   0x08004c34   0x00000014   Code   RO          354    i.uart1_start_dma   connect.o
    0x08004c48   0x08004c48   0x0000001c   Code   RO          851    i.update_offset     cjson.o
    0x08004c64   0x08004c64   0x000000d2   Code   RO          852    i.utf16_literal_to_utf8  cjson.o
    0x08004d36   0x08004d36   0x00000010   Data   RO         3717    .constdata          system_stm32f1xx.o
    0x08004d46   0x08004d46   0x00000008   Data   RO         3718    .constdata          system_stm32f1xx.o
    0x08004d4e   0x08004d4e   0x00000040   Data   RO         4147    .constdata          mc_w.l(ctype_c.o)
    0x08004d8e   0x08004d8e   0x00000002   PAD
    0x08004d90   0x08004d90   0x00000020   Data   RO         4149    Region$$Table       anon$$obj.o


    Execution Region RW_IRAM1 (Exec base: 0x20000000, Load base: 0x08004db0, Size: 0x00000900, Max: 0x0000c000, ABSOLUTE)

    Exec Addr    Load Addr    Size         Type   Attr      Idx    E Section Name        Object

    0x20000000   0x08004db0   0x00000009   Data   RW          279    .data               sys.o
    0x20000009   0x08004db9   0x00000001   Data   RW          356    .data               connect.o
    0x2000000a   0x08004dba   0x00000002   PAD
    0x2000000c   0x08004dbc   0x00000014   Data   RW          854    .data               cjson.o
    0x20000020   0x08004dd0   0x0000000c   Data   RW         2408    .data               stm32f1xx_hal.o
    0x2000002c   0x08004ddc   0x00000004   Data   RW         3719    .data               system_stm32f1xx.o
    0x20000030   0x08004de0   0x00000004   Data   RW         4112    .data               mc_w.l(stdout.o)
    0x20000034   0x08004de4   0x00000004   Data   RW         4121    .data               mc_w.l(mvars.o)
    0x20000038   0x08004de8   0x00000004   Data   RW         4122    .data               mc_w.l(mvars.o)
    0x2000003c        -       0x00000018   Zero   RW          278    .bss                sys.o
    0x20000054        -       0x000000c8   Zero   RW          355    .bss                connect.o
    0x2000011c        -       0x00000090   Zero   RW          518    .bss                tim.o
    0x200001ac        -       0x00000154   Zero   RW          568    .bss                usart.o
    0x20000300        -       0x00000200   Zero   RW            2    HEAP                startup_stm32f103xe.o
    0x20000500        -       0x00000400   Zero   RW            1    STACK               startup_stm32f103xe.o


==============================================================================

Image component sizes


      Code (inc. data)   RO Data    RW Data    ZI Data      Debug   Object Name

      4140        188          0         20          0      36787   cjson.o
       284        116          0          1        200       3487   connect.o
        60          4          0          0          0        750   dma.o
         0          0          0          0          0       1240   func.o
       236         18          0          0          0        975   gpio.o
       302         76          0          0          0       2194   main.o
         0          0          0          0          0     485780   sensor.o
        36          8        304          0       1536        796   startup_stm32f103xe.o
       128         24          0         12          0       5849   stm32f1xx_hal.o
       198         14          0          0          0      28887   stm32f1xx_hal_cortex.o
      1236         52          0          0          0       5062   stm32f1xx_hal_dma.o
       514         42          0          0          0       2884   stm32f1xx_hal_gpio.o
        60          8          0          0          0        854   stm32f1xx_hal_msp.o
      1272        100          0          0          0       5140   stm32f1xx_hal_rcc.o
       918         20          0          0          0       9429   stm32f1xx_hal_tim.o
       128         20          0          0          0       2337   stm32f1xx_hal_tim_ex.o
      1976         38          0          0          0      16947   stm32f1xx_hal_uart.o
       160         40          0          0          0       6763   stm32f1xx_it.o
       208         52          0          9         24       2789   sys.o
         2          0         24          4          0       1095   system_stm32f1xx.o
       308         30          0          0        144       2315   tim.o
       556         64          0          0        340       3682   usart.o

    ----------------------------------------------------------------------
     12754        914        360         48       2244     626042   Object Totals
         0          0         32          0          0          0   (incl. Generated)
        32          0          0          2          0          0   (incl. Padding)

    ----------------------------------------------------------------------

      Code (inc. data)   RO Data    RW Data    ZI Data      Debug   Library Member Name

        28          0          0          0          0         80   strtod.o
        56          8          0          0          0         84   __0sscanf.o
       812          4          0          0          0        112   _scanf.o
        64          0          0          0          0         84   _sgetc.o
        40          6         64          0          0         68   ctype_c.o
         0          0          0          0          0          0   entry.o
         0          0          0          0          0          0   entry10a.o
         0          0          0          0          0          0   entry11a.o
         8          4          0          0          0          0   entry2.o
         4          0          0          0          0          0   entry5.o
         0          0          0          0          0          0   entry7b.o
         0          0          0          0          0          0   entry8b.o
         8          4          0          0          0          0   entry9a.o
        30          0          0          0          0          0   handlers.o
        36          8          0          0          0         68   init.o
        10          0          0          0          0         68   isspace_c.o
         0          0          0          0          0          0   iusefp.o
        30          0          0          0          0         68   llshl.o
        36          0          0          0          0         68   llsshr.o
        32          0          0          0          0         68   llushr.o
       360         30          0          0          0        356   mallocr.o
        36          0          0          0          0         68   memcpya.o
        36          0          0          0          0        108   memseta.o
         0          0          0          8          0          0   mvars.o
      2308         96          0          0          0        604   printfa.o
        40          8          0          0          0         84   scanf_char.o
       878         12          0          0          0        216   scanf_fp.o
         0          0          0          4          0          0   stdout.o
        28          0          0          0          0         76   strcmp.o
        18          0          0          0          0         68   strcpy.o
        14          0          0          0          0         68   strlen.o
        30          0          0          0          0         80   strncmp.o
       156         12          0          0          0        120   strtod.o
        12          0          0          0          0         68   tolower.o
        44          0          0          0          0         80   uidiv.o
        98          0          0          0          0         92   uldiv.o
        48          0          0          0          0         68   cdcmple.o
        48          0          0          0          0         68   cdrcmple.o
        56          0          0          0          0         88   d2f.o
       334          0          0          0          0        148   dadd.o
       222          0          0          0          0        100   ddiv.o
       186          0          0          0          0        176   depilogue.o
        62          0          0          0          0         80   dfixi.o
        48          0          0          0          0         68   dfixul.o
        34          0          0          0          0         76   dflti.o
        24          0          0          0          0         76   dfltul.o
       228          0          0          0          0         96   dmul.o
        46          0          0          0          0         80   dscalb.o
       110          0          0          0          0        168   fepilogue.o

    ----------------------------------------------------------------------
      6708        192         66         12          0       4148   Library Totals
        10          0          2          0          0          0   (incl. Padding)

    ----------------------------------------------------------------------

      Code (inc. data)   RO Data    RW Data    ZI Data      Debug   Library Name

        28          0          0          0          0         80   m_ws.l
      5224        192         64         12          0       2776   mc_w.l
      1446          0          0          0          0       1292   mf_w.l

    ----------------------------------------------------------------------
      6708        192         66         12          0       4148   Library Totals

    ----------------------------------------------------------------------

==============================================================================


      Code (inc. data)   RO Data    RW Data    ZI Data      Debug   

     19462       1106        426         60       2244     621346   Grand Totals
     19462       1106        426         60       2244     621346   ELF Image Totals
     19462       1106        426         60          0          0   ROM Totals

==============================================================================

    Total RO  Size (Code + RO Data)                19888 (  19.42kB)
    Total RW  Size (RW Data + ZI Data)              2304 (   2.25kB)
    Total ROM Size (Code + RO Data + RW Data)      19948 (  19.48kB)

==============================================================================

