Component: ARM Compiler 5.06 update 6 (build 750) Tool: armlink [4d35ed]

==============================================================================

Section Cross References

    startup_stm32f103xe.o(RESET) refers to startup_stm32f103xe.o(STACK) for __initial_sp
    startup_stm32f103xe.o(RESET) refers to startup_stm32f103xe.o(.text) for Reset_Handler
    startup_stm32f103xe.o(RESET) refers to stm32f1xx_it.o(i.NMI_Handler) for NMI_Handler
    startup_stm32f103xe.o(RESET) refers to stm32f1xx_it.o(i.HardFault_Handler) for HardFault_Handler
    startup_stm32f103xe.o(RESET) refers to stm32f1xx_it.o(i.MemManage_Handler) for MemManage_Handler
    startup_stm32f103xe.o(RESET) refers to stm32f1xx_it.o(i.BusFault_Handler) for BusFault_Handler
    startup_stm32f103xe.o(RESET) refers to stm32f1xx_it.o(i.UsageFault_Handler) for UsageFault_Handler
    startup_stm32f103xe.o(RESET) refers to stm32f1xx_it.o(i.SVC_Handler) for SVC_Handler
    startup_stm32f103xe.o(RESET) refers to stm32f1xx_it.o(i.DebugMon_Handler) for DebugMon_Handler
    startup_stm32f103xe.o(RESET) refers to stm32f1xx_it.o(i.PendSV_Handler) for PendSV_Handler
    startup_stm32f103xe.o(RESET) refers to stm32f1xx_it.o(i.SysTick_Handler) for SysTick_Handler
    startup_stm32f103xe.o(RESET) refers to stm32f1xx_it.o(i.DMA1_Channel4_IRQHandler) for DMA1_Channel4_IRQHandler
    startup_stm32f103xe.o(RESET) refers to stm32f1xx_it.o(i.DMA1_Channel5_IRQHandler) for DMA1_Channel5_IRQHandler
    startup_stm32f103xe.o(RESET) refers to stm32f1xx_it.o(i.TIM3_IRQHandler) for TIM3_IRQHandler
    startup_stm32f103xe.o(RESET) refers to stm32f1xx_it.o(i.TIM4_IRQHandler) for TIM4_IRQHandler
    startup_stm32f103xe.o(RESET) refers to stm32f1xx_it.o(i.USART1_IRQHandler) for USART1_IRQHandler
    startup_stm32f103xe.o(.text) refers to system_stm32f1xx.o(i.SystemInit) for SystemInit
    startup_stm32f103xe.o(.text) refers to entry.o(.ARM.Collect$$$$00000000) for __main
    sensor.o(i.coffee_time_cap) refers to stm32f1xx_hal_gpio.o(i.HAL_GPIO_ReadPin) for HAL_GPIO_ReadPin
    sensor.o(i.coffee_time_cap) refers to stm32f1xx_hal_tim.o(i.HAL_TIM_Base_Start) for HAL_TIM_Base_Start
    sensor.o(i.coffee_time_cap) refers to stm32f1xx_hal_tim.o(i.HAL_TIM_Base_Stop) for HAL_TIM_Base_Stop
    sensor.o(i.coffee_time_cap) refers to tim.o(.bss) for htim3
    sensor.o(i.coffee_trig_send) refers to stm32f1xx_hal_gpio.o(i.HAL_GPIO_WritePin) for HAL_GPIO_WritePin
    sensor.o(i.coffee_trig_send) refers to main.o(i.HAL_Delay_us) for HAL_Delay_us
    sensor.o(i.distance) refers to dfltui.o(.text) for __aeabi_ui2d
    sensor.o(i.distance) refers to dmul.o(.text) for __aeabi_dmul
    sensor.o(i.distance) refers to d2f.o(.text) for __aeabi_d2f
    sensor.o(i.get_coffee_dist) refers to sensor.o(i.coffee_trig_send) for coffee_trig_send
    sensor.o(i.get_coffee_dist) refers to sensor.o(i.coffee_time_cap) for coffee_time_cap
    sensor.o(i.get_coffee_dist) refers to sensor.o(i.distance) for distance
    sensor.o(i.get_coffee_dist) refers to fadd.o(.text) for __aeabi_fadd
    sensor.o(i.get_coffee_dist) refers to stm32f1xx_hal.o(i.HAL_Delay) for HAL_Delay
    sensor.o(i.get_coffee_dist) refers to fdiv.o(.text) for __aeabi_fdiv
    sensor.o(i.get_milk_dist) refers to sensor.o(i.milk_trig_send) for milk_trig_send
    sensor.o(i.get_milk_dist) refers to sensor.o(i.milk_time_cap) for milk_time_cap
    sensor.o(i.get_milk_dist) refers to sensor.o(i.distance) for distance
    sensor.o(i.get_milk_dist) refers to fadd.o(.text) for __aeabi_fadd
    sensor.o(i.get_milk_dist) refers to stm32f1xx_hal.o(i.HAL_Delay) for HAL_Delay
    sensor.o(i.get_milk_dist) refers to fdiv.o(.text) for __aeabi_fdiv
    sensor.o(i.get_sugar_dist) refers to sensor.o(i.sugar_trig_send) for sugar_trig_send
    sensor.o(i.get_sugar_dist) refers to sensor.o(i.sugar_time_cap) for sugar_time_cap
    sensor.o(i.get_sugar_dist) refers to sensor.o(i.distance) for distance
    sensor.o(i.get_sugar_dist) refers to fadd.o(.text) for __aeabi_fadd
    sensor.o(i.get_sugar_dist) refers to stm32f1xx_hal.o(i.HAL_Delay) for HAL_Delay
    sensor.o(i.get_sugar_dist) refers to fdiv.o(.text) for __aeabi_fdiv
    sensor.o(i.milk_time_cap) refers to stm32f1xx_hal_gpio.o(i.HAL_GPIO_ReadPin) for HAL_GPIO_ReadPin
    sensor.o(i.milk_time_cap) refers to stm32f1xx_hal_tim.o(i.HAL_TIM_Base_Start) for HAL_TIM_Base_Start
    sensor.o(i.milk_time_cap) refers to stm32f1xx_hal_tim.o(i.HAL_TIM_Base_Stop) for HAL_TIM_Base_Stop
    sensor.o(i.milk_time_cap) refers to tim.o(.bss) for htim3
    sensor.o(i.milk_trig_send) refers to stm32f1xx_hal_gpio.o(i.HAL_GPIO_WritePin) for HAL_GPIO_WritePin
    sensor.o(i.milk_trig_send) refers to main.o(i.HAL_Delay_us) for HAL_Delay_us
    sensor.o(i.sugar_time_cap) refers to stm32f1xx_hal_gpio.o(i.HAL_GPIO_ReadPin) for HAL_GPIO_ReadPin
    sensor.o(i.sugar_time_cap) refers to stm32f1xx_hal_tim.o(i.HAL_TIM_Base_Start) for HAL_TIM_Base_Start
[...]
    ../Drivers/STM32F1xx_HAL_Driver/Src/stm32f1xx_hal_exti.c 0x00000000   Number         0  stm32f1xx_hal_exti.o ABSOLUTE
    ../Drivers/STM32F1xx_HAL_Driver/Src/stm32f1xx_hal_flash.c 0x00000000   Number         0  stm32f1xx_hal_flash.o ABSOLUTE
    ../Drivers/STM32F1xx_HAL_Driver/Src/stm32f1xx_hal_flash_ex.c 0x00000000   Number         0  stm32f1xx_hal_flash_ex.o ABSOLUTE
    ../Drivers/STM32F1xx_HAL_Driver/Src/stm32f1xx_hal_gpio.c 0x00000000   Number         0  stm32f1xx_hal_gpio.o ABSOLUTE
    ../Drivers/STM32F1xx_HAL_Driver/Src/stm32f1xx_hal_gpio_ex.c 0x00000000   Number         0  stm32f1xx_hal_gpio_ex.o ABSOLUTE
    ../Drivers/STM32F1xx_HAL_Driver/Src/stm32f1xx_hal_pwr.c 0x00000000   Number         0  stm32f1xx_hal_pwr.o ABSOLUTE
    ../Drivers/STM32F1xx_HAL_Driver/Src/stm32f1xx_hal_rcc.c 0x00000000   Number         0  stm32f1xx_hal_rcc.o ABSOLUTE
    ../Drivers/STM32F1xx_HAL_Driver/Src/stm32f1xx_hal_rcc_ex.c 0x00000000   Number         0  stm32f1xx_hal_rcc_ex.o ABSOLUTE
    ../Drivers/STM32F1xx_HAL_Driver/Src/stm32f1xx_hal_tim.c 0x00000000   Number         0  stm32f1xx_hal_tim.o ABSOLUTE
    ../Drivers/STM32F1xx_HAL_Driver/Src/stm32f1xx_hal_tim_ex.c 0x00000000   Number         0  stm32f1xx_hal_tim_ex.o ABSOLUTE
    ../Drivers/STM32F1xx_HAL_Driver/Src/stm32f1xx_hal_uart.c 0x00000000   Number         0  stm32f1xx_hal_uart.o ABSOLUTE
    ../clib/microlib/ctype/ctype.c           0x00000000   Number         0  ctype_c.o ABSOLUTE
    ../clib/microlib/ctype/ctype.c           0x00000000   Number         0  isspace_c.o ABSOLUTE
    ../clib/microlib/ctype/tolower.c         0x00000000   Number         0  tolower.o ABSOLUTE
    ../clib/microlib/division.c              0x00000000   Number         0  uidiv.o ABSOLUTE
    ../clib/microlib/division.c              0x00000000   Number         0  uldiv.o ABSOLUTE
    ../clib/microlib/init/entry.s            0x00000000   Number         0  entry11a.o ABSOLUTE
    ../clib/microlib/init/entry.s            0x00000000   Number         0  entry9b.o ABSOLUTE
    ../clib/microlib/init/entry.s            0x00000000   Number         0  entry8a.o ABSOLUTE
    ../clib/microlib/init/entry.s            0x00000000   Number         0  entry7a.o ABSOLUTE
    ../clib/microlib/init/entry.s            0x00000000   Number         0  entry10b.o ABSOLUTE
    ../clib/microlib/init/entry.s            0x00000000   Number         0  entry7b.o ABSOLUTE
    ../clib/microlib/init/entry.s            0x00000000   Number         0  entry10a.o ABSOLUTE
    ../clib/microlib/init/entry.s            0x00000000   Number         0  entry5.o ABSOLUTE
    ../clib/microlib/init/entry.s            0x00000000   Number         0  entry9a.o ABSOLUTE
    ../clib/microlib/init/entry.s            0x00000000   Number         0  entry11b.o ABSOLUTE
    ../clib/microlib/init/entry.s            0x00000000   Number         0  entry8b.o ABSOLUTE
    ../clib/microlib/init/entry.s            0x00000000   Number         0  entry2.o ABSOLUTE
    ../clib/microlib/init/entry.s            0x00000000   Number         0  entry.o ABSOLUTE
    ../clib/microlib/longlong.c              0x00000000   Number         0  llushr.o ABSOLUTE
    ../clib/microlib/longlong.c              0x00000000   Number         0  llsshr.o ABSOLUTE
    ../clib/microlib/longlong.c              0x00000000   Number         0  llshl.o ABSOLUTE
    ../clib/microlib/malloc/malloc.c         0x00000000   Number         0  mallocra.o ABSOLUTE
    ../clib/microlib/malloc/malloc.c         0x00000000   Number         0  malloc.o ABSOLUTE
    ../clib/microlib/malloc/malloc.c         0x00000000   Number         0  mallocr.o ABSOLUTE
    ../clib/microlib/malloc/malloc.c         0x00000000   Number         0  malloca.o ABSOLUTE
    ../clib/microlib/malloc/mvars.c          0x00000000   Number         0  mvars.o ABSOLUTE
    ../clib/microlib/printf/printf.c         0x00000000   Number         0  printf0.o ABSOLUTE
    ../clib/microlib/printf/printf.c         0x00000000   Number         0  printf7.o ABSOLUTE
    ../clib/microlib/printf/printf.c         0x00000000   Number         0  printf6.o ABSOLUTE
    ../clib/microlib/printf/printf.c         0x00000000   Number         0  printf2.o ABSOLUTE
    ../clib/microlib/printf/printf.c         0x00000000   Number         0  printf5.o ABSOLUTE
    ../clib/microlib/printf/printf.c         0x00000000   Number         0  printf8.o ABSOLUTE
    ../clib/microlib/printf/printf.c         0x00000000   Number         0  printf3.o ABSOLUTE
    ../clib/microlib/printf/printf.c         0x00000000   Number         0  printf1.o ABSOLUTE
    ../clib/microlib/printf/printf.c         0x00000000   Number         0  printfb.o ABSOLUTE
    ../clib/microlib/printf/printf.c         0x00000000   Number         0  printfa.o ABSOLUTE
    ../clib/microlib/printf/printf.c         0x00000000   Number         0  printf4.o ABSOLUTE
    ../clib/microlib/printf/stubs.s          0x00000000   Number         0  stubs.o ABSOLUTE
    ../clib/microlib/stdio/streams.c         0x00000000   Number         0  stdout.o ABSOLUTE
    ../clib/microlib/string/memcpy.c         0x00000000   Number         0  memcpya.o ABSOLUTE
    ../clib/microlib/string/memcpy.c         0x00000000   Number         0  memcpyb.o ABSOLUTE
    ../clib/microlib/string/memset.c         0x00000000   Number         0  memseta.o ABSOLUTE
    ../clib/microlib/string/strcmp.c         0x00000000   Number         0  strcmp.o ABSOLUTE
    ../clib/microlib/string/strcpy.c         0x00000000   Number         0  strcpy.o ABSOLUTE
    ../clib/microlib/string/strlen.c         0x00000000   Number         0  strlen.o ABSOLUTE
    ../clib/microlib/string/strncmp.c        0x00000000   Number         0  strncmp.o ABSOLUTE
    ../clib/microlib/stubs.s                 0x00000000   Number         0  iusefp.o ABSOLUTE
    ../clib/scanf.c                          0x00000000   Number         0  strtod.o ABSOLUTE
    ../clib/scanf.c                          0x00000000   Number         0  _sgetc.o ABSOLUTE
    ../clib/scanf.c                          0x00000000   Number         0  scanf_char.o ABSOLUTE
    ../clib/scanf.c                          0x00000000   Number         0  __0sscanf.o ABSOLUTE
    ../clib/scanf.c                          0x00000000   Number         0  scanf_fp.o ABSOLUTE
    ../clib/scanf.c                          0x00000000   Number         0  _scanf.o ABSOLUTE
    ../fplib/microlib/d2f.c                  0x00000000   Number         0  d2f.o ABSOLUTE
    ../fplib/microlib/f2d.c                  0x00000000   Number         0  f2d.o ABSOLUTE
    ../fplib/microlib/fpadd.c                0x00000000   Number         0  fadd.o ABSOLUTE
    ../fplib/microlib/fpadd.c                0x00000000   Number         0  dadd.o ABSOLUTE
    ../fplib/microlib/fpdiv.c                0x00000000   Number         0  fdiv.o ABSOLUTE
    ../fplib/microlib/fpdiv.c                0x00000000   Number         0  ddiv.o ABSOLUTE
    ../fplib/microlib/fpepilogue.c           0x00000000   Number         0  depilogue.o ABSOLUTE
    ../fplib/microlib/fpepilogue.c           0x00000000   Number         0  fepilogue.o ABSOLUTE
    ../fplib/microlib/fpfix.c                0x00000000   Number         0  dfixi.o ABSOLUTE
    ../fplib/microlib/fpfix.c                0x00000000   Number         0  dfixul.o ABSOLUTE
    ../fplib/microlib/fpflt.c                0x00000000   Number         0  dfltui.o ABSOLUTE
    ../fplib/microlib/fpflt.c                0x00000000   Number         0  dflti.o ABSOLUTE
    ../fplib/microlib/fpflt.c                0x00000000   Number         0  ffltui.o ABSOLUTE
    ../fplib/microlib/fpflt.c                0x00000000   Number         0  dfltul.o ABSOLUTE
    ../fplib/microlib/fpmul.c                0x00000000   Number         0  dmul.o ABSOLUTE
    ../fplib/microlib/fpscalb.c              0x00000000   Number         0  dscalb.o ABSOLUTE
    ../mathlib/strtod.c                      0x00000000   Number         0  strtod.o ABSOLUTE
    ..\Core\Src\cJSON.c                      0x00000000   Number         0  cjson.o ABSOLUTE
    ..\Core\Src\connect.c                    0x00000000   Number         0  connect.o ABSOLUTE
    ..\Core\Src\dma.c                        0x00000000   Number         0  dma.o ABSOLUTE
    ..\Core\Src\func.c                       0x00000000   Number         0  func.o ABSOLUTE
    ..\Core\Src\gpio.c                       0x00000000   Number         0  gpio.o ABSOLUTE
    ..\Core\Src\main.c                       0x00000000   Number         0  main.o ABSOLUTE
    ..\Core\Src\sensor.c                     0x00000000   Number         0  sensor.o ABSOLUTE
    ..\Core\Src\stm32f1xx_hal_msp.c          0x00000000   Number         0  stm32f1xx_hal_msp.o ABSOLUTE
    ..\Core\Src\stm32f1xx_it.c               0x00000000   Number         0  stm32f1xx_it.o ABSOLUTE
    ..\Core\Src\sys.c                        0x00000000   Number         0  sys.o ABSOLUTE
    ..\Core\Src\system_stm32f1xx.c           0x00000000   Number         0  system_stm32f1xx.o ABSOLUTE
    ..\Core\Src\tim.c                        0x00000000   Number         0  tim.o ABSOLUTE
    ..\Core\Src\usart.c                      0x00000000   Number         0  usart.o ABSOLUTE
    ..\Drivers\STM32F1xx_HAL_Driver\Src\stm32f1xx_hal.c 0x00000000   Number         0  stm32f1xx_hal.o ABSOLUTE
    ..\Drivers\STM32F1xx_HAL_Driver\Src\stm32f1xx_hal_cortex.c 0x00000000   Number         0  stm32f1xx_hal_cortex.o ABSOLUTE
    ..\Drivers\STM32F1xx_HAL_Driver\Src\stm32f1xx_hal_dma.c 0x00000000   Number         0  stm32f1xx_hal_dma.o ABSOLUTE
    ..\Drivers\STM32F1xx_HAL_Driver\Src\stm32f1xx_hal_exti.c 0x00000000   Number         0  stm32f1xx_hal_exti.o ABSOLUTE
    ..\Drivers\STM32F1xx_HAL_Driver\Src\stm32f1xx_hal_flash.c 0x00000000   Number         0  stm32f1xx_hal_flash.o ABSOLUTE
    ..\Drivers\STM32F1xx_HAL_Driver\Src\stm32f1xx_hal_flash_ex.c 0x00000000   Number         0  stm32f1xx_hal_flash_ex.o ABSOLUTE
    ..\Drivers\STM32F1xx_HAL_Driver\Src\stm32f1xx_hal_gpio.c 0x00000000   Number         0  stm32f1xx_hal_gpio.o ABSOLUTE
    ..\Drivers\STM32F1xx_HAL_Driver\Src\stm32f1xx_hal_gpio_ex.c 0x00000000   Number         0  stm32f1xx_hal_gpio_ex.o ABSOLUTE
    ..\Drivers\STM32F1xx_HAL_Driver\Src\stm32f1xx_hal_pwr.c 0x00000000   Number         0  stm32f1xx_hal_pwr.o ABSOLUTE
    ..\Drivers\STM32F1xx_HAL_Driver\Src\stm32f1xx_hal_rcc.c 0x00000000   Number         0  stm32f1xx_hal_rcc.o ABSOLUTE
    ..\Drivers\STM32F1xx_HAL_Driver\Src\stm32f1xx_hal_rcc_ex.c 0x00000000   Number         0  stm32f1xx_hal_rcc_ex.o ABSOLUTE
    ..\Drivers\STM32F1xx_HAL_Driver\Src\stm32f1xx_hal_tim.c 0x00000000   Number         0  stm32f1xx_hal_tim.o ABSOLUTE
    ..\Drivers\STM32F1xx_HAL_Driver\Src\stm32f1xx_hal_tim_ex.c 0x00000000   Number         0  stm32f1xx_hal_tim_ex.o ABSOLUTE
    ..\Drivers\STM32F1xx_HAL_Driver\Src\stm32f1xx_hal_uart.c 0x00000000   Number         0  stm32f1xx_hal_uart.o ABSOLUTE
    ..\\Core\\Src\\connect.c                 0x00000000   Number         0  connect.o ABSOLUTE
    ..\\Core\\Src\\func.c                    0x00000000   Number         0  func.o ABSOLUTE
    ..\\Core\\Src\\sensor.c                  0x00000000   Number         0  sensor.o ABSOLUTE
    ..\\Core\\Src\\sys.c                     0x00000000   Number         0  sys.o ABSOLUTE
    cdcmple.s                                0x00000000   Number         0  cdcmple.o ABSOLUTE
    cdrcmple.s                               0x00000000   Number         0  cdrcmple.o ABSOLUTE
    cfcmple.s                                0x00000000   Number         0  cfcmple.o ABSOLUTE
    dc.s                                     0x00000000   Number         0  dc.o ABSOLUTE
    handlers.s                               0x00000000   Number         0  handlers.o ABSOLUTE
    init.s                                   0x00000000   Number         0  init.o ABSOLUTE
    startup_stm32f103xe.s                    0x00000000   Number         0  startup_stm32f103xe.o ABSOLUTE
    RESET                                    0x08000000   Section      304  startup_stm32f103xe.o(RESET)
    .ARM.Collect$$$$00000000                 0x08000130   Section        0  entry.o(.ARM.Collect$$$$00000000)
    .ARM.Collect$$$$00000001                 0x08000130   Section        4  entry2.o(.ARM.Collect$$$$00000001)
    .ARM.Collect$$$$00000004                 0x08000134   Section        4  entry5.o(.ARM.Collect$$$$00000004)
    .ARM.Collect$$$$00000008                 0x08000138   Section        0  entry7b.o(.ARM.Collect$$$$00000008)
    .ARM.Collect$$$$0000000A                 0x08000138   Section        0  entry8b.o(.ARM.Collect$$$$0000000A)
    .ARM.Collect$$$$0000000B                 0x08000138   Section        8  entry9a.o(.ARM.Collect$$$$0000000B)
    .ARM.Collect$$$$0000000D                 0x08000140   Section        0  entry10a.o(.ARM.Collect$$$$0000000D)
    .ARM.Collect$$$$0000000F                 0x08000140   Section        0  entry11a.o(.ARM.Collect$$$$0000000F)
    .ARM.Collect$$$$00002712                 0x08000140   Section        4  entry2.o(.ARM.Collect$$$$00002712)
    __lit__00000000                          0x08000140   Data           4  entry2.o(.ARM.Collect$$$$00002712)
    .text                                    0x08000144   Section       36  startup_stm32f103xe.o(.text)
    .text                                    0x08000168   Section        0  llushr.o(.text)
    .text                                    0x08000188   Section        0  memcpya.o(.text)
    .text                                    0x080001ac   Section        0  memseta.o(.text)
    .text                                    0x080001d0   Section        0  strlen.o(.text)
    .text                                    0x080001de   Section        0  strcpy.o(.text)
    .text                                    0x080001f0   Section        0  __0sscanf.o(.text)
    .text                                    0x08000228   Section        0  scanf_fp.o(.text)
    _fp_value                                0x08000229   Thumb Code   296  scanf_fp.o(.text)
    .text                                    0x08000588   Section        0  dadd.o(.text)
    .text                                    0x080006d6   Section        0  dmul.o(.text)
    .text                                    0x080007ba   Section        0  dscalb.o(.text)
    .text                                    0x080007e8   Section        0  dflti.o(.text)
    .text                                    0x0800080a   Section        0  dfixi.o(.text)
    .text                                    0x08000848   Section       48  cdcmple.o(.text)
    .text                                    0x08000878   Section       48  cdrcmple.o(.text)
    .text                                    0x080008a8   Section        0  d2f.o(.text)
    .text                                    0x080008e0   Section        0  uidiv.o(.text)
    .text                                    0x0800090c   Section        0  uldiv.o(.text)
    .text                                    0x0800096e   Section        0  llshl.o(.text)
    .text                                    0x0800098c   Section        0  llsshr.o(.text)
    .text                                    0x080009b0   Section        0  scanf_char.o(.text)
    _scanf_char_input                        0x080009b1   Thumb Code    12  scanf_char.o(.text)
    .text                                    0x080009d8   Section        0  _sgetc.o(.text)
    .text                                    0x08000a18   Section        0  fepilogue.o(.text)
    .text                                    0x08000a18   Section        0  iusefp.o(.text)
    .text                                    0x08000a86   Section        0  depilogue.o(.text)
    .text                                    0x08000b40   Section        0  ddiv.o(.text)
    .text                                    0x08000c1e   Section        0  dfltul.o(.text)
    .text                                    0x08000c36   Section        0  dfixul.o(.text)
    .text                                    0x08000c68   Section       36  init.o(.text)
    .text                                    0x08000c8c   Section        0  isspace_c.o(.text)
    .text                                    0x08000c98   Section        0  _scanf.o(.text)
    .text                                    0x08000fc4   Section        0  ctype_c.o(.text)
    i.BusFault_Handler                       0x08000fec   Section        0  stm32f1xx_it.o(i.BusFault_Handler)
    i.DMA1_Channel4_IRQHandler               0x08000ff0   Section        0  stm32f1xx_it.o(i.DMA1_Channel4_IRQHandler)
    i.DMA1_Channel5_IRQHandler               0x08000ffc   Section        0  stm32f1xx_it.o(i.DMA1_Channel5_IRQHandler)
    i.DMA_SetConfig                          0x08001008   Section        0  stm32f1xx_hal_dma.o(i.DMA_SetConfig)
    DMA_SetConfig                            0x08001009   Thumb Code    42  stm32f1xx_hal_dma.o(i.DMA_SetConfig)
    i.DebugMon_Handler                       0x08001032   Section        0  stm32f1xx_it.o(i.DebugMon_Handler)
    i.Error_Handler                          0x08001034   Section        0  main.o(i.Error_Handler)
    i.HAL_DMA_Abort                          0x08001038   Section        0  stm32f1xx_hal_dma.o(i.HAL_DMA_Abort)
    i.HAL_DMA_Abort_IT                       0x08001080   Section        0  stm32f1xx_hal_dma.o(i.HAL_DMA_Abort_IT)
    i.HAL_DMA_GetState                       0x080011b0   Section        0  stm32f1xx_hal_dma.o(i.HAL_DMA_GetState)
    i.HAL_DMA_IRQHandler                     0x080011b8   Section        0  stm32f1xx_hal_dma.o(i.HAL_DMA_IRQHandler)
    i.HAL_DMA_Init                           0x08001400   Section        0  stm32f1xx_hal_dma.o(i.HAL_DMA_Init)
    i.HAL_DMA_Start_IT                       0x0800147c   Section        0  stm32f1xx_hal_dma.o(i.HAL_DMA_Start_IT)
    i.HAL_Delay                              0x080014ec   Section        0  stm32f1xx_hal.o(i.HAL_Delay)
    i.HAL_GPIO_Init                          0x08001510   Section        0  stm32f1xx_hal_gpio.o(i.HAL_GPIO_Init)
    i.HAL_GPIO_WritePin                      0x08001708   Section        0  stm32f1xx_hal_gpio.o(i.HAL_GPIO_WritePin)
    i.HAL_GetTick                            0x08001714   Section        0  stm32f1xx_hal.o(i.HAL_GetTick)
    i.HAL_IncTick                            0x08001720   Section        0  stm32f1xx_hal.o(i.HAL_IncTick)
    i.HAL_Init                               0x08001730   Section        0  stm32f1xx_hal.o(i.HAL_Init)
    i.HAL_InitTick                           0x08001754   Section        0  stm32f1xx_hal.o(i.HAL_InitTick)
    i.HAL_MspInit                            0x08001794   Section        0  stm32f1xx_hal_msp.o(i.HAL_MspInit)
    i.HAL_NVIC_EnableIRQ                     0x080017d0   Section        0  stm32f1xx_hal_cortex.o(i.HAL_NVIC_EnableIRQ)
    i.HAL_NVIC_SetPriority                   0x080017ec   Section        0  stm32f1xx_hal_cortex.o(i.HAL_NVIC_SetPriority)
    i.HAL_NVIC_SetPriorityGrouping           0x0800182c   Section        0  stm32f1xx_hal_cortex.o(i.HAL_NVIC_SetPriorityGrouping)
    i.HAL_RCC_ClockConfig                    0x08001850   Section        0  stm32f1xx_hal_rcc.o(i.HAL_RCC_ClockConfig)
    i.HAL_RCC_GetPCLK1Freq                   0x0800197c   Section        0  stm32f1xx_hal_rcc.o(i.HAL_RCC_GetPCLK1Freq)
    i.HAL_RCC_GetPCLK2Freq                   0x0800199c   Section        0  stm32f1xx_hal_rcc.o(i.HAL_RCC_GetPCLK2Freq)
    i.HAL_RCC_GetSysClockFreq                0x080019bc   Section        0  stm32f1xx_hal_rcc.o(i.HAL_RCC_GetSysClockFreq)
    i.HAL_RCC_OscConfig                      0x08001a28   Section        0  stm32f1xx_hal_rcc.o(i.HAL_RCC_OscConfig)
    i.HAL_SYSTICK_Config                     0x08001d48   Section        0  stm32f1xx_hal_cortex.o(i.HAL_SYSTICK_Config)
    i.HAL_TIMEx_BreakCallback                0x08001d70   Section        0  stm32f1xx_hal_tim_ex.o(i.HAL_TIMEx_BreakCallback)
    i.HAL_TIMEx_CommutCallback               0x08001d72   Section        0  stm32f1xx_hal_tim_ex.o(i.HAL_TIMEx_CommutCallback)
    i.HAL_TIMEx_MasterConfigSynchronization  0x08001d74   Section        0  stm32f1xx_hal_tim_ex.o(i.HAL_TIMEx_MasterConfigSynchronization)
    i.HAL_TIM_Base_Init                      0x08001df0   Section        0  stm32f1xx_hal_tim.o(i.HAL_TIM_Base_Init)
    i.HAL_TIM_Base_MspInit                   0x08001e4c   Section        0  tim.o(i.HAL_TIM_Base_MspInit)
    i.HAL_TIM_ConfigClockSource              0x08001eb0   Section        0  stm32f1xx_hal_tim.o(i.HAL_TIM_ConfigClockSource)
    i.HAL_TIM_IC_CaptureCallback             0x08001f86   Section        0  stm32f1xx_hal_tim.o(i.HAL_TIM_IC_CaptureCallback)
    i.HAL_TIM_IRQHandler                     0x08001f88   Section        0  stm32f1xx_hal_tim.o(i.HAL_TIM_IRQHandler)
    i.HAL_TIM_OC_DelayElapsedCallback        0x080020ee   Section        0  stm32f1xx_hal_tim.o(i.HAL_TIM_OC_DelayElapsedCallback)
    i.HAL_TIM_PWM_PulseFinishedCallback      0x080020f0   Section        0  stm32f1xx_hal_tim.o(i.HAL_TIM_PWM_PulseFinishedCallback)
    i.HAL_TIM_PeriodElapsedCallback          0x080020f2   Section        0  stm32f1xx_hal_tim.o(i.HAL_TIM_PeriodElapsedCallback)
    i.HAL_TIM_TriggerCallback                0x080020f4   Section        0  stm32f1xx_hal_tim.o(i.HAL_TIM_TriggerCallback)
    i.HAL_UARTEx_RxEventCallback             0x080020f6   Section        0  stm32f1xx_hal_uart.o(i.HAL_UARTEx_RxEventCallback)
    i.HAL_UART_ErrorCallback                 0x080020f8   Section        0  stm32f1xx_hal_uart.o(i.HAL_UART_ErrorCallback)
    i.HAL_UART_IRQHandler                    0x080020fc   Section        0  stm32f1xx_hal_uart.o(i.HAL_UART_IRQHandler)
    i.HAL_UART_Init                          0x08002308   Section        0  stm32f1xx_hal_uart.o(i.HAL_UART_Init)
    i.HAL_UART_MspInit                       0x0800236c   Section        0  usart.o(i.HAL_UART_MspInit)
    i.HAL_UART_Receive_DMA                   0x080024d8   Section        0  stm32f1xx_hal_uart.o(i.HAL_UART_Receive_DMA)
    i.HAL_UART_Receive_IT                    0x08002502   Section        0  stm32f1xx_hal_uart.o(i.HAL_UART_Receive_IT)
    i.HAL_UART_RxCpltCallback                0x0800252c   Section        0  connect.o(i.HAL_UART_RxCpltCallback)
    i.HAL_UART_RxHalfCpltCallback            0x0800257c   Section        0  stm32f1xx_hal_uart.o(i.HAL_UART_RxHalfCpltCallback)
    i.HAL_UART_Transmit_DMA                  0x08002580   Section        0  stm32f1xx_hal_uart.o(i.HAL_UART_Transmit_DMA)
    i.HAL_UART_TxCpltCallback                0x08002600   Section        0  stm32f1xx_hal_uart.o(i.HAL_UART_TxCpltCallback)
    i.HAL_UART_TxHalfCpltCallback            0x08002602   Section        0  stm32f1xx_hal_uart.o(i.HAL_UART_TxHalfCpltCallback)
    i.HardFault_Handler                      0x08002604   Section        0  stm32f1xx_it.o(i.HardFault_Handler)
    i.MX_DMA_Init                            0x08002608   Section        0  dma.o(i.MX_DMA_Init)
    i.MX_GPIO_Init                           0x08002644   Section        0  gpio.o(i.MX_GPIO_Init)
    i.MX_TIM3_Init                           0x08002730   Section        0  tim.o(i.MX_TIM3_Init)
    i.MX_TIM4_Init                           0x08002798   Section        0  tim.o(i.MX_TIM4_Init)
    i.MX_USART1_UART_Init                    0x08002800   Section        0  usart.o(i.MX_USART1_UART_Init)
    i.MX_USART2_UART_Init                    0x08002838   Section        0  usart.o(i.MX_USART2_UART_Init)
    i.MX_USART3_UART_Init                    0x08002870   Section        0  usart.o(i.MX_USART3_UART_Init)
    i.MemManage_Handler                      0x080028a8   Section        0  stm32f1xx_it.o(i.MemManage_Handler)
    i.NMI_Handler                            0x080028aa   Section        0  stm32f1xx_it.o(i.NMI_Handler)
    i.PendSV_Handler                         0x080028ac   Section        0  stm32f1xx_it.o(i.PendSV_Handler)
    i.SVC_Handler                            0x080028ae   Section        0  stm32f1xx_it.o(i.SVC_Handler)
    i.SysTick_Handler                        0x080028b0   Section        0  stm32f1xx_it.o(i.SysTick_Handler)
    i.SystemClock_Config                     0x080028b4   Section        0  main.o(i.SystemClock_Config)
    i.SystemInit                             0x08002912   Section        0  system_stm32f1xx.o(i.SystemInit)
    i.TIM3_IRQHandler                        0x08002914   Section        0  stm32f1xx_it.o(i.TIM3_IRQHandler)
    i.TIM4_IRQHandler                        0x08002920   Section        0  stm32f1xx_it.o(i.TIM4_IRQHandler)
    i.TIM_Base_SetConfig                     0x0800292c   Section        0  stm32f1xx_hal_tim.o(i.TIM_Base_SetConfig)
    i.TIM_ETR_SetConfig                      0x080029b8   Section        0  stm32f1xx_hal_tim.o(i.TIM_ETR_SetConfig)
    i.TIM_ITRx_SetConfig                     0x080029cc   Section        0  stm32f1xx_hal_tim.o(i.TIM_ITRx_SetConfig)
    TIM_ITRx_SetConfig                       0x080029cd   Thumb Code    16  stm32f1xx_hal_tim.o(i.TIM_ITRx_SetConfig)
    i.TIM_TI1_ConfigInputStage               0x080029dc   Section        0  stm32f1xx_hal_tim.o(i.TIM_TI1_ConfigInputStage)
    TIM_TI1_ConfigInputStage                 0x080029dd   Thumb Code    34  stm32f1xx_hal_tim.o(i.TIM_TI1_ConfigInputStage)
    i.TIM_TI2_ConfigInputStage               0x080029fe   Section        0  stm32f1xx_hal_tim.o(i.TIM_TI2_ConfigInputStage)
    TIM_TI2_ConfigInputStage                 0x080029ff   Thumb Code    36  stm32f1xx_hal_tim.o(i.TIM_TI2_ConfigInputStage)
    i.UART_DMAAbortOnError                   0x08002a22   Section        0  stm32f1xx_hal_uart.o(i.UART_DMAAbortOnError)
    UART_DMAAbortOnError                     0x08002a23   Thumb Code    16  stm32f1xx_hal_uart.o(i.UART_DMAAbortOnError)
    i.UART_DMAError                          0x08002a32   Section        0  stm32f1xx_hal_uart.o(i.UART_DMAError)
    UART_DMAError                            0x08002a33   Thumb Code    74  stm32f1xx_hal_uart.o(i.UART_DMAError)
    i.UART_DMAReceiveCplt                    0x08002a7c   Section        0  stm32f1xx_hal_uart.o(i.UART_DMAReceiveCplt)
    UART_DMAReceiveCplt                      0x08002a7d   Thumb Code    90  stm32f1xx_hal_uart.o(i.UART_DMAReceiveCplt)
    i.UART_DMARxHalfCplt                     0x08002ad6   Section        0  stm32f1xx_hal_uart.o(i.UART_DMARxHalfCplt)
    UART_DMARxHalfCplt                       0x08002ad7   Thumb Code    26  stm32f1xx_hal_uart.o(i.UART_DMARxHalfCplt)
    i.UART_DMATransmitCplt                   0x08002af0   Section        0  stm32f1xx_hal_uart.o(i.UART_DMATransmitCplt)
    UART_DMATransmitCplt                     0x08002af1   Thumb Code    46  stm32f1xx_hal_uart.o(i.UART_DMATransmitCplt)
    i.UART_DMATxHalfCplt                     0x08002b1e   Section        0  stm32f1xx_hal_uart.o(i.UART_DMATxHalfCplt)
    UART_DMATxHalfCplt                       0x08002b1f   Thumb Code    10  stm32f1xx_hal_uart.o(i.UART_DMATxHalfCplt)
    i.UART_EndRxTransfer                     0x08002b28   Section        0  stm32f1xx_hal_uart.o(i.UART_EndRxTransfer)
    UART_EndRxTransfer                       0x08002b29   Thumb Code    48  stm32f1xx_hal_uart.o(i.UART_EndRxTransfer)
    i.UART_EndTxTransfer                     0x08002b58   Section        0  stm32f1xx_hal_uart.o(i.UART_EndTxTransfer)
    UART_EndTxTransfer                       0x08002b59   Thumb Code    18  stm32f1xx_hal_uart.o(i.UART_EndTxTransfer)
    i.UART_Receive_IT                        0x08002b6a   Section        0  stm32f1xx_hal_uart.o(i.UART_Receive_IT)
    UART_Receive_IT                          0x08002b6b   Thumb Code   182  stm32f1xx_hal_uart.o(i.UART_Receive_IT)
    i.UART_SetConfig                         0x08002c20   Section        0  stm32f1xx_hal_uart.o(i.UART_SetConfig)
    UART_SetConfig                           0x08002c21   Thumb Code   178  stm32f1xx_hal_uart.o(i.UART_SetConfig)
    i.UART_Start_Receive_DMA                 0x08002cd8   Section        0  stm32f1xx_hal_uart.o(i.UART_Start_Receive_DMA)
    i.UART_Start_Receive_IT                  0x08002d48   Section        0  stm32f1xx_hal_uart.o(i.UART_Start_Receive_IT)
    i.USART1_IRQHandler                      0x08002d80   Section        0  stm32f1xx_it.o(i.USART1_IRQHandler)
    i.UsageFault_Handler                     0x08002d8c   Section        0  stm32f1xx_it.o(i.UsageFault_Handler)
    i.__0sprintf                             0x08002d90   Section        0  printfa.o(i.__0sprintf)
    i.__NVIC_SetPriority                     0x08002db8   Section        0  stm32f1xx_hal_cortex.o(i.__NVIC_SetPriority)
    __NVIC_SetPriority                       0x08002db9   Thumb Code    32  stm32f1xx_hal_cortex.o(i.__NVIC_SetPriority)
    i.__free$realloc                         0x08002dd8   Section        0  mallocr.o(i.__free$realloc)
    i.__malloc$realloc                       0x08002e34   Section        0  mallocr.o(i.__malloc$realloc)
    i.__scatterload_copy                     0x08002e84   Section       14  handlers.o(i.__scatterload_copy)
    i.__scatterload_null                     0x08002e92   Section        2  handlers.o(i.__scatterload_null)
    i.__scatterload_zeroinit                 0x08002e94   Section       14  handlers.o(i.__scatterload_zeroinit)
    i._fp_digits                             0x08002ea4   Section        0  printfa.o(i._fp_digits)
    _fp_digits                               0x08002ea5   Thumb Code   366  printfa.o(i._fp_digits)
    i._is_digit                              0x08003028   Section        0  scanf_fp.o(i._is_digit)
    i._printf_core                           0x08003038   Section        0  printfa.o(i._printf_core)
    _printf_core                             0x08003039   Thumb Code  1744  printfa.o(i._printf_core)
    i._printf_post_padding                   0x08003714   Section        0  printfa.o(i._printf_post_padding)
    _printf_post_padding                     0x08003715   Thumb Code    36  printfa.o(i._printf_post_padding)
    i._printf_pre_padding                    0x08003738   Section        0  printfa.o(i._printf_pre_padding)
    _printf_pre_padding                      0x08003739   Thumb Code    46  printfa.o(i._printf_pre_padding)
    i._sputc                                 0x08003766   Section        0  printfa.o(i._sputc)
    _sputc                                   0x08003767   Thumb Code    10  printfa.o(i._sputc)
    i.add_item_to_array                      0x08003770   Section        0  cjson.o(i.add_item_to_array)
    add_item_to_array                        0x08003771   Thumb Code    42  cjson.o(i.add_item_to_array)
    i.add_item_to_object                     0x0800379a   Section        0  cjson.o(i.add_item_to_object)
    add_item_to_object                       0x0800379b   Thumb Code    90  cjson.o(i.add_item_to_object)
    i.cJSON_AddItemToObject                  0x080037f4   Section        0  cjson.o(i.cJSON_AddItemToObject)
    i.cJSON_AddNumberToObject                0x08003808   Section        0  cjson.o(i.cJSON_AddNumberToObject)
    i.cJSON_AddStringToObject                0x0800383c   Section        0  cjson.o(i.cJSON_AddStringToObject)
    i.cJSON_CreateNumber                     0x0800386c   Section        0  cjson.o(i.cJSON_CreateNumber)
    i.cJSON_CreateObject                     0x080038cc   Section        0  cjson.o(i.cJSON_CreateObject)
    i.cJSON_CreateString                     0x080038e4   Section        0  cjson.o(i.cJSON_CreateString)
    i.cJSON_Delete                           0x08003914   Section        0  cjson.o(i.cJSON_Delete)
    i.cJSON_New_Item                         0x0800395c   Section        0  cjson.o(i.cJSON_New_Item)
    cJSON_New_Item                           0x0800395d   Thumb Code    22  cjson.o(i.cJSON_New_Item)
    i.cJSON_Print                            0x08003974   Section        0  cjson.o(i.cJSON_Print)
    i.cJSON_strdup                           0x08003980   Section        0  cjson.o(i.cJSON_strdup)
    cJSON_strdup                             0x08003981   Thumb Code    40  cjson.o(i.cJSON_strdup)
    i.compare_double                         0x080039a8   Section        0  cjson.o(i.compare_double)
    compare_double                           0x080039a9   Thumb Code    88  cjson.o(i.compare_double)
    i.ensure                                 0x08003a00   Section        0  cjson.o(i.ensure)
    ensure                                   0x08003a01   Thumb Code   138  cjson.o(i.ensure)
    i.internal_alloc                         0x08003a8c   Section        0  mallocr.o(i.internal_alloc)
    internal_alloc                           0x08003a8d   Thumb Code    76  mallocr.o(i.internal_alloc)
    i.main                                   0x08003adc   Section        0  main.o(i.main)
    i.my_uart1_enable_interrupt              0x08003ba4   Section        0  connect.o(i.my_uart1_enable_interrupt)
    i.my_uart1_send_data                     0x08003bb8   Section        0  connect.o(i.my_uart1_send_data)
    i.print                                  0x08003be8   Section        0  cjson.o(i.print)
    print                                    0x08003be9   Thumb Code   152  cjson.o(i.print)
    i.print_array                            0x08003c80   Section        0  cjson.o(i.print_array)
    print_array                              0x08003c81   Thumb Code   150  cjson.o(i.print_array)
    i.print_number                           0x08003d18   Section        0  cjson.o(i.print_number)
    print_number                             0x08003d19   Thumb Code   236  cjson.o(i.print_number)
    i.print_object                           0x08003e28   Section        0  cjson.o(i.print_object)
    print_object                             0x08003e29   Thumb Code   320  cjson.o(i.print_object)
    i.print_string_ptr                       0x08003f68   Section        0  cjson.o(i.print_string_ptr)
    print_string_ptr                         0x08003f69   Thumb Code   258  cjson.o(i.print_string_ptr)
    i.print_value                            0x08004078   Section        0  cjson.o(i.print_value)
    print_value                              0x08004079   Thumb Code   182  cjson.o(i.print_value)
    i.realloc                                0x08004148   Section        0  mallocr.o(i.realloc)
    i.update_offset                          0x080041b4   Section        0  cjson.o(i.update_offset)
    update_offset                            0x080041b5   Thumb Code    28  cjson.o(i.update_offset)
    .constdata                               0x080041d0   Section       16  system_stm32f1xx.o(.constdata)
    .constdata                               0x080041e0   Section        8  system_stm32f1xx.o(.constdata)
    .constdata                               0x080041e8   Section       64  ctype_c.o(.constdata)
    .data                                    0x20000000   Section        2  connect.o(.data)
    .data                                    0x20000004   Section       20  cjson.o(.data)
    global_error                             0x20000004   Data           8  cjson.o(.data)
    global_hooks                             0x2000000c   Data          12  cjson.o(.data)
    .data                                    0x20000018   Section       12  stm32f1xx_hal.o(.data)
    .data                                    0x20000024   Section        4  system_stm32f1xx.o(.data)
    .data                                    0x20000028   Section        4  mvars.o(.data)
    .data                                    0x2000002c   Section        4  mvars.o(.data)
    .bss                                     0x20000030   Section      200  connect.o(.bss)
    .bss                                     0x200000f8   Section      144  tim.o(.bss)
    .bss                                     0x20000188   Section      340  usart.o(.bss)
    HEAP                                     0x200002e0   Section      512  startup_stm32f103xe.o(HEAP)
    STACK                                    0x200004e0   Section     1024  startup_stm32f103xe.o(STACK)

    Global Symbols

    Symbol Name                              Value     Ov Type        Size  Object(Section)

    BuildAttributes$$THM_ISAv4$P$D$K$B$S$PE$A:L22UL41UL21$X:L11$S22US41US21$IEEE1$IW$USESV6$~STKCKD$USESV7$~SHL$OTIME$ROPI$IEEEJ$EBA8$MICROLIB$REQ8$PRES8$EABIv2 0x00000000   Number         0  anon$$obj.o ABSOLUTE
    __ARM_use_no_argv                        0x00000000   Number         0  main.o ABSOLUTE
    _printf_a                                0x00000000   Number         0  stubs.o ABSOLUTE
    _printf_c                                0x00000000   Number         0  stubs.o ABSOLUTE
    _printf_charcount                        0x00000000   Number         0  stubs.o ABSOLUTE
    _printf_d                                0x00000000   Number         0  stubs.o ABSOLUTE
    _printf_e                                0x00000000   Number         0  stubs.o ABSOLUTE
    _printf_f                                0x00000000   Number         0  stubs.o ABSOLUTE
    _printf_flags                            0x00000000   Number         0  stubs.o ABSOLUTE
    _printf_fp_dec                           0x00000000   Number         0  stubs.o ABSOLUTE
    _printf_fp_hex                           0x00000000   Number         0  stubs.o ABSOLUTE
    _printf_g                                0x00000000   Number         0  stubs.o ABSOLUTE
    _printf_i                                0x00000000   Number         0  stubs.o ABSOLUTE
    _printf_int_dec                          0x00000000   Number         0  stubs.o ABSOLUTE
    _printf_l                                0x00000000   Number         0  stubs.o ABSOLUTE
    _printf_lc                               0x00000000   Number         0  stubs.o ABSOLUTE
    _printf_ll                               0x00000000   Number         0  stubs.o ABSOLUTE
    _printf_lld                              0x00000000   Number         0  stubs.o ABSOLUTE
    _printf_lli                              0x00000000   Number         0  stubs.o ABSOLUTE
    _printf_llo                              0x00000000   Number         0  stubs.o ABSOLUTE
    _printf_llu                              0x00000000   Number         0  stubs.o ABSOLUTE
    _printf_llx                              0x00000000   Number         0  stubs.o ABSOLUTE
    _printf_longlong_dec                     0x00000000   Number         0  stubs.o ABSOLUTE
    _printf_longlong_hex                     0x00000000   Number         0  stubs.o ABSOLUTE
    _printf_longlong_oct                     0x00000000   Number         0  stubs.o ABSOLUTE
    _printf_ls                               0x00000000   Number         0  stubs.o ABSOLUTE
    _printf_mbtowc                           0x00000000   Number         0  stubs.o ABSOLUTE
    _printf_n                                0x00000000   Number         0  stubs.o ABSOLUTE
    _printf_o                                0x00000000   Number         0  stubs.o ABSOLUTE
    _printf_p                                0x00000000   Number         0  stubs.o ABSOLUTE
    _printf_percent                          0x00000000   Number         0  stubs.o ABSOLUTE
    _printf_pre_padding                      0x00000000   Number         0  stubs.o ABSOLUTE
    _printf_return_value                     0x00000000   Number         0  stubs.o ABSOLUTE
    _printf_s                                0x00000000   Number         0  stubs.o ABSOLUTE
    _printf_sizespec                         0x00000000   Number         0  stubs.o ABSOLUTE
    _printf_str                              0x00000000   Number         0  stubs.o ABSOLUTE
    _printf_truncate_signed                  0x00000000   Number         0  stubs.o ABSOLUTE
    _printf_truncate_unsigned                0x00000000   Number         0  stubs.o ABSOLUTE
    _printf_u                                0x00000000   Number         0  stubs.o ABSOLUTE
    _printf_wc                               0x00000000   Number         0  stubs.o ABSOLUTE
    _printf_wctomb                           0x00000000   Number         0  stubs.o ABSOLUTE
    _printf_widthprec                        0x00000000   Number         0  stubs.o ABSOLUTE
    _printf_x                                0x00000000   Number         0  stubs.o ABSOLUTE
    __cpp_initialize__aeabi_                  - Undefined Weak Reference
    __cxa_finalize                            - Undefined Weak Reference
    __decompress                              - Undefined Weak Reference
    _clock_init                               - Undefined Weak Reference
    _microlib_exit                            - Undefined Weak Reference
    _scanf_int                                - Undefined Weak Reference
    _scanf_longlong                           - Undefined Weak Reference
    _scanf_string                             - Undefined Weak Reference
    __Vectors_Size                           0x00000130   Number         0  startup_stm32f103xe.o ABSOLUTE
    __Vectors                                0x08000000   Data           4  startup_stm32f103xe.o(RESET)
    __Vectors_End                            0x08000130   Data           0  startup_stm32f103xe.o(RESET)
    __main                                   0x08000131   Thumb Code     0  entry.o(.ARM.Collect$$$$00000000)
    _main_stk                                0x08000131   Thumb Code     0  entry2.o(.ARM.Collect$$$$00000001)
    _main_scatterload                        0x08000135   Thumb Code     0  entry5.o(.ARM.Collect$$$$00000004)
    __main_after_scatterload                 0x08000139   Thumb Code     0  entry5.o(.ARM.Collect$$$$00000004)
    _main_clock                              0x08000139   Thumb Code     0  entry7b.o(.ARM.Collect$$$$00000008)
    _main_cpp_init                           0x08000139   Thumb Code     0  entry8b.o(.ARM.Collect$$$$0000000A)
    _main_init                               0x08000139   Thumb Code     0  entry9a.o(.ARM.Collect$$$$0000000B)
    __rt_final_cpp                           0x08000141   Thumb Code     0  entry10a.o(.ARM.Collect$$$$0000000D)
    __rt_final_exit                          0x08000141   Thumb Code     0  entry11a.o(.ARM.Collect$$$$0000000F)
    Reset_Handler                            0x08000145   Thumb Code     8  startup_stm32f103xe.o(.text)
    ADC1_2_IRQHandler                        0x0800015f   Thumb Code     0  startup_stm32f103xe.o(.text)
    ADC3_IRQHandler                          0x0800015f   Thumb Code     0  startup_stm32f103xe.o(.text)
    CAN1_RX1_IRQHandler                      0x0800015f   Thumb Code     0  startup_stm32f103xe.o(.text)
    CAN1_SCE_IRQHandler                      0x0800015f   Thumb Code     0  startup_stm32f103xe.o(.text)
    DMA1_Channel1_IRQHandler                 0x0800015f   Thumb Code     0  startup_stm32f103xe.o(.text)
    DMA1_Channel2_IRQHandler                 0x0800015f   Thumb Code     0  startup_stm32f103xe.o(.text)
    DMA1_Channel3_IRQHandler                 0x0800015f   Thumb Code     0  startup_stm32f103xe.o(.text)
    DMA1_Channel6_IRQHandler                 0x0800015f   Thumb Code     0  startup_stm32f103xe.o(.text)
    DMA1_Channel7_IRQHandler                 0x0800015f   Thumb Code     0  startup_stm32f103xe.o(.text)
    DMA2_Channel1_IRQHandler                 0x0800015f   Thumb Code     0  startup_stm32f103xe.o(.text)
    DMA2_Channel2_IRQHandler                 0x0800015f   Thumb Code     0  startup_stm32f103xe.o(.text)
    DMA2_Channel3_IRQHandler                 0x0800015f   Thumb Code     0  startup_stm32f103xe.o(.text)
    DMA2_Channel4_5_IRQHandler               0x0800015f   Thumb Code     0  startup_stm32f103xe.o(.text)
    EXTI0_IRQHandler                         0x0800015f   Thumb Code     0  startup_stm32f103xe.o(.text)
    EXTI15_10_IRQHandler                     0x0800015f   Thumb Code     0  startup_stm32f103xe.o(.text)
    EXTI1_IRQHandler                         0x0800015f   Thumb Code     0  startup_stm32f103xe.o(.text)
    EXTI2_IRQHandler                         0x0800015f   Thumb Code     0  startup_stm32f103xe.o(.text)
    EXTI3_IRQHandler                         0x0800015f   Thumb Code     0  startup_stm32f103xe.o(.text)
    EXTI4_IRQHandler                         0x0800015f   Thumb Code     0  startup_stm32f103xe.o(.text)
    EXTI9_5_IRQHandler                       0x0800015f   Thumb Code     0  startup_stm32f103xe.o(.text)
    FLASH_IRQHandler                         0x0800015f   Thumb Code     0  startup_stm32f103xe.o(.text)
    FSMC_IRQHandler                          0x0800015f   Thumb Code     0  startup_stm32f103xe.o(.text)
    I2C1_ER_IRQHandler                       0x0800015f   Thumb Code     0  startup_stm32f103xe.o(.text)
    I2C1_EV_IRQHandler                       0x0800015f   Thumb Code     0  startup_stm32f103xe.o(.text)
    I2C2_ER_IRQHandler                       0x0800015f   Thumb Code     0  startup_stm32f103xe.o(.text)
    I2C2_EV_IRQHandler                       0x0800015f   Thumb Code     0  startup_stm32f103xe.o(.text)
    PVD_IRQHandler                           0x0800015f   Thumb Code     0  startup_stm32f103xe.o(.text)
    RCC_IRQHandler                           0x0800015f   Thumb Code     0  startup_stm32f103xe.o(.text)
    RTC_Alarm_IRQHandler                     0x0800015f   Thumb Code     0  startup_stm32f103xe.o(.text)
    RTC_IRQHandler                           0x0800015f   Thumb Code     0  startup_stm32f103xe.o(.text)
    SDIO_IRQHandler                          0x0800015f   Thumb Code     0  startup_stm32f103xe.o(.text)
    SPI1_IRQHandler                          0x0800015f   Thumb Code     0  startup_stm32f103xe.o(.text)
    SPI2_IRQHandler                          0x0800015f   Thumb Code     0  startup_stm32f103xe.o(.text)
    SPI3_IRQHandler                          0x0800015f   Thumb Code     0  startup_stm32f103xe.o(.text)
    TAMPER_IRQHandler                        0x0800015f   Thumb Code     0  startup_stm32f103xe.o(.text)
    TIM1_BRK_IRQHandler                      0x0800015f   Thumb Code     0  startup_stm32f103xe.o(.text)
    TIM1_CC_IRQHandler                       0x0800015f   Thumb Code     0  startup_stm32f103xe.o(.text)
    TIM1_TRG_COM_IRQHandler                  0x0800015f   Thumb Code     0  startup_stm32f103xe.o(.text)
    TIM1_UP_IRQHandler                       0x0800015f   Thumb Code     0  startup_stm32f103xe.o(.text)
    TIM2_IRQHandler                          0x0800015f   Thumb Code     0  startup_stm32f103xe.o(.text)
    TIM5_IRQHandler                          0x0800015f   Thumb Code     0  startup_stm32f103xe.o(.text)
    TIM6_IRQHandler                          0x0800015f   Thumb Code     0  startup_stm32f103xe.o(.text)
    TIM7_IRQHandler                          0x0800015f   Thumb Code     0  startup_stm32f103xe.o(.text)
    TIM8_BRK_IRQHandler                      0x0800015f   Thumb Code     0  startup_stm32f103xe.o(.text)
    TIM8_CC_IRQHandler                       0x0800015f   Thumb Code     0  startup_stm32f103xe.o(.text)
    TIM8_TRG_COM_IRQHandler                  0x0800015f   Thumb Code     0  startup_stm32f103xe.o(.text)
    TIM8_UP_IRQHandler                       0x0800015f   Thumb Code     0  startup_stm32f103xe.o(.text)
    UART4_IRQHandler                         0x0800015f   Thumb Code     0  startup_stm32f103xe.o(.text)
    UART5_IRQHandler                         0x0800015f   Thumb Code     0  startup_stm32f103xe.o(.text)
    USART2_IRQHandler                        0x0800015f   Thumb Code     0  startup_stm32f103xe.o(.text)
    USART3_IRQHandler                        0x0800015f   Thumb Code     0  startup_stm32f103xe.o(.text)
    USBWakeUp_IRQHandler                     0x0800015f   Thumb Code     0  startup_stm32f103xe.o(.text)
    USB_HP_CAN1_TX_IRQHandler                0x0800015f   Thumb Code     0  startup_stm32f103xe.o(.text)
    USB_LP_CAN1_RX0_IRQHandler               0x0800015f   Thumb Code     0  startup_stm32f103xe.o(.text)
    WWDG_IRQHandler                          0x0800015f   Thumb Code     0  startup_stm32f103xe.o(.text)
    __aeabi_llsr                             0x08000169   Thumb Code    32  llushr.o(.text)
    _ll_ushift_r                             0x08000169   Thumb Code     0  llushr.o(.text)
    __aeabi_memcpy                           0x08000189   Thumb Code    36  memcpya.o(.text)
    __aeabi_memcpy4                          0x08000189   Thumb Code     0  memcpya.o(.text)
    __aeabi_memcpy8                          0x08000189   Thumb Code     0  memcpya.o(.text)
    __aeabi_memset                           0x080001ad   Thumb Code    14  memseta.o(.text)
    __aeabi_memset4                          0x080001ad   Thumb Code     0  memseta.o(.text)
    __aeabi_memset8                          0x080001ad   Thumb Code     0  memseta.o(.text)
    __aeabi_memclr                           0x080001bb   Thumb Code     4  memseta.o(.text)
    __aeabi_memclr4                          0x080001bb   Thumb Code     0  memseta.o(.text)
    __aeabi_memclr8                          0x080001bb   Thumb Code     0  memseta.o(.text)
    _memset$wrapper                          0x080001bf   Thumb Code    18  memseta.o(.text)
    strlen                                   0x080001d1   Thumb Code    14  strlen.o(.text)
    strcpy                                   0x080001df   Thumb Code    18  strcpy.o(.text)
    __0sscanf                                0x080001f1   Thumb Code    48  __0sscanf.o(.text)
    _scanf_real                              0x08000351   Thumb Code     0  scanf_fp.o(.text)
    _scanf_really_real                       0x08000351   Thumb Code   556  scanf_fp.o(.text)
    __aeabi_dadd                             0x08000589   Thumb Code   322  dadd.o(.text)
    __aeabi_dsub                             0x080006cb   Thumb Code     6  dadd.o(.text)
    __aeabi_drsub                            0x080006d1   Thumb Code     6  dadd.o(.text)
    __aeabi_dmul                             0x080006d7   Thumb Code   228  dmul.o(.text)
    __ARM_scalbn                             0x080007bb   Thumb Code    46  dscalb.o(.text)
    scalbn                                   0x080007bb   Thumb Code     0  dscalb.o(.text)
    __aeabi_i2d                              0x080007e9   Thumb Code    34  dflti.o(.text)
    __aeabi_d2iz                             0x0800080b   Thumb Code    62  dfixi.o(.text)
    __aeabi_cdcmpeq                          0x08000849   Thumb Code     0  cdcmple.o(.text)
    __aeabi_cdcmple                          0x08000849   Thumb Code    48  cdcmple.o(.text)
    __aeabi_cdrcmple                         0x08000879   Thumb Code    48  cdrcmple.o(.text)
    __aeabi_d2f                              0x080008a9   Thumb Code    56  d2f.o(.text)
    __aeabi_uidiv                            0x080008e1   Thumb Code     0  uidiv.o(.text)
    __aeabi_uidivmod                         0x080008e1   Thumb Code    44  uidiv.o(.text)
    __aeabi_uldivmod                         0x0800090d   Thumb Code    98  uldiv.o(.text)
    __aeabi_llsl                             0x0800096f   Thumb Code    30  llshl.o(.text)
    _ll_shift_l                              0x0800096f   Thumb Code     0  llshl.o(.text)
    __aeabi_lasr                             0x0800098d   Thumb Code    36  llsshr.o(.text)
    _ll_sshift_r                             0x0800098d   Thumb Code     0  llsshr.o(.text)
    __vfscanf_char                           0x080009bd   Thumb Code    20  scanf_char.o(.text)
    _sgetc                                   0x080009d9   Thumb Code    30  _sgetc.o(.text)
    _sbackspace                              0x080009f7   Thumb Code    34  _sgetc.o(.text)
    __I$use$fp                               0x08000a19   Thumb Code     0  iusefp.o(.text)
    _float_round                             0x08000a19   Thumb Code    18  fepilogue.o(.text)
    _float_epilogue                          0x08000a2b   Thumb Code    92  fepilogue.o(.text)
    _double_round                            0x08000a87   Thumb Code    30  depilogue.o(.text)
    _double_epilogue                         0x08000aa5   Thumb Code   156  depilogue.o(.text)
    __aeabi_ddiv                             0x08000b41   Thumb Code   222  ddiv.o(.text)
    __aeabi_ul2d                             0x08000c1f   Thumb Code    24  dfltul.o(.text)
    __aeabi_d2ulz                            0x08000c37   Thumb Code    48  dfixul.o(.text)
    __scatterload                            0x08000c69   Thumb Code    28  init.o(.text)
    __scatterload_rt2                        0x08000c69   Thumb Code     0  init.o(.text)
    isspace                                  0x08000c8d   Thumb Code    10  isspace_c.o(.text)
    __vfscanf                                0x08000c99   Thumb Code   808  _scanf.o(.text)
    __ctype_lookup                           0x08000fc5   Thumb Code    34  ctype_c.o(.text)
    BusFault_Handler                         0x08000fed   Thumb Code     2  stm32f1xx_it.o(i.BusFault_Handler)
    DMA1_Channel4_IRQHandler                 0x08000ff1   Thumb Code     6  stm32f1xx_it.o(i.DMA1_Channel4_IRQHandler)
    DMA1_Channel5_IRQHandler                 0x08000ffd   Thumb Code     6  stm32f1xx_it.o(i.DMA1_Channel5_IRQHandler)
    DebugMon_Handler                         0x08001033   Thumb Code     2  stm32f1xx_it.o(i.DebugMon_Handler)
    Error_Handler                            0x08001035   Thumb Code     4  main.o(i.Error_Handler)
    HAL_DMA_Abort                            0x08001039   Thumb Code    70  stm32f1xx_hal_dma.o(i.HAL_DMA_Abort)
    HAL_DMA_Abort_IT                         0x08001081   Thumb Code   296  stm32f1xx_hal_dma.o(i.HAL_DMA_Abort_IT)
    HAL_DMA_GetState                         0x080011b1   Thumb Code     6  stm32f1xx_hal_dma.o(i.HAL_DMA_GetState)
    HAL_DMA_IRQHandler                       0x080011b9   Thumb Code   552  stm32f1xx_hal_dma.o(i.HAL_DMA_IRQHandler)
    HAL_DMA_Init                             0x08001401   Thumb Code   112  stm32f1xx_hal_dma.o(i.HAL_DMA_Init)
    HAL_DMA_Start_IT                         0x0800147d   Thumb Code   112  stm32f1xx_hal_dma.o(i.HAL_DMA_Start_IT)
    HAL_Delay                                0x080014ed   Thumb Code    32  stm32f1xx_hal.o(i.HAL_Delay)
    HAL_GPIO_Init                            0x08001511   Thumb Code   462  stm32f1xx_hal_gpio.o(i.HAL_GPIO_Init)
    HAL_GPIO_WritePin                        0x08001709   Thumb Code    10  stm32f1xx_hal_gpio.o(i.HAL_GPIO_WritePin)
    HAL_GetTick                              0x08001715   Thumb Code     6  stm32f1xx_hal.o(i.HAL_GetTick)
    HAL_IncTick                              0x08001721   Thumb Code    12  stm32f1xx_hal.o(i.HAL_IncTick)
    HAL_Init                                 0x08001731   Thumb Code    32  stm32f1xx_hal.o(i.HAL_Init)
    HAL_InitTick                             0x08001755   Thumb Code    54  stm32f1xx_hal.o(i.HAL_InitTick)
    HAL_MspInit                              0x08001795   Thumb Code    52  stm32f1xx_hal_msp.o(i.HAL_MspInit)
    HAL_NVIC_EnableIRQ                       0x080017d1   Thumb Code    26  stm32f1xx_hal_cortex.o(i.HAL_NVIC_EnableIRQ)
    HAL_NVIC_SetPriority                     0x080017ed   Thumb Code    60  stm32f1xx_hal_cortex.o(i.HAL_NVIC_SetPriority)
    HAL_NVIC_SetPriorityGrouping             0x0800182d   Thumb Code    26  stm32f1xx_hal_cortex.o(i.HAL_NVIC_SetPriorityGrouping)
    HAL_RCC_ClockConfig                      0x08001851   Thumb Code   280  stm32f1xx_hal_rcc.o(i.HAL_RCC_ClockConfig)
    HAL_RCC_GetPCLK1Freq                     0x0800197d   Thumb Code    20  stm32f1xx_hal_rcc.o(i.HAL_RCC_GetPCLK1Freq)
    HAL_RCC_GetPCLK2Freq                     0x0800199d   Thumb Code    20  stm32f1xx_hal_rcc.o(i.HAL_RCC_GetPCLK2Freq)
    HAL_RCC_GetSysClockFreq                  0x080019bd   Thumb Code    74  stm32f1xx_hal_rcc.o(i.HAL_RCC_GetSysClockFreq)
    HAL_RCC_OscConfig                        0x08001a29   Thumb Code   778  stm32f1xx_hal_rcc.o(i.HAL_RCC_OscConfig)
    HAL_SYSTICK_Config                       0x08001d49   Thumb Code    40  stm32f1xx_hal_cortex.o(i.HAL_SYSTICK_Config)
    HAL_TIMEx_BreakCallback                  0x08001d71   Thumb Code     2  stm32f1xx_hal_tim_ex.o(i.HAL_TIMEx_BreakCallback)
    HAL_TIMEx_CommutCallback                 0x08001d73   Thumb Code     2  stm32f1xx_hal_tim_ex.o(i.HAL_TIMEx_CommutCallback)
    HAL_TIMEx_MasterConfigSynchronization    0x08001d75   Thumb Code   104  stm32f1xx_hal_tim_ex.o(i.HAL_TIMEx_MasterConfigSynchronization)
    HAL_TIM_Base_Init                        0x08001df1   Thumb Code    90  stm32f1xx_hal_tim.o(i.HAL_TIM_Base_Init)
    HAL_TIM_Base_MspInit                     0x08001e4d   Thumb Code    86  tim.o(i.HAL_TIM_Base_MspInit)
    HAL_TIM_ConfigClockSource                0x08001eb1   Thumb Code   214  stm32f1xx_hal_tim.o(i.HAL_TIM_ConfigClockSource)
    HAL_TIM_IC_CaptureCallback               0x08001f87   Thumb Code     2  stm32f1xx_hal_tim.o(i.HAL_TIM_IC_CaptureCallback)
    HAL_TIM_IRQHandler                       0x08001f89   Thumb Code   358  stm32f1xx_hal_tim.o(i.HAL_TIM_IRQHandler)
    HAL_TIM_OC_DelayElapsedCallback          0x080020ef   Thumb Code     2  stm32f1xx_hal_tim.o(i.HAL_TIM_OC_DelayElapsedCallback)
    HAL_TIM_PWM_PulseFinishedCallback        0x080020f1   Thumb Code     2  stm32f1xx_hal_tim.o(i.HAL_TIM_PWM_PulseFinishedCallback)
    HAL_TIM_PeriodElapsedCallback            0x080020f3   Thumb Code     2  stm32f1xx_hal_tim.o(i.HAL_TIM_PeriodElapsedCallback)
    HAL_TIM_TriggerCallback                  0x080020f5   Thumb Code     2  stm32f1xx_hal_tim.o(i.HAL_TIM_TriggerCallback)
    HAL_UARTEx_RxEventCallback               0x080020f7   Thumb Code     2  stm32f1xx_hal_uart.o(i.HAL_UARTEx_RxEventCallback)
    HAL_UART_ErrorCallback                   0x080020f9   Thumb Code     2  stm32f1xx_hal_uart.o(i.HAL_UART_ErrorCallback)
    HAL_UART_IRQHandler                      0x080020fd   Thumb Code   520  stm32f1xx_hal_uart.o(i.HAL_UART_IRQHandler)
    HAL_UART_Init                            0x08002309   Thumb Code    98  stm32f1xx_hal_uart.o(i.HAL_UART_Init)
    HAL_UART_MspInit                         0x0800236d   Thumb Code   330  usart.o(i.HAL_UART_MspInit)
    HAL_UART_Receive_DMA                     0x080024d9   Thumb Code    42  stm32f1xx_hal_uart.o(i.HAL_UART_Receive_DMA)
    HAL_UART_Receive_IT                      0x08002503   Thumb Code    42  stm32f1xx_hal_uart.o(i.HAL_UART_Receive_IT)
    HAL_UART_RxCpltCallback                  0x0800252d   Thumb Code    64  connect.o(i.HAL_UART_RxCpltCallback)
    HAL_UART_RxHalfCpltCallback              0x0800257d   Thumb Code     2  stm32f1xx_hal_uart.o(i.HAL_UART_RxHalfCpltCallback)
    HAL_UART_Transmit_DMA                    0x08002581   Thumb Code   114  stm32f1xx_hal_uart.o(i.HAL_UART_Transmit_DMA)
    HAL_UART_TxCpltCallback                  0x08002601   Thumb Code     2  stm32f1xx_hal_uart.o(i.HAL_UART_TxCpltCallback)
    HAL_UART_TxHalfCpltCallback              0x08002603   Thumb Code     2  stm32f1xx_hal_uart.o(i.HAL_UART_TxHalfCpltCallback)
    HardFault_Handler                        0x08002605   Thumb Code     2  stm32f1xx_it.o(i.HardFault_Handler)
    MX_DMA_Init                              0x08002609   Thumb Code    56  dma.o(i.MX_DMA_Init)
    MX_GPIO_Init                             0x08002645   Thumb Code   218  gpio.o(i.MX_GPIO_Init)
    MX_TIM3_Init                             0x08002731   Thumb Code    96  tim.o(i.MX_TIM3_Init)
    MX_TIM4_Init                             0x08002799   Thumb Code    96  tim.o(i.MX_TIM4_Init)
    MX_USART1_UART_Init                      0x08002801   Thumb Code    48  usart.o(i.MX_USART1_UART_Init)
    MX_USART2_UART_Init                      0x08002839   Thumb Code    48  usart.o(i.MX_USART2_UART_Init)
    MX_USART3_UART_Init                      0x08002871   Thumb Code    48  usart.o(i.MX_USART3_UART_Init)
    MemManage_Handler                        0x080028a9   Thumb Code     2  stm32f1xx_it.o(i.MemManage_Handler)
    NMI_Handler                              0x080028ab   Thumb Code     2  stm32f1xx_it.o(i.NMI_Handler)
    PendSV_Handler                           0x080028ad   Thumb Code     2  stm32f1xx_it.o(i.PendSV_Handler)
    SVC_Handler                              0x080028af   Thumb Code     2  stm32f1xx_it.o(i.SVC_Handler)
    SysTick_Handler                          0x080028b1   Thumb Code     4  stm32f1xx_it.o(i.SysTick_Handler)
    SystemClock_Config                       0x080028b5   Thumb Code    94  main.o(i.SystemClock_Config)
    SystemInit                               0x08002913   Thumb Code     2  system_stm32f1xx.o(i.SystemInit)
    TIM3_IRQHandler                          0x08002915   Thumb Code     6  stm32f1xx_it.o(i.TIM3_IRQHandler)
    TIM4_IRQHandler                          0x08002921   Thumb Code     6  stm32f1xx_it.o(i.TIM4_IRQHandler)
    TIM_Base_SetConfig                       0x0800292d   Thumb Code   120  stm32f1xx_hal_tim.o(i.TIM_Base_SetConfig)
    TIM_ETR_SetConfig                        0x080029b9   Thumb Code    20  stm32f1xx_hal_tim.o(i.TIM_ETR_SetConfig)
    UART_Start_Receive_DMA                   0x08002cd9   Thumb Code    98  stm32f1xx_hal_uart.o(i.UART_Start_Receive_DMA)
    UART_Start_Receive_IT                    0x08002d49   Thumb Code    54  stm32f1xx_hal_uart.o(i.UART_Start_Receive_IT)
    USART1_IRQHandler                        0x08002d81   Thumb Code     6  stm32f1xx_it.o(i.USART1_IRQHandler)
    UsageFault_Handler                       0x08002d8d   Thumb Code     2  stm32f1xx_it.o(i.UsageFault_Handler)
    __0sprintf                               0x08002d91   Thumb Code    34  printfa.o(i.__0sprintf)
    __1sprintf                               0x08002d91   Thumb Code     0  printfa.o(i.__0sprintf)
    __2sprintf                               0x08002d91   Thumb Code     0  printfa.o(i.__0sprintf)
    __c89sprintf                             0x08002d91   Thumb Code     0  printfa.o(i.__0sprintf)
    sprintf                                  0x08002d91   Thumb Code     0  printfa.o(i.__0sprintf)
    free                                     0x08002dd9   Thumb Code    88  mallocr.o(i.__free$realloc)
    malloc                                   0x08002e35   Thumb Code    64  mallocr.o(i.__malloc$realloc)
    __scatterload_copy                       0x08002e85   Thumb Code    14  handlers.o(i.__scatterload_copy)
    __scatterload_null                       0x08002e93   Thumb Code     2  handlers.o(i.__scatterload_null)
    __scatterload_zeroinit                   0x08002e95   Thumb Code    14  handlers.o(i.__scatterload_zeroinit)
    _is_digit                                0x08003029   Thumb Code    14  scanf_fp.o(i._is_digit)
    cJSON_AddItemToObject                    0x080037f5   Thumb Code    14  cjson.o(i.cJSON_AddItemToObject)
    cJSON_AddNumberToObject                  0x08003809   Thumb Code    46  cjson.o(i.cJSON_AddNumberToObject)
    cJSON_AddStringToObject                  0x0800383d   Thumb Code    44  cjson.o(i.cJSON_AddStringToObject)
    cJSON_CreateNumber                       0x0800386d   Thumb Code    78  cjson.o(i.cJSON_CreateNumber)
    cJSON_CreateObject                       0x080038cd   Thumb Code    18  cjson.o(i.cJSON_CreateObject)
    cJSON_CreateString                       0x080038e5   Thumb Code    44  cjson.o(i.cJSON_CreateString)
    cJSON_Delete                             0x08003915   Thumb Code    66  cjson.o(i.cJSON_Delete)
    cJSON_Print                              0x08003975   Thumb Code     8  cjson.o(i.cJSON_Print)
    main                                     0x08003add   Thumb Code   132  main.o(i.main)
    my_uart1_enable_interrupt                0x08003ba5   Thumb Code    10  connect.o(i.my_uart1_enable_interrupt)
    my_uart1_send_data                       0x08003bb9   Thumb Code    38  connect.o(i.my_uart1_send_data)
    realloc                                  0x08004149   Thumb Code   102  mallocr.o(i.realloc)
    AHBPrescTable                            0x080041d0   Data          16  system_stm32f1xx.o(.constdata)
    APBPrescTable                            0x080041e0   Data           8  system_stm32f1xx.o(.constdata)
    __ctype_categories                       0x080041e8   Data          64  ctype_c.o(.constdata)
    Region$$Table$$Base                      0x08004228   Number         0  anon$$obj.o(Region$$Table)
    Region$$Table$$Limit                     0x08004248   Number         0  anon$$obj.o(Region$$Table)
    top                                      0x20000000   Data           1  connect.o(.data)
    received_data                            0x20000001   Data           1  connect.o(.data)
    uwTickFreq                               0x20000018   Data           1  stm32f1xx_hal.o(.data)
    uwTickPrio                               0x2000001c   Data           4  stm32f1xx_hal.o(.data)
    uwTick                                   0x20000020   Data           4  stm32f1xx_hal.o(.data)
    SystemCoreClock                          0x20000024   Data           4  system_stm32f1xx.o(.data)
    __microlib_freelist                      0x20000028   Data           4  mvars.o(.data)
    __microlib_freelist_initialised          0x2000002c   Data           4  mvars.o(.data)
    data_buf                                 0x20000030   Data         200  connect.o(.bss)
    htim3                                    0x200000f8   Data          72  tim.o(.bss)
    htim4                                    0x20000140   Data          72  tim.o(.bss)
    huart1                                   0x20000188   Data          68  usart.o(.bss)
    huart2                                   0x200001cc   Data          68  usart.o(.bss)
    huart3                                   0x20000210   Data          68  usart.o(.bss)
    hdma_usart1_tx                           0x20000254   Data          68  usart.o(.bss)
    hdma_usart1_rx                           0x20000298   Data          68  usart.o(.bss)
    __heap_base                              0x200002e0   Data           0  startup_stm32f103xe.o(HEAP)
    __heap_limit                             0x200004e0   Data           0  startup_stm32f103xe.o(HEAP)
    __initial_sp                             0x200008e0   Data           0  startup_stm32f103xe.o(STACK)



==============================================================================

Memory Map of the image

  Image Entry point : 0x08000131

  Load Region LR_IROM1 (Base: 0x08000000, Size: 0x00004278, Max: 0x00040000, ABSOLUTE)

    Execution Region ER_IROM1 (Exec base: 0x08000000, Load base: 0x08000000, Size: 0x00004248, Max: 0x00040000, ABSOLUTE)

    Exec Addr    Load Addr    Size         Type   Attr      Idx    E Section Name        Object

    0x08000000   0x08000000   0x00000130   Data   RO            3    RESET               startup_stm32f103xe.o
    0x08000130   0x08000130   0x00000000   Code   RO         3752  * .ARM.Collect$$$$00000000  mc_w.l(entry.o)
    0x08000130   0x08000130   0x00000004   Code   RO         4096    .ARM.Collect$$$$00000001  mc_w.l(entry2.o)
    0x08000134   0x08000134   0x00000004   Code   RO         4099    .ARM.Collect$$$$00000004  mc_w.l(entry5.o)
    0x08000138   0x08000138   0x00000000   Code   RO         4101    .ARM.Collect$$$$00000008  mc_w.l(entry7b.o)
    0x08000138   0x08000138   0x00000000   Code   RO         4103    .ARM.Collect$$$$0000000A  mc_w.l(entry8b.o)
    0x08000138   0x08000138   0x00000008   Code   RO         4104    .ARM.Collect$$$$0000000B  mc_w.l(entry9a.o)
    0x08000140   0x08000140   0x00000000   Code   RO         4106    .ARM.Collect$$$$0000000D  mc_w.l(entry10a.o)
    0x08000140   0x08000140   0x00000000   Code   RO         4108    .ARM.Collect$$$$0000000F  mc_w.l(entry11a.o)
    0x08000140   0x08000140   0x00000004   Code   RO         4097    .ARM.Collect$$$$00002712  mc_w.l(entry2.o)
    0x08000144   0x08000144   0x00000024   Code   RO            4    .text               startup_stm32f103xe.o
    0x08000168   0x08000168   0x00000020   Code   RO         3755    .text               mc_w.l(llushr.o)
    0x08000188   0x08000188   0x00000024   Code   RO         3759    .text               mc_w.l(memcpya.o)
    0x080001ac   0x080001ac   0x00000024   Code   RO         3761    .text               mc_w.l(memseta.o)
    0x080001d0   0x080001d0   0x0000000e   Code   RO         3763    .text               mc_w.l(strlen.o)
    0x080001de   0x080001de   0x00000012   Code   RO         3767    .text               mc_w.l(strcpy.o)
    0x080001f0   0x080001f0   0x00000038   Code   RO         4062    .text               mc_w.l(__0sscanf.o)
    0x08000228   0x08000228   0x00000360   Code   RO         4064    .text               mc_w.l(scanf_fp.o)
    0x08000588   0x08000588   0x0000014e   Code   RO         4072    .text               mf_w.l(dadd.o)
    0x080006d6   0x080006d6   0x000000e4   Code   RO         4074    .text               mf_w.l(dmul.o)
    0x080007ba   0x080007ba   0x0000002e   Code   RO         4076    .text               mf_w.l(dscalb.o)
    0x080007e8   0x080007e8   0x00000022   Code   RO         4080    .text               mf_w.l(dflti.o)
    0x0800080a   0x0800080a   0x0000003e   Code   RO         4084    .text               mf_w.l(dfixi.o)
    0x08000848   0x08000848   0x00000030   Code   RO         4088    .text               mf_w.l(cdcmple.o)
    0x08000878   0x08000878   0x00000030   Code   RO         4090    .text               mf_w.l(cdrcmple.o)
    0x080008a8   0x080008a8   0x00000038   Code   RO         4092    .text               mf_w.l(d2f.o)
    0x080008e0   0x080008e0   0x0000002c   Code   RO         4111    .text               mc_w.l(uidiv.o)
    0x0800090c   0x0800090c   0x00000062   Code   RO         4113    .text               mc_w.l(uldiv.o)
    0x0800096e   0x0800096e   0x0000001e   Code   RO         4115    .text               mc_w.l(llshl.o)
    0x0800098c   0x0800098c   0x00000024   Code   RO         4117    .text               mc_w.l(llsshr.o)
    0x080009b0   0x080009b0   0x00000028   Code   RO         4121    .text               mc_w.l(scanf_char.o)
    0x080009d8   0x080009d8   0x00000040   Code   RO         4123    .text               mc_w.l(_sgetc.o)
    0x08000a18   0x08000a18   0x00000000   Code   RO         4127    .text               mc_w.l(iusefp.o)
    0x08000a18   0x08000a18   0x0000006e   Code   RO         4128    .text               mf_w.l(fepilogue.o)
    0x08000a86   0x08000a86   0x000000ba   Code   RO         4130    .text               mf_w.l(depilogue.o)
    0x08000b40   0x08000b40   0x000000de   Code   RO         4132    .text               mf_w.l(ddiv.o)
    0x08000c1e   0x08000c1e   0x00000018   Code   RO         4134    .text               mf_w.l(dfltul.o)
    0x08000c36   0x08000c36   0x00000030   Code   RO         4136    .text               mf_w.l(dfixul.o)
    0x08000c66   0x08000c66   0x00000002   PAD
    0x08000c68   0x08000c68   0x00000024   Code   RO         4138    .text               mc_w.l(init.o)
    0x08000c8c   0x08000c8c   0x0000000a   Code   RO         4140    .text               mc_w.l(isspace_c.o)
    0x08000c96   0x08000c96   0x00000002   PAD
    0x08000c98   0x08000c98   0x0000032c   Code   RO         4142    .text               mc_w.l(_scanf.o)
    0x08000fc4   0x08000fc4   0x00000028   Code   RO         4144    .text               mc_w.l(ctype_c.o)
    0x08000fec   0x08000fec   0x00000002   Code   RO          620    i.BusFault_Handler  stm32f1xx_it.o
    0x08000fee   0x08000fee   0x00000002   PAD
    0x08000ff0   0x08000ff0   0x0000000c   Code   RO          621    i.DMA1_Channel4_IRQHandler  stm32f1xx_it.o
    0x08000ffc   0x08000ffc   0x0000000c   Code   RO          622    i.DMA1_Channel5_IRQHandler  stm32f1xx_it.o
    0x08001008   0x08001008   0x0000002a   Code   RO         2759    i.DMA_SetConfig     stm32f1xx_hal_dma.o
    0x08001032   0x08001032   0x00000002   Code   RO          623    i.DebugMon_Handler  stm32f1xx_it.o
    0x08001034   0x08001034   0x00000004   Code   RO          410    i.Error_Handler     main.o
    0x08001038   0x08001038   0x00000046   Code   RO         2760    i.HAL_DMA_Abort     stm32f1xx_hal_dma.o
    0x0800107e   0x0800107e   0x00000002   PAD
    0x08001080   0x08001080   0x00000130   Code   RO         2761    i.HAL_DMA_Abort_IT  stm32f1xx_hal_dma.o
    0x080011b0   0x080011b0   0x00000006   Code   RO         2764    i.HAL_DMA_GetState  stm32f1xx_hal_dma.o
    0x080011b6   0x080011b6   0x00000002   PAD
    0x080011b8   0x080011b8   0x00000248   Code   RO         2765    i.HAL_DMA_IRQHandler  stm32f1xx_hal_dma.o
    0x08001400   0x08001400   0x0000007c   Code   RO         2766    i.HAL_DMA_Init      stm32f1xx_hal_dma.o
    0x0800147c   0x0800147c   0x00000070   Code   RO         2770    i.HAL_DMA_Start_IT  stm32f1xx_hal_dma.o
    0x080014ec   0x080014ec   0x00000024   Code   RO         2388    i.HAL_Delay         stm32f1xx_hal.o
    0x08001510   0x08001510   0x000001f8   Code   RO         2696    i.HAL_GPIO_Init     stm32f1xx_hal_gpio.o
    0x08001708   0x08001708   0x0000000a   Code   RO         2700    i.HAL_GPIO_WritePin  stm32f1xx_hal_gpio.o
    0x08001712   0x08001712   0x00000002   PAD
    0x08001714   0x08001714   0x0000000c   Code   RO         2392    i.HAL_GetTick       stm32f1xx_hal.o
    0x08001720   0x08001720   0x00000010   Code   RO         2398    i.HAL_IncTick       stm32f1xx_hal.o
    0x08001730   0x08001730   0x00000024   Code   RO         2399    i.HAL_Init          stm32f1xx_hal.o
    0x08001754   0x08001754   0x00000040   Code   RO         2400    i.HAL_InitTick      stm32f1xx_hal.o
    0x08001794   0x08001794   0x0000003c   Code   RO          726    i.HAL_MspInit       stm32f1xx_hal_msp.o
    0x080017d0   0x080017d0   0x0000001a   Code   RO         2856    i.HAL_NVIC_EnableIRQ  stm32f1xx_hal_cortex.o
    0x080017ea   0x080017ea   0x00000002   PAD
    0x080017ec   0x080017ec   0x00000040   Code   RO         2862    i.HAL_NVIC_SetPriority  stm32f1xx_hal_cortex.o
    0x0800182c   0x0800182c   0x00000024   Code   RO         2863    i.HAL_NVIC_SetPriorityGrouping  stm32f1xx_hal_cortex.o
    0x08001850   0x08001850   0x0000012c   Code   RO         2556    i.HAL_RCC_ClockConfig  stm32f1xx_hal_rcc.o
    0x0800197c   0x0800197c   0x00000020   Code   RO         2563    i.HAL_RCC_GetPCLK1Freq  stm32f1xx_hal_rcc.o
    0x0800199c   0x0800199c   0x00000020   Code   RO         2564    i.HAL_RCC_GetPCLK2Freq  stm32f1xx_hal_rcc.o
    0x080019bc   0x080019bc   0x0000006c   Code   RO         2565    i.HAL_RCC_GetSysClockFreq  stm32f1xx_hal_rcc.o
    0x08001a28   0x08001a28   0x00000320   Code   RO         2568    i.HAL_RCC_OscConfig  stm32f1xx_hal_rcc.o
    0x08001d48   0x08001d48   0x00000028   Code   RO         2867    i.HAL_SYSTICK_Config  stm32f1xx_hal_cortex.o
    0x08001d70   0x08001d70   0x00000002   Code   RO         2114    i.HAL_TIMEx_BreakCallback  stm32f1xx_hal_tim_ex.o
    0x08001d72   0x08001d72   0x00000002   Code   RO         2115    i.HAL_TIMEx_CommutCallback  stm32f1xx_hal_tim_ex.o
    0x08001d74   0x08001d74   0x0000007c   Code   RO         2133    i.HAL_TIMEx_MasterConfigSynchronization  stm32f1xx_hal_tim_ex.o
    0x08001df0   0x08001df0   0x0000005a   Code   RO         1410    i.HAL_TIM_Base_Init  stm32f1xx_hal_tim.o
    0x08001e4a   0x08001e4a   0x00000002   PAD
    0x08001e4c   0x08001e4c   0x00000064   Code   RO          519    i.HAL_TIM_Base_MspInit  tim.o
    0x08001eb0   0x08001eb0   0x000000d6   Code   RO         1419    i.HAL_TIM_ConfigClockSource  stm32f1xx_hal_tim.o
    0x08001f86   0x08001f86   0x00000002   Code   RO         1444    i.HAL_TIM_IC_CaptureCallback  stm32f1xx_hal_tim.o
    0x08001f88   0x08001f88   0x00000166   Code   RO         1458    i.HAL_TIM_IRQHandler  stm32f1xx_hal_tim.o
    0x080020ee   0x080020ee   0x00000002   Code   RO         1461    i.HAL_TIM_OC_DelayElapsedCallback  stm32f1xx_hal_tim.o
    0x080020f0   0x080020f0   0x00000002   Code   RO         1488    i.HAL_TIM_PWM_PulseFinishedCallback  stm32f1xx_hal_tim.o
    0x080020f2   0x080020f2   0x00000002   Code   RO         1496    i.HAL_TIM_PeriodElapsedCallback  stm32f1xx_hal_tim.o
    0x080020f4   0x080020f4   0x00000002   Code   RO         1501    i.HAL_TIM_TriggerCallback  stm32f1xx_hal_tim.o
    0x080020f6   0x080020f6   0x00000002   Code   RO         3367    i.HAL_UARTEx_RxEventCallback  stm32f1xx_hal_uart.o
    0x080020f8   0x080020f8   0x00000002   Code   RO         3381    i.HAL_UART_ErrorCallback  stm32f1xx_hal_uart.o
    0x080020fa   0x080020fa   0x00000002   PAD
    0x080020fc   0x080020fc   0x0000020c   Code   RO         3384    i.HAL_UART_IRQHandler  stm32f1xx_hal_uart.o
    0x08002308   0x08002308   0x00000062   Code   RO         3385    i.HAL_UART_Init     stm32f1xx_hal_uart.o
    0x0800236a   0x0800236a   0x00000002   PAD
    0x0800236c   0x0800236c   0x0000016c   Code   RO          567    i.HAL_UART_MspInit  usart.o
    0x080024d8   0x080024d8   0x0000002a   Code   RO         3389    i.HAL_UART_Receive_DMA  stm32f1xx_hal_uart.o
    0x08002502   0x08002502   0x0000002a   Code   RO         3390    i.HAL_UART_Receive_IT  stm32f1xx_hal_uart.o
    0x0800252c   0x0800252c   0x00000050   Code   RO          351    i.HAL_UART_RxCpltCallback  connect.o
    0x0800257c   0x0800257c   0x00000002   Code   RO         3392    i.HAL_UART_RxHalfCpltCallback  stm32f1xx_hal_uart.o
    0x0800257e   0x0800257e   0x00000002   PAD
    0x08002580   0x08002580   0x00000080   Code   RO         3394    i.HAL_UART_Transmit_DMA  stm32f1xx_hal_uart.o
    0x08002600   0x08002600   0x00000002   Code   RO         3396    i.HAL_UART_TxCpltCallback  stm32f1xx_hal_uart.o
    0x08002602   0x08002602   0x00000002   Code   RO         3397    i.HAL_UART_TxHalfCpltCallback  stm32f1xx_hal_uart.o
    0x08002604   0x08002604   0x00000002   Code   RO          624    i.HardFault_Handler  stm32f1xx_it.o
    0x08002606   0x08002606   0x00000002   PAD
    0x08002608   0x08002608   0x0000003c   Code   RO          494    i.MX_DMA_Init       dma.o
    0x08002644   0x08002644   0x000000ec   Code   RO          470    i.MX_GPIO_Init      gpio.o
    0x08002730   0x08002730   0x00000068   Code   RO          520    i.MX_TIM3_Init      tim.o
    0x08002798   0x08002798   0x00000068   Code   RO          521    i.MX_TIM4_Init      tim.o
    0x08002800   0x08002800   0x00000038   Code   RO          568    i.MX_USART1_UART_Init  usart.o
    0x08002838   0x08002838   0x00000038   Code   RO          569    i.MX_USART2_UART_Init  usart.o
    0x08002870   0x08002870   0x00000038   Code   RO          570    i.MX_USART3_UART_Init  usart.o
    0x080028a8   0x080028a8   0x00000002   Code   RO          625    i.MemManage_Handler  stm32f1xx_it.o
    0x080028aa   0x080028aa   0x00000002   Code   RO          626    i.NMI_Handler       stm32f1xx_it.o
    0x080028ac   0x080028ac   0x00000002   Code   RO          627    i.PendSV_Handler    stm32f1xx_it.o
    0x080028ae   0x080028ae   0x00000002   Code   RO          628    i.SVC_Handler       stm32f1xx_it.o
    0x080028b0   0x080028b0   0x00000004   Code   RO          629    i.SysTick_Handler   stm32f1xx_it.o
    0x080028b4   0x080028b4   0x0000005e   Code   RO          412    i.SystemClock_Config  main.o
    0x08002912   0x08002912   0x00000002   Code   RO         3714    i.SystemInit        system_stm32f1xx.o
    0x08002914   0x08002914   0x0000000c   Code   RO          630    i.TIM3_IRQHandler   stm32f1xx_it.o
    0x08002920   0x08002920   0x0000000c   Code   RO          631    i.TIM4_IRQHandler   stm32f1xx_it.o
    0x0800292c   0x0800292c   0x0000008c   Code   RO         1503    i.TIM_Base_SetConfig  stm32f1xx_hal_tim.o
    0x080029b8   0x080029b8   0x00000014   Code   RO         1514    i.TIM_ETR_SetConfig  stm32f1xx_hal_tim.o
    0x080029cc   0x080029cc   0x00000010   Code   RO         1515    i.TIM_ITRx_SetConfig  stm32f1xx_hal_tim.o
    0x080029dc   0x080029dc   0x00000022   Code   RO         1521    i.TIM_TI1_ConfigInputStage  stm32f1xx_hal_tim.o
    0x080029fe   0x080029fe   0x00000024   Code   RO         1523    i.TIM_TI2_ConfigInputStage  stm32f1xx_hal_tim.o
    0x08002a22   0x08002a22   0x00000010   Code   RO         3398    i.UART_DMAAbortOnError  stm32f1xx_hal_uart.o
    0x08002a32   0x08002a32   0x0000004a   Code   RO         3399    i.UART_DMAError     stm32f1xx_hal_uart.o
    0x08002a7c   0x08002a7c   0x0000005a   Code   RO         3400    i.UART_DMAReceiveCplt  stm32f1xx_hal_uart.o
    0x08002ad6   0x08002ad6   0x0000001a   Code   RO         3402    i.UART_DMARxHalfCplt  stm32f1xx_hal_uart.o
    0x08002af0   0x08002af0   0x0000002e   Code   RO         3404    i.UART_DMATransmitCplt  stm32f1xx_hal_uart.o
    0x08002b1e   0x08002b1e   0x0000000a   Code   RO         3406    i.UART_DMATxHalfCplt  stm32f1xx_hal_uart.o
    0x08002b28   0x08002b28   0x00000030   Code   RO         3408    i.UART_EndRxTransfer  stm32f1xx_hal_uart.o
    0x08002b58   0x08002b58   0x00000012   Code   RO         3409    i.UART_EndTxTransfer  stm32f1xx_hal_uart.o
    0x08002b6a   0x08002b6a   0x000000b6   Code   RO         3410    i.UART_Receive_IT   stm32f1xx_hal_uart.o
    0x08002c20   0x08002c20   0x000000b8   Code   RO         3411    i.UART_SetConfig    stm32f1xx_hal_uart.o
    0x08002cd8   0x08002cd8   0x00000070   Code   RO         3412    i.UART_Start_Receive_DMA  stm32f1xx_hal_uart.o
    0x08002d48   0x08002d48   0x00000036   Code   RO         3413    i.UART_Start_Receive_IT  stm32f1xx_hal_uart.o
    0x08002d7e   0x08002d7e   0x00000002   PAD
    0x08002d80   0x08002d80   0x0000000c   Code   RO          632    i.USART1_IRQHandler  stm32f1xx_it.o
    0x08002d8c   0x08002d8c   0x00000002   Code   RO          633    i.UsageFault_Handler  stm32f1xx_it.o
    0x08002d8e   0x08002d8e   0x00000002   PAD
    0x08002d90   0x08002d90   0x00000028   Code   RO         4008    i.__0sprintf        mc_w.l(printfa.o)
    0x08002db8   0x08002db8   0x00000020   Code   RO         2869    i.__NVIC_SetPriority  stm32f1xx_hal_cortex.o
    0x08002dd8   0x08002dd8   0x0000005c   Code   RO         4038    i.__free$realloc    mc_w.l(mallocr.o)
    0x08002e34   0x08002e34   0x00000050   Code   RO         4039    i.__malloc$realloc  mc_w.l(mallocr.o)
    0x08002e84   0x08002e84   0x0000000e   Code   RO         4149    i.__scatterload_copy  mc_w.l(handlers.o)
    0x08002e92   0x08002e92   0x00000002   Code   RO         4150    i.__scatterload_null  mc_w.l(handlers.o)
    0x08002e94   0x08002e94   0x0000000e   Code   RO         4151    i.__scatterload_zeroinit  mc_w.l(handlers.o)
    0x08002ea2   0x08002ea2   0x00000002   PAD
    0x08002ea4   0x08002ea4   0x00000184   Code   RO         4013    i._fp_digits        mc_w.l(printfa.o)
    0x08003028   0x08003028   0x0000000e   Code   RO         4066    i._is_digit         mc_w.l(scanf_fp.o)
    0x08003036   0x08003036   0x00000002   PAD
    0x08003038   0x08003038   0x000006dc   Code   RO         4014    i._printf_core      mc_w.l(printfa.o)
    0x08003714   0x08003714   0x00000024   Code   RO         4015    i._printf_post_padding  mc_w.l(printfa.o)
    0x08003738   0x08003738   0x0000002e   Code   RO         4016    i._printf_pre_padding  mc_w.l(printfa.o)
    0x08003766   0x08003766   0x0000000a   Code   RO         4018    i._sputc            mc_w.l(printfa.o)
    0x08003770   0x08003770   0x0000002a   Code   RO          747    i.add_item_to_array  cjson.o
    0x0800379a   0x0800379a   0x0000005a   Code   RO          748    i.add_item_to_object  cjson.o
    0x080037f4   0x080037f4   0x00000014   Code   RO          756    i.cJSON_AddItemToObject  cjson.o
    0x08003808   0x08003808   0x00000034   Code   RO          759    i.cJSON_AddNumberToObject  cjson.o
    0x0800383c   0x0800383c   0x00000030   Code   RO          762    i.cJSON_AddStringToObject  cjson.o
    0x0800386c   0x0800386c   0x00000060   Code   RO          773    i.cJSON_CreateNumber  cjson.o
    0x080038cc   0x080038cc   0x00000018   Code   RO          774    i.cJSON_CreateObject  cjson.o
    0x080038e4   0x080038e4   0x00000030   Code   RO          777    i.cJSON_CreateString  cjson.o
    0x08003914   0x08003914   0x00000048   Code   RO          781    i.cJSON_Delete      cjson.o
    0x0800395c   0x0800395c   0x00000016   Code   RO          811    i.cJSON_New_Item    cjson.o
    0x08003972   0x08003972   0x00000002   PAD
    0x08003974   0x08003974   0x0000000c   Code   RO          816    i.cJSON_Print       cjson.o
    0x08003980   0x08003980   0x00000028   Code   RO          829    i.cJSON_strdup      cjson.o
    0x080039a8   0x080039a8   0x00000058   Code   RO          830    i.compare_double    cjson.o
    0x08003a00   0x08003a00   0x0000008a   Code   RO          832    i.ensure            cjson.o
    0x08003a8a   0x08003a8a   0x00000002   PAD
    0x08003a8c   0x08003a8c   0x00000050   Code   RO         4040    i.internal_alloc    mc_w.l(mallocr.o)
    0x08003adc   0x08003adc   0x000000c8   Code   RO          414    i.main              main.o
    0x08003ba4   0x08003ba4   0x00000014   Code   RO          352    i.my_uart1_enable_interrupt  connect.o
    0x08003bb8   0x08003bb8   0x00000030   Code   RO          353    i.my_uart1_send_data  connect.o
    0x08003be8   0x08003be8   0x00000098   Code   RO          842    i.print             cjson.o
    0x08003c80   0x08003c80   0x00000096   Code   RO          843    i.print_array       cjson.o
    0x08003d16   0x08003d16   0x00000002   PAD
    0x08003d18   0x08003d18   0x00000110   Code   RO          844    i.print_number      cjson.o
    0x08003e28   0x08003e28   0x00000140   Code   RO          845    i.print_object      cjson.o
    0x08003f68   0x08003f68   0x00000110   Code   RO          846    i.print_string_ptr  cjson.o
    0x08004078   0x08004078   0x000000d0   Code   RO          847    i.print_value       cjson.o
    0x08004148   0x08004148   0x0000006c   Code   RO         4041    i.realloc           mc_w.l(mallocr.o)
    0x080041b4   0x080041b4   0x0000001c   Code   RO          849    i.update_offset     cjson.o
    0x080041d0   0x080041d0   0x00000010   Data   RO         3715    .constdata          system_stm32f1xx.o
    0x080041e0   0x080041e0   0x00000008   Data   RO         3716    .constdata          system_stm32f1xx.o
    0x080041e8   0x080041e8   0x00000040   Data   RO         4145    .constdata          mc_w.l(ctype_c.o)
    0x08004228   0x08004228   0x00000020   Data   RO         4147    Region$$Table       anon$$obj.o


    Execution Region RW_IRAM1 (Exec base: 0x20000000, Load base: 0x08004248, Size: 0x000008e0, Max: 0x0000c000, ABSOLUTE)

    Exec Addr    Load Addr    Size         Type   Attr      Idx    E Section Name        Object

    0x20000000   0x08004248   0x00000002   Data   RW          356    .data               connect.o
    0x20000002   0x0800424a   0x00000002   PAD
    0x20000004   0x0800424c   0x00000014   Data   RW          852    .data               cjson.o
    0x20000018   0x08004260   0x0000000c   Data   RW         2406    .data               stm32f1xx_hal.o
    0x20000024   0x0800426c   0x00000004   Data   RW         3717    .data               system_stm32f1xx.o
    0x20000028   0x08004270   0x00000004   Data   RW         4119    .data               mc_w.l(mvars.o)
    0x2000002c   0x08004274   0x00000004   Data   RW         4120    .data               mc_w.l(mvars.o)
    0x20000030        -       0x000000c8   Zero   RW          355    .bss                connect.o
    0x200000f8        -       0x00000090   Zero   RW          522    .bss                tim.o
    0x20000188        -       0x00000154   Zero   RW          571    .bss                usart.o
    0x200002dc   0x08004278   0x00000004   PAD
    0x200002e0        -       0x00000200   Zero   RW            2    HEAP                startup_stm32f103xe.o
    0x200004e0        -       0x00000400   Zero   RW            1    STACK               startup_stm32f103xe.o


==============================================================================

Image component sizes


      Code (inc. data)   RO Data    RW Data    ZI Data      Debug   Object Name

      2194        130          0         20          0      25897   cjson.o
       148         36          0          2        200       3930   connect.o
        60          4          0          0          0        750   dma.o
       236         18          0          0          0        975   gpio.o
       298         68          0          0          0       2164   main.o
         0          0          0          0          0     485780   sensor.o
        36          8        304          0       1536        796   startup_stm32f103xe.o
       164         28          0         12          0       6445   stm32f1xx_hal.o
       198         14          0          0          0      28887   stm32f1xx_hal_cortex.o
      1242         52          0          0          0       5609   stm32f1xx_hal_dma.o
       514         42          0          0          0       2884   stm32f1xx_hal_gpio.o
        60          8          0          0          0        854   stm32f1xx_hal_msp.o
      1272        100          0          0          0       5140   stm32f1xx_hal_rcc.o
       918         20          0          0          0       9429   stm32f1xx_hal_tim.o
       128         20          0          0          0       2337   stm32f1xx_hal_tim_ex.o
      1704         38          0          0          0      15060   stm32f1xx_hal_uart.o
        80         30          0          0          0       5944   stm32f1xx_it.o
         2          0         24          4          0       1095   system_stm32f1xx.o
       308         30          0          0        144       2315   tim.o
       532         58          0          0        340       3158   usart.o

    ----------------------------------------------------------------------
     10124        704        360         40       2224     609449   Object Totals
         0          0         32          0          0          0   (incl. Generated)
        30          0          0          2          4          0   (incl. Padding)

    ----------------------------------------------------------------------

      Code (inc. data)   RO Data    RW Data    ZI Data      Debug   Library Member Name

        56          8          0          0          0         84   __0sscanf.o
       812          4          0          0          0        112   _scanf.o
        64          0          0          0          0         84   _sgetc.o
        40          6         64          0          0         68   ctype_c.o
         0          0          0          0          0          0   entry.o
         0          0          0          0          0          0   entry10a.o
         0          0          0          0          0          0   entry11a.o
         8          4          0          0          0          0   entry2.o
         4          0          0          0          0          0   entry5.o
         0          0          0          0          0          0   entry7b.o
         0          0          0          0          0          0   entry8b.o
         8          4          0          0          0          0   entry9a.o
        30          0          0          0          0          0   handlers.o
        36          8          0          0          0         68   init.o
        10          0          0          0          0         68   isspace_c.o
         0          0          0          0          0          0   iusefp.o
        30          0          0          0          0         68   llshl.o
        36          0          0          0          0         68   llsshr.o
        32          0          0          0          0         68   llushr.o
       360         30          0          0          0        356   mallocr.o
        36          0          0          0          0         68   memcpya.o
        36          0          0          0          0        108   memseta.o
         0          0          0          8          0          0   mvars.o
      2276         86          0          0          0        520   printfa.o
        40          8          0          0          0         84   scanf_char.o
       878         12          0          0          0        216   scanf_fp.o
        18          0          0          0          0         68   strcpy.o
        14          0          0          0          0         68   strlen.o
        44          0          0          0          0         80   uidiv.o
        98          0          0          0          0         92   uldiv.o
        48          0          0          0          0         68   cdcmple.o
        48          0          0          0          0         68   cdrcmple.o
        56          0          0          0          0         88   d2f.o
       334          0          0          0          0        148   dadd.o
       222          0          0          0          0        100   ddiv.o
       186          0          0          0          0        176   depilogue.o
        62          0          0          0          0         80   dfixi.o
        48          0          0          0          0         68   dfixul.o
        34          0          0          0          0         76   dflti.o
        24          0          0          0          0         76   dfltul.o
       228          0          0          0          0         96   dmul.o
        46          0          0          0          0         80   dscalb.o
       110          0          0          0          0        168   fepilogue.o

    ----------------------------------------------------------------------
      6420        170         64          8          0       3640   Library Totals
         8          0          0          0          0          0   (incl. Padding)

    ----------------------------------------------------------------------

      Code (inc. data)   RO Data    RW Data    ZI Data      Debug   Library Name

      4966        170         64          8          0       2348   mc_w.l
      1446          0          0          0          0       1292   mf_w.l

    ----------------------------------------------------------------------
      6420        170         64          8          0       3640   Library Totals

    ----------------------------------------------------------------------

==============================================================================


      Code (inc. data)   RO Data    RW Data    ZI Data      Debug   

     16544        874        424         48       2224     605493   Grand Totals
     16544        874        424         48       2224     605493   ELF Image Totals
     16544        874        424         48          0          0   ROM Totals

==============================================================================

    Total RO  Size (Code + RO Data)                16968 (  16.57kB)
    Total RW  Size (RW Data + ZI Data)              2272 (   2.22kB)
    Total ROM Size (Code + RO Data + RW Data)      17016 (  16.62kB)

==============================================================================

